# octane chromium/octane at 570ad1ccfe86e3eecba0636c8f932ac08edec517
# 37 files, content aab618b86ebe2f18229c18f0147943e9a1bac69967582563e120d4cea273b4c4
# judging src\compositions\Broiler.VM.Composition.JavaScript.Cli\bin\Release\net10.0\Broiler.VM.Composition.JavaScript.Cli.exe
--- richards (exit 0, 3s)
    start Richards
    result Richards 97.2
    score 97.2
    component 0.9724112149532719
--- deltablue (exit 0, 3s)
    start DeltaBlue
    result DeltaBlue 112
    score 112
    component 1.1152433734939775
--- crypto (exit 0, 47s)
    start Crypto
    result Crypto 90.2
    score 90.2
    component 0.9017258574468606
--- raytrace (exit 0, 16s)
    start RayTrace
    result RayTrace 175
    score 175
    component 1.749139738598443
--- navier-stokes (exit 0, 19s)
    start NavierStokes
    result NavierStokes 144
    score 144
    component 1.4433165157133314
# 5 of 5 benchmarks reported a score and exited zero
# 88s over 5 benchmarks, under a REQUESTED wall of 3600s each
#
# benchmark         score  ratios  seconds
# richards           97.2       1      3.5
# deltablue           112       1      3.4
# crypto             90.2       1     46.6
# raytrace            175       1     15.9
# navier-stokes       144       1     18.6
# PARTIAL AGGREGATE 119.8 over 5 of 15 benchmarks, 5 ratios - THIS IS NOT OCTANE'S SCORE.
# coverage partial|not selected: earley-boyer, regexp, splay, pdfjs, mandreel, gbemu, code-load, box2d, zlib, typescript
# A geometric mean over a subset is a real number about that subset and reads exactly
# like the whole one. It may not be compared with a whole run or with another subset.
# It is a number about this machine and this configuration. There is no baseline register
# for it, no control and no repetition; no document may retain it (roadmap section 17).
# report artifacts\fc\e11\octane-credit-r3.report
