# octane chromium/octane at 570ad1ccfe86e3eecba0636c8f932ac08edec517
# 37 files, content aab618b86ebe2f18229c18f0147943e9a1bac69967582563e120d4cea273b4c4
# judging D:\Broiler.VM-base\src\compositions\Broiler.VM.Composition.JavaScript.Cli\bin\Release\net10.0\Broiler.VM.Composition.JavaScript.Cli.exe
--- richards (exit 0, 3s)
    start Richards
    result Richards 63.9
    score 63.9
    component 0.6394070543374641
--- deltablue (exit 0, 5s)
    start DeltaBlue
    result DeltaBlue 67.2
    score 67.2
    component 0.6717653940886706
--- crypto (exit 0, 121s)
    start Crypto
    result Crypto 35.9
    score 35.9
    component 0.3589932424362475
--- raytrace (exit 0, 17s)
    start RayTrace
    result RayTrace 155
    score 155
    component 1.5459380222841246
--- navier-stokes (exit 0, 40s)
    start NavierStokes
    result NavierStokes 64.0
    score 64.0
    component 0.6400690101358639
# 5 of 5 benchmarks reported a score and exited zero
# 186s over 5 benchmarks, under a REQUESTED wall of 3600s each
#
# benchmark         score  ratios  seconds
# richards           63.9       1      3.5
# deltablue          67.2       1      4.6
# crypto             35.9       1    120.7
# raytrace            155       1     17.3
# navier-stokes      64.0       1     39.8
# PARTIAL AGGREGATE 68.7 over 5 of 15 benchmarks, 5 ratios - THIS IS NOT OCTANE'S SCORE.
# coverage partial|not selected: earley-boyer, regexp, splay, pdfjs, mandreel, gbemu, code-load, box2d, zlib, typescript
# A geometric mean over a subset is a real number about that subset and reads exactly
# like the whole one. It may not be compared with a whole run or with another subset.
# It is a number about this machine and this configuration. There is no baseline register
# for it, no control and no repetition; no document may retain it (roadmap section 17).
# report artifacts\fc\e11\octane-base-r2.report
