# octane chromium/octane at 570ad1ccfe86e3eecba0636c8f932ac08edec517
# 37 files, content aab618b86ebe2f18229c18f0147943e9a1bac69967582563e120d4cea273b4c4
# judging D:\Broiler.VM-base\src\compositions\Broiler.VM.Composition.JavaScript.Cli\bin\Release\net10.0\Broiler.VM.Composition.JavaScript.Cli.exe
--- richards (exit 0, 3s)
    start Richards
    result Richards 64.5
    score 64.5
    component 0.6449403846153844
--- deltablue (exit 0, 5s)
    start DeltaBlue
    result DeltaBlue 77.9
    score 77.9
    component 0.7788494110156
--- crypto (exit 0, 107s)
    start Crypto
    result Crypto 42.3
    score 42.3
    component 0.42299172803543045
--- raytrace (exit 0, 14s)
    start RayTrace
    result RayTrace 184
    score 184
    component 1.8422007157305116
--- navier-stokes (exit 0, 42s)
    start NavierStokes
    result NavierStokes 59.8
    score 59.8
    component 0.5982061876448657
# 5 of 5 benchmarks reported a score and exited zero
# 171s over 5 benchmarks, under a REQUESTED wall of 3600s each
#
# benchmark         score  ratios  seconds
# richards           64.5       1      3.5
# deltablue          77.9       1      4.5
# crypto             42.3       1    106.7
# raytrace            184       1     14.2
# navier-stokes      59.8       1     42.3
# PARTIAL AGGREGATE 74.8 over 5 of 15 benchmarks, 5 ratios - THIS IS NOT OCTANE'S SCORE.
# coverage partial|not selected: earley-boyer, regexp, splay, pdfjs, mandreel, gbemu, code-load, box2d, zlib, typescript
# A geometric mean over a subset is a real number about that subset and reads exactly
# like the whole one. It may not be compared with a whole run or with another subset.
# It is a number about this machine and this configuration. There is no baseline register
# for it, no control and no repetition; no document may retain it (roadmap section 17).
# report artifacts\fc\e11\octane-base-r1.report
