# octane chromium/octane at 570ad1ccfe86e3eecba0636c8f932ac08edec517
# 37 files, content aab618b86ebe2f18229c18f0147943e9a1bac69967582563e120d4cea273b4c4
# judging src\compositions\Broiler.VM.Composition.JavaScript.Cli\bin\Release\net10.0\Broiler.VM.Composition.JavaScript.Cli.exe
--- richards (exit 0, 3s)
    start Richards
    result Richards 103
    score 103
    component 1.0297131745260089
--- deltablue (exit 0, 3s)
    start DeltaBlue
    result DeltaBlue 114
    score 114
    component 1.1410584851390226
--- crypto (exit 0, 49s)
    start Crypto
    result Crypto 88.5
    score 88.5
    component 0.8850768049062909
--- raytrace (exit 6, 1s)
    ok       C:/Users/proof/AppData/Local/Temp/broiler-octane-6jtffmv0/octane-570ad1ccfe86e3eecba0636c8f932ac08edec517/base.js  function () { [native code] }
    threw    src/tests/octane/run-one.js  uncaught ReferenceError: BenchmarkSuite is not defined
    # 2 files
    # Completed: 1
    # Faulted: 1
    broiler-js: no file or directory at `C:\Users\proof\AppData\Local\Temp\broiler-octane-6jtffmv0\octane-570ad1ccfe86e3eecba0636c8f932ac08edec517\raytrace.js`
--- navier-stokes (exit 6, 0s)
    ok       C:/Users/proof/AppData/Local/Temp/broiler-octane-6jtffmv0/octane-570ad1ccfe86e3eecba0636c8f932ac08edec517/base.js  function () { [native code] }
    threw    src/tests/octane/run-one.js  uncaught ReferenceError: BenchmarkSuite is not defined
    # 2 files
    # Completed: 1
    # Faulted: 1
    broiler-js: no file or directory at `C:\Users\proof\AppData\Local\Temp\broiler-octane-6jtffmv0\octane-570ad1ccfe86e3eecba0636c8f932ac08edec517\navier-stokes.js`
# 3 of 5 benchmarks reported a score and exited zero
# 57s over 5 benchmarks, under a REQUESTED wall of 3600s each
#
# benchmark         score  ratios  seconds
# richards            103       1      3.4
# deltablue           114       1      3.4
# crypto             88.5       1     48.7
# raytrace              -       0      0.9
# navier-stokes         -       0      0.3
# PARTIAL AGGREGATE 101.3 over 3 of 15 benchmarks, 3 ratios - THIS IS NOT OCTANE'S SCORE.
# coverage partial|not selected: earley-boyer, regexp, splay, pdfjs, mandreel, gbemu, code-load, box2d, zlib, typescript; did not exit zero: raytrace, navier-stokes
# A geometric mean over a subset is a real number about that subset and reads exactly
# like the whole one. It may not be compared with a whole run or with another subset.
# It is a number about this machine and this configuration. There is no baseline register
# for it, no control and no repetition; no document may retain it (roadmap section 17).
# report artifacts\fc\e11\octane-credit-r4.report
