# octane chromium/octane at 570ad1ccfe86e3eecba0636c8f932ac08edec517
# 37 files, content aab618b86ebe2f18229c18f0147943e9a1bac69967582563e120d4cea273b4c4
# judging src\compositions\Broiler.VM.Composition.JavaScript.Cli\bin\Release\net10.0\Broiler.VM.Composition.JavaScript.Cli.exe
--- richards (exit 0, 3s)
    start Richards
    result Richards 94.0
    score 94.0
    component 0.9402469733656187
--- deltablue (exit 0, 3s)
    start DeltaBlue
    result DeltaBlue 112
    score 112
    component 1.1157810993249757
--- crypto (exit 0, 58s)
    start Crypto
    result Crypto 77.5
    score 77.5
    component 0.7751319447887131
--- raytrace (exit 0, 10s)
    start RayTrace
    result RayTrace 310
    score 310
    component 3.104352750809064
--- navier-stokes (exit 0, 20s)
    start NavierStokes
    result NavierStokes 131
    score 131
    component 1.310375275938192
# 5 of 5 benchmarks reported a score and exited zero
# 94s over 5 benchmarks, under a REQUESTED wall of 3600s each
#
# benchmark         score  ratios  seconds
# richards           94.0       1      3.4
# deltablue           112       1      3.4
# crypto             77.5       1     57.8
# raytrace            310       1      9.7
# navier-stokes       131       1     19.9
# PARTIAL AGGREGATE 127.0 over 5 of 15 benchmarks, 5 ratios - THIS IS NOT OCTANE'S SCORE.
# coverage partial|not selected: earley-boyer, regexp, splay, pdfjs, mandreel, gbemu, code-load, box2d, zlib, typescript
# A geometric mean over a subset is a real number about that subset and reads exactly
# like the whole one. It may not be compared with a whole run or with another subset.
# It is a number about this machine and this configuration. There is no baseline register
# for it, no control and no repetition; no document may retain it (roadmap section 17).
# report artifacts\fc\e11\octane-credit-r2.report
