These controls are judged by running the execution-only composition against the retained
corpus, NOT by the test suite. A language semantic is in no test project - rule A11
forbids one to reference a profile assembly - so a corpus that could not detect a
semantic regression would be a directory of bytes rather than a gate.

[the-language-guards-division-by-zero] PASS
    why:       Division by zero is made a fault, which is what a calculator does and not what the language does. The corpus entry recording Infinity must stop agreeing.
    file:      src\Broiler.VM.Profile.JavaScript\JavaScriptExecutor.cs
    injected:  exit 1
    reverted:  exit 0
      FAIL corpus-replay: division-by-zero: expected Normal/NormalCompleted/0/Infinity, observed Normal/NormalCompleted/0/fault:RangeError (hash match); zero-over-zero: expected Normal/NormalCompleted/0/NaN, observed Normal/NormalCompleted/0/fault:RangeError (hash match); negative-zero-division: expected Normal/NormalCompleted/0/-Infinity, observed Normal/NormalCompleted/0/fault:RangeError (hash match); not-a-number-is-not-itself: expected Normal/NormalCompleted/0/false, observed Normal/NormalCompleted/0/fault:RangeError (hash match)

[strict-equality-stops-comparing-kinds] PASS
    why:       Strict equality is made to compare numbers whatever the kinds are, so `1 === true` becomes true. The entry recording false must stop agreeing.
    file:      src\Broiler.VM.Profile.JavaScript\JavaScriptValue.cs
    injected:  exit 1
    reverted:  exit 0
      FAIL corpus-replay: strict-equality-compares-kinds: expected Normal/NormalCompleted/0/false, observed Normal/NormalCompleted/0/true (hash match)

[to-uint32-becomes-a-cast] PASS
    why:       The ToUint32 conversion is replaced by a C# cast, which saturates instead of reducing modulo 2^32. The bitwise-or entry recording -2147483648 must stop agreeing.
    file:      src\Broiler.VM.Profile.JavaScript\JavaScriptValue.cs
    injected:  exit 1
    reverted:  exit 0
      FAIL corpus-replay: unsigned-shift-goes-through-to-uint32: expected Normal/NormalCompleted/0/4294967295, observed Normal/NormalCompleted/0/0 (hash match)

[the-verifier-stops-refusing-unreachable-code] PASS
    why:       The unreachable-code check is removed, so an artifact carrying bytes no entry point reaches would verify. The entry recording that rejection must stop agreeing.
    file:      src\Broiler.VM.Profile.JavaScript\JavaScriptVerifier.cs
    injected:  exit 1
    reverted:  exit 0
      FAIL corpus-replay: an-instruction-no-entry-point-reaches: expected InvalidArtifact/InconsistentStructure/1411/-, observed Normal/NormalCompleted/0/1 (hash match)

corpus controls run: 4; passed: 4
