$ dotnet <root>/src/compositions/Broiler.VM.Composition.WebAssembly.Harness/bin/Release/net10.0/Broiler.VM.Composition.WebAssembly.Harness.dll --corpus src/tests/wasm/corpus
# module: 99 bytes, hand-encoded in this root
verification Normal/NormalCompleted
types                  1
functions              1
tables                 1
memories               1
globals                1
exports                2
element segments       1
data segments          1
custom sections        1 (skipped)
start function         -1
declares data count    False
total code bytes       6
execution bounds       computed by validation
  export[0]          "add" Function #0
  export[1]          "mem" Memory #0
  body[0]            0 locals, 6 code bytes
instantiation          Normal/NormalCompleted
invocation             Normal/NormalCompleted, add(2, 3) = 5

# retained corpus: 330 entries under src/tests/wasm/corpus
  ceiling                   5 entries     5 derived     0 recorded  invariants accepts,exhausts
  constant-expression      11 entries    11 derived     0 recorded  invariants refuses-decoding,refuses-validation
  control                   9 entries     9 derived     0 recorded  invariants accepts
  feature                  10 entries    10 derived     0 recorded  invariants refuses-decoding,refuses-validation
  inversion-sweep          99 entries     0 derived    99 recorded  invariants sound-either-way
  limits                    5 entries     5 derived     0 recorded  invariants refuses-decoding,refuses-validation
  name                     13 entries    13 derived     0 recorded  invariants accepts,refuses-decoding
  phase-order               3 entries     3 derived     0 recorded  invariants refuses-decoding
  preamble                  3 entries     3 derived     0 recorded  invariants refuses-decoding
  section                  22 entries    22 derived     0 recorded  invariants accepts,refuses-decoding
  translation               2 entries     2 derived     0 recorded  invariants accepts,refuses
  truncation-sweep         99 entries     4 derived    95 recorded  invariants accepts,refuses
  type                      4 entries     4 derived     0 recorded  invariants refuses-decoding
  validation-control       12 entries    12 derived     0 recorded  invariants refuses-validation
  validation-index          7 entries     7 derived     0 recorded  invariants refuses-validation
  validation-module        13 entries    13 derived     0 recorded  invariants refuses-decoding,refuses-validation
  validation-type           6 entries     6 derived     0 recorded  invariants accepts,refuses-validation
  varint                    7 entries     7 derived     0 recorded  invariants accepts,refuses-decoding
# retained corpus: 330 of 330 entries reproduced, 330 hashes re-computed and matched, 26 entries verify, replayed twice with no residue
# retained corpus: 304 entries answered by the translator, 26 translated and answered by the core, 0 of them refused - class (r) is empty

# execution: 171 checks
# execution: 171 of 171 checks passed
# hook: 15 checks
# hook: 15 of 15 checks passed
# outcomes: 7 checks
# outcomes: 7 of 7 checks passed
# differential: 43 checks
# differential: 43 of 43 checks passed
# proportionality: 1 checks
# proportionality: 1 of 1 checks passed
# proportionality, not declared: grow(1) from 1 page is charged 1 fuel, grow(1) from 256 pages is charged 1 fuel; the copy of the current contents is charged by no declared function
# decoding: 3 checks
# decoding: 3 of 3 checks passed
# sharing: 3 checks
# sharing: 3 of 3 checks passed
# corpus execution: 1 checks
# corpus execution: 1 of 1 checks passed
broiler-wasm-harness: every check passed, core contract version 1
# exit 0
