=== BENCH: baselines on JIT and Native AOT ===

--- JIT: dotnet run ---
# broiler-vm-bench core-contract-version=1 repetitions=7 warmup=3
# gc server=False latency=Batch processors=4
startup first-verification-ms=122.0
image process-bytes=78256 deployment-bytes=964410 core-bytes=164352 runtime-identifier=linux-x64 aot=False
  independence before runtimes-created=231 invoke-bytes=9960 asynclocal-bytes=72
headroom guest-loads-per-runtime=64 stopped-by=ResourceExhaustion/AllowanceExhausted/NestedLoadFanOut/Runtime loads-per-runtime-in-lane=1 lane-iterations=300
# verify-throughput: verification of a large artifact against a raw pass over the same bytes
measurement verify-throughput unit=byte candidate-ns=1463152.5 control-ns=3633.5 difference-ns=1459519.0 per-byte-ns=185.0068 aa-ns=18694.5 valid=yes candidate-alloc=33664 control-alloc=0 gen0=0 gen1=0 gen2=0 iterations=200 repetitions=7
  rep verify-throughput 0 candidate-ns=1490546.0 control-ns=3633.5 aa-ns=1511030.0 candidate-alloc=33664 control-alloc=0
  rep verify-throughput 1 candidate-ns=1464840.0 control-ns=3465.5 aa-ns=1476072.0 candidate-alloc=33664 control-alloc=0
  rep verify-throughput 2 candidate-ns=1470934.5 control-ns=3730.5 aa-ns=1492191.0 candidate-alloc=33664 control-alloc=0
  rep verify-throughput 3 candidate-ns=1463152.5 control-ns=3666.0 aa-ns=1470850.5 candidate-alloc=33664 control-alloc=0
  rep verify-throughput 4 candidate-ns=1452826.0 control-ns=3499.0 aa-ns=1481478.0 candidate-alloc=33664 control-alloc=0
  rep verify-throughput 5 candidate-ns=1452646.0 control-ns=3563.0 aa-ns=1486727.5 candidate-alloc=33664 control-alloc=0
  rep verify-throughput 6 candidate-ns=1439369.5 control-ns=3789.0 aa-ns=1481847.0 candidate-alloc=33664 control-alloc=0
# verify-per-declared-count: verifying a four-thousand-constant pool against a two-thousand-constant one
measurement verify-per-declared-count unit=constant candidate-ns=1452181.5 control-ns=730943.5 difference-ns=721238.0 per-constant-ns=360.6190 aa-ns=35608.0 valid=yes candidate-alloc=33664 control-alloc=17664 gen0=0 gen1=0 gen2=0 iterations=200 repetitions=7
  rep verify-per-declared-count 0 candidate-ns=1452181.5 control-ns=734160.5 aa-ns=1499307.5 candidate-alloc=33664 control-alloc=17664
  rep verify-per-declared-count 1 candidate-ns=1461047.0 control-ns=739630.0 aa-ns=1443663.0 candidate-alloc=33664 control-alloc=17664
  rep verify-per-declared-count 2 candidate-ns=1430691.5 control-ns=708765.0 aa-ns=1450348.0 candidate-alloc=33664 control-alloc=17664
  rep verify-per-declared-count 3 candidate-ns=1448807.5 control-ns=722758.0 aa-ns=1487789.5 candidate-alloc=33664 control-alloc=17664
  rep verify-per-declared-count 4 candidate-ns=1445518.5 control-ns=729813.5 aa-ns=1461182.0 candidate-alloc=33664 control-alloc=17664
  rep verify-per-declared-count 5 candidate-ns=1493990.0 control-ns=744851.0 aa-ns=1489103.0 candidate-alloc=33664 control-alloc=17664
  rep verify-per-declared-count 6 candidate-ns=1482393.5 control-ns=730943.5 aa-ns=1557992.0 candidate-alloc=33664 control-alloc=17664
# catalog-construction: building a two-profile catalog against building the same two descriptors into an array
measurement catalog-construction unit=profile candidate-ns=2383.9 control-ns=84.5 difference-ns=2299.4 per-profile-ns=1149.7000 aa-ns=12.3 valid=yes candidate-alloc=3040 control-alloc=112 gen0=0 gen1=0 gen2=0 iterations=2000 repetitions=7
  rep catalog-construction 0 candidate-ns=3212.4 control-ns=113.0 aa-ns=3702.6 candidate-alloc=3040 control-alloc=112
  rep catalog-construction 1 candidate-ns=3475.9 control-ns=98.7 aa-ns=2715.3 candidate-alloc=3040 control-alloc=112
  rep catalog-construction 2 candidate-ns=2383.9 control-ns=84.5 aa-ns=3208.5 candidate-alloc=3040 control-alloc=112
  rep catalog-construction 3 candidate-ns=2741.7 control-ns=97.8 aa-ns=2371.7 candidate-alloc=3040 control-alloc=112
  rep catalog-construction 4 candidate-ns=2270.4 control-ns=75.4 aa-ns=2239.1 candidate-alloc=3040 control-alloc=112
  rep catalog-construction 5 candidate-ns=2232.7 control-ns=74.0 aa-ns=2235.9 candidate-alloc=3040 control-alloc=112
  rep catalog-construction 6 candidate-ns=2261.2 control-ns=74.5 aa-ns=2251.8 candidate-alloc=3040 control-alloc=112
# catalog-lookup: resolving a profile by identity against comparing the same identity
measurement catalog-lookup unit=lookup candidate-ns=10.6 control-ns=5.8 difference-ns=4.8 per-lookup-ns=4.8260 aa-ns=0.3 valid=yes candidate-alloc=0 control-alloc=0 gen0=0 gen1=0 gen2=0 iterations=200000 repetitions=7
  rep catalog-lookup 0 candidate-ns=11.9 control-ns=5.7 aa-ns=11.1 candidate-alloc=0 control-alloc=0
  rep catalog-lookup 1 candidate-ns=10.1 control-ns=5.7 aa-ns=10.3 candidate-alloc=0 control-alloc=0
  rep catalog-lookup 2 candidate-ns=10.6 control-ns=5.8 aa-ns=10.6 candidate-alloc=0 control-alloc=0
  rep catalog-lookup 3 candidate-ns=10.6 control-ns=5.8 aa-ns=11.2 candidate-alloc=0 control-alloc=0
  rep catalog-lookup 4 candidate-ns=10.9 control-ns=5.8 aa-ns=10.9 candidate-alloc=0 control-alloc=0
  rep catalog-lookup 5 candidate-ns=10.3 control-ns=5.9 aa-ns=10.6 candidate-alloc=0 control-alloc=0
  rep catalog-lookup 6 candidate-ns=10.3 control-ns=5.8 aa-ns=10.9 candidate-alloc=0 control-alloc=0
# runtime-create-dispose: creating and disposing a two-profile runtime against a one-profile runtime
measurement runtime-create-dispose unit=profile candidate-ns=3895.9 control-ns=2784.9 difference-ns=1111.0 per-profile-ns=1111.0000 aa-ns=155.1 valid=yes candidate-alloc=6240 control-alloc=4560 gen0=0 gen1=0 gen2=0 iterations=2000 repetitions=7
  rep runtime-create-dispose 0 candidate-ns=7958.2 control-ns=3776.6 aa-ns=5005.0 candidate-alloc=6240 control-alloc=4560
  rep runtime-create-dispose 1 candidate-ns=3895.9 control-ns=2784.9 aa-ns=4108.6 candidate-alloc=6240 control-alloc=4560
  rep runtime-create-dispose 2 candidate-ns=4375.1 control-ns=2903.5 aa-ns=4196.8 candidate-alloc=6240 control-alloc=4560
  rep runtime-create-dispose 3 candidate-ns=4610.3 control-ns=2966.6 aa-ns=3740.8 candidate-alloc=6240 control-alloc=4560
  rep runtime-create-dispose 4 candidate-ns=3528.8 control-ns=2379.2 aa-ns=3599.4 candidate-alloc=6240 control-alloc=4560
  rep runtime-create-dispose 5 candidate-ns=3605.3 control-ns=2344.8 aa-ns=3582.2 candidate-alloc=6240 control-alloc=4560
  rep runtime-create-dispose 6 candidate-ns=3626.9 control-ns=2288.7 aa-ns=3515.2 candidate-alloc=6240 control-alloc=4560
# meter-per-instruction: one invocation with fuel charging against the same executor with charging off
measurement meter-per-instruction unit=instruction candidate-ns=51347.8 control-ns=26211.4 difference-ns=25136.3 per-instruction-ns=98.1888 aa-ns=572.7 valid=yes candidate-alloc=1528 control-alloc=1528 gen0=0 gen1=0 gen2=0 iterations=20000 repetitions=7
  rep meter-per-instruction 0 candidate-ns=55136.1 control-ns=26211.4 aa-ns=51437.6 candidate-alloc=1528 control-alloc=1528
  rep meter-per-instruction 1 candidate-ns=51122.3 control-ns=25260.8 aa-ns=49180.2 candidate-alloc=1528 control-alloc=1528
  rep meter-per-instruction 2 candidate-ns=51401.1 control-ns=25919.1 aa-ns=51992.0 candidate-alloc=1528 control-alloc=1528
  rep meter-per-instruction 3 candidate-ns=51105.4 control-ns=26218.8 aa-ns=51637.2 candidate-alloc=1528 control-alloc=1528
  rep meter-per-instruction 4 candidate-ns=50719.1 control-ns=25948.9 aa-ns=51920.4 candidate-alloc=1528 control-alloc=1528
  rep meter-per-instruction 5 candidate-ns=51347.8 control-ns=26473.3 aa-ns=53856.7 candidate-alloc=1528 control-alloc=1528
  rep meter-per-instruction 6 candidate-ns=54208.5 control-ns=26523.0 aa-ns=51962.7 candidate-alloc=1528 control-alloc=1528
# host-call: an artifact that makes one host call against the same shape without one
measurement host-call unit=call candidate-ns=1952.1 control-ns=1654.0 difference-ns=298.1 per-call-ns=298.0850 aa-ns=28.5 valid=yes candidate-alloc=1800 control-alloc=1528 gen0=0 gen1=0 gen2=0 iterations=20000 repetitions=7
  rep host-call 0 candidate-ns=2103.9 control-ns=1712.6 aa-ns=1963.6 candidate-alloc=1800 control-alloc=1528
  rep host-call 1 candidate-ns=2007.2 control-ns=1642.7 aa-ns=1923.6 candidate-alloc=1800 control-alloc=1528
  rep host-call 2 candidate-ns=1968.3 control-ns=1672.7 aa-ns=2179.1 candidate-alloc=1800 control-alloc=1528
  rep host-call 3 candidate-ns=1940.7 control-ns=1654.0 aa-ns=1906.9 candidate-alloc=1800 control-alloc=1528
  rep host-call 4 candidate-ns=1936.8 control-ns=1619.1 aa-ns=1944.3 candidate-alloc=1800 control-alloc=1528
  rep host-call 5 candidate-ns=1952.1 control-ns=1804.1 aa-ns=1883.0 candidate-alloc=1800 control-alloc=1528
  rep host-call 6 candidate-ns=1886.7 control-ns=1592.0 aa-ns=1860.1 candidate-alloc=1800 control-alloc=1528
# diagnostics-capture: building a fully identified diagnostics record against its minimal form
measurement diagnostics-capture unit=record candidate-ns=146.1 control-ns=39.9 difference-ns=106.2 per-record-ns=106.1610 aa-ns=2.2 valid=yes candidate-alloc=56 control-alloc=0 gen0=0 gen1=0 gen2=0 iterations=200000 repetitions=7
  rep diagnostics-capture 0 candidate-ns=144.4 control-ns=40.0 aa-ns=145.7 candidate-alloc=56 control-alloc=0
  rep diagnostics-capture 1 candidate-ns=142.4 control-ns=38.8 aa-ns=148.6 candidate-alloc=56 control-alloc=0
  rep diagnostics-capture 2 candidate-ns=148.8 control-ns=39.9 aa-ns=148.3 candidate-alloc=56 control-alloc=0
  rep diagnostics-capture 3 candidate-ns=146.1 control-ns=38.8 aa-ns=140.3 candidate-alloc=56 control-alloc=0
  rep diagnostics-capture 4 candidate-ns=139.3 control-ns=38.8 aa-ns=141.9 candidate-alloc=56 control-alloc=0
  rep diagnostics-capture 5 candidate-ns=154.2 control-ns=50.3 aa-ns=190.5 candidate-alloc=56 control-alloc=0
  rep diagnostics-capture 6 candidate-ns=171.6 control-ns=45.6 aa-ns=152.1 candidate-alloc=56 control-alloc=0
# guest-load-mediation: mediated guest-initiated loads against the same loads performed by the host itself
measurement guest-load-mediation unit=load candidate-ns=15552.7 control-ns=13502.3 difference-ns=2050.3 per-load-ns=2050.3333 aa-ns=32.3 valid=yes candidate-alloc=11984 control-alloc=11632 gen0=0 gen1=0 gen2=0 iterations=300 repetitions=7
  rep guest-load-mediation 0 candidate-ns=15308.7 control-ns=13989.3 aa-ns=15520.3 candidate-alloc=11984 control-alloc=11632
  rep guest-load-mediation 1 candidate-ns=15926.7 control-ns=13466.0 aa-ns=15152.0 candidate-alloc=11984 control-alloc=11632
  rep guest-load-mediation 2 candidate-ns=15768.0 control-ns=13863.7 aa-ns=16102.7 candidate-alloc=11984 control-alloc=11632
  rep guest-load-mediation 3 candidate-ns=15266.0 control-ns=13352.7 aa-ns=15737.3 candidate-alloc=11984 control-alloc=11632
  rep guest-load-mediation 4 candidate-ns=15603.0 control-ns=13397.3 aa-ns=14979.7 candidate-alloc=11984 control-alloc=11632
  rep guest-load-mediation 5 candidate-ns=15552.7 control-ns=13936.3 aa-ns=15691.7 candidate-alloc=11984 control-alloc=11632
  rep guest-load-mediation 6 candidate-ns=15436.3 control-ns=13502.3 aa-ns=15007.0 candidate-alloc=11984 control-alloc=11632
# envelope-read: projecting a typed payload out of a result against reading its category alone
measurement envelope-read unit=projection candidate-ns=16.8 control-ns=2.4 difference-ns=14.4 per-projection-ns=14.3595 aa-ns=0.1 valid=yes candidate-alloc=0 control-alloc=0 gen0=0 gen1=0 gen2=0 iterations=200000 repetitions=7
  rep envelope-read 0 candidate-ns=17.1 control-ns=2.4 aa-ns=16.6 candidate-alloc=0 control-alloc=0
  rep envelope-read 1 candidate-ns=16.8 control-ns=2.4 aa-ns=16.4 candidate-alloc=0 control-alloc=0
  rep envelope-read 2 candidate-ns=16.5 control-ns=2.3 aa-ns=16.8 candidate-alloc=0 control-alloc=0
  rep envelope-read 3 candidate-ns=16.6 control-ns=2.5 aa-ns=16.9 candidate-alloc=0 control-alloc=0
  rep envelope-read 4 candidate-ns=16.7 control-ns=2.4 aa-ns=23.6 candidate-alloc=0 control-alloc=0
  rep envelope-read 5 candidate-ns=16.8 control-ns=2.6 aa-ns=17.7 candidate-alloc=0 control-alloc=0
  rep envelope-read 6 candidate-ns=17.0 control-ns=2.5 aa-ns=17.2 candidate-alloc=0 control-alloc=0
  fan-out loads=0 mediated-ns=10621 mediated-bytes=9960 direct-ns=10182 direct-bytes=9960 mediation-ns=440 mediation-bytes=0
  fan-out loads=1 mediated-ns=15044 mediated-bytes=11984 direct-ns=13566 direct-bytes=11632 mediation-ns=1478 mediation-bytes=352
  fan-out loads=2 mediated-ns=20418 mediated-bytes=14008 direct-ns=18710 direct-bytes=13304 mediation-ns=1709 mediation-bytes=704
  fan-out loads=3 mediated-ns=23556 mediated-bytes=16040 direct-ns=19398 direct-bytes=14984 mediation-ns=4157 mediation-bytes=1056
  fan-out loads=4 mediated-ns=28132 mediated-bytes=18064 direct-ns=22964 direct-bytes=16656 mediation-ns=5168 mediation-bytes=1408
  fan-out loads=6 mediated-ns=41484 mediated-bytes=22112 direct-ns=32926 direct-bytes=20000 mediation-ns=8559 mediation-bytes=2112
  fan-out loads=8 mediated-ns=50282 mediated-bytes=26168 direct-ns=38718 direct-bytes=23352 mediation-ns=11564 mediation-bytes=2816
fan-out series=0,1,2,3,4,6,8 iterations=200 note=mediation-cost-rises-with-loads-per-operation
  independence after runtimes-created=72847 invoke-bytes=9960 asynclocal-bytes=72
independence held=yes invoke-bytes=9960->9960 asynclocal-bytes=72->72 runtimes-created=72847
  plateau round=0 cycles=4000 resident-bytes=84127744 managed-bytes=111120
  plateau round=1 cycles=8000 resident-bytes=84684800 managed-bytes=110632
  plateau round=2 cycles=12000 resident-bytes=84684800 managed-bytes=110632
  plateau round=3 cycles=16000 resident-bytes=84684800 managed-bytes=110632
  plateau round=4 cycles=20000 resident-bytes=84684800 managed-bytes=110632
  plateau round=5 cycles=24000 resident-bytes=84684800 managed-bytes=110632
plateau rounds=6 cycles-per-round=4000 settled-bytes=84684800 final-bytes=84684800 growth-bytes=0 held=yes
# elapsed-ms=42622 measurements=10 invalid=0
broiler-vm-bench: 10 measurements, every A/A lane inside its effect
exit code: 0

--- NATIVE AOT: dotnet publish -r linux-x64 -p:PublishAot=true ---
Determining projects to restore...
  Restored /home/user/Broiler.Browser/Broiler.VM/src/Broiler.VM.Binary/Broiler.VM.Binary.csproj (in 381 ms).
  Restored /home/user/Broiler.Browser/Broiler.VM/src/Broiler.VM.Abstractions/Broiler.VM.Abstractions.csproj (in 381 ms).
  Restored /home/user/Broiler.Browser/Broiler.VM/src/tests/Broiler.VM.Fixtures/Broiler.VM.Fixtures.csproj (in 381 ms).
  Restored /home/user/Broiler.Browser/Broiler.VM/src/tests/Broiler.VM.Bench.Host/Broiler.VM.Bench.Host.csproj (in 381 ms).
  Restored /home/user/Broiler.Browser/Broiler.VM/src/Broiler.VM.Runtime/Broiler.VM.Runtime.csproj (in 8 ms).
  Broiler.VM.Binary -> /home/user/Broiler.Browser/Broiler.VM/src/Broiler.VM.Binary/bin/Release/net10.0/Broiler.VM.Binary.dll
  Broiler.VM.Abstractions -> /home/user/Broiler.Browser/Broiler.VM/src/Broiler.VM.Abstractions/bin/Release/net10.0/Broiler.VM.Abstractions.dll
  Broiler.VM.Runtime -> /home/user/Broiler.Browser/Broiler.VM/src/Broiler.VM.Runtime/bin/Release/net10.0/Broiler.VM.Runtime.dll
  Broiler.VM.Fixtures -> /home/user/Broiler.Browser/Broiler.VM/src/tests/Broiler.VM.Fixtures/bin/Release/net10.0/Broiler.VM.Fixtures.dll
  Broiler.VM.Bench.Host -> /home/user/Broiler.Browser/Broiler.VM/src/tests/Broiler.VM.Bench.Host/bin/Release/net10.0/linux-x64/Broiler.VM.Bench.Host.dll
  Generating native code
  Broiler.VM.Bench.Host -> /home/user/Broiler.Browser/Broiler.VM/artifacts/publish-bench-aot/

--- running the native binary ---
native image size: 1890912 bytes
# broiler-vm-bench core-contract-version=1 repetitions=7 warmup=3
# gc server=False latency=Batch processors=4
startup first-verification-ms=7.5
image process-bytes=1890912 deployment-bytes=5786881 core-bytes=0 runtime-identifier=linux-x64 aot=True
  independence before runtimes-created=231 invoke-bytes=10699 asynclocal-bytes=72
headroom guest-loads-per-runtime=64 stopped-by=ResourceExhaustion/AllowanceExhausted/NestedLoadFanOut/Runtime loads-per-runtime-in-lane=1 lane-iterations=300
# verify-throughput: verification of a large artifact against a raw pass over the same bytes
measurement verify-throughput unit=byte candidate-ns=1520743.0 control-ns=3630.5 difference-ns=1517112.5 per-byte-ns=192.3073 aa-ns=12672.0 valid=yes candidate-alloc=33664 control-alloc=0 gen0=0 gen1=0 gen2=0 iterations=200 repetitions=7
  rep verify-throughput 0 candidate-ns=1502203.0 control-ns=3617.5 aa-ns=1504377.5 candidate-alloc=33664 control-alloc=0
  rep verify-throughput 1 candidate-ns=1534968.5 control-ns=3593.5 aa-ns=1526513.0 candidate-alloc=33664 control-alloc=0
  rep verify-throughput 2 candidate-ns=1517818.0 control-ns=3697.0 aa-ns=1498128.0 candidate-alloc=33664 control-alloc=0
  rep verify-throughput 3 candidate-ns=1520743.0 control-ns=3714.5 aa-ns=1513346.5 candidate-alloc=33664 control-alloc=0
  rep verify-throughput 4 candidate-ns=1551695.5 control-ns=3630.5 aa-ns=1516904.0 candidate-alloc=33664 control-alloc=0
  rep verify-throughput 5 candidate-ns=1514069.5 control-ns=3595.5 aa-ns=1491638.0 candidate-alloc=33664 control-alloc=0
  rep verify-throughput 6 candidate-ns=1534285.5 control-ns=3634.5 aa-ns=1508071.0 candidate-alloc=33664 control-alloc=0
# verify-per-declared-count: verifying a four-thousand-constant pool against a two-thousand-constant one
measurement verify-per-declared-count unit=constant candidate-ns=1541445.0 control-ns=753747.0 difference-ns=787698.0 per-constant-ns=393.8490 aa-ns=64.5 valid=yes candidate-alloc=33664 control-alloc=17664 gen0=0 gen1=0 gen2=0 iterations=200 repetitions=7
  rep verify-per-declared-count 0 candidate-ns=1479807.5 control-ns=753747.0 aa-ns=1549132.0 candidate-alloc=33664 control-alloc=17664
  rep verify-per-declared-count 1 candidate-ns=1541445.0 control-ns=765306.5 aa-ns=1541380.5 candidate-alloc=33664 control-alloc=17664
  rep verify-per-declared-count 2 candidate-ns=1565371.0 control-ns=748834.0 aa-ns=1504899.5 candidate-alloc=33664 control-alloc=17664
  rep verify-per-declared-count 3 candidate-ns=1491647.0 control-ns=736448.0 aa-ns=1533226.5 candidate-alloc=33664 control-alloc=17664
  rep verify-per-declared-count 4 candidate-ns=1493331.5 control-ns=757761.0 aa-ns=1548539.0 candidate-alloc=33664 control-alloc=17664
  rep verify-per-declared-count 5 candidate-ns=1554323.0 control-ns=744243.5 aa-ns=1576000.5 candidate-alloc=33664 control-alloc=17664
  rep verify-per-declared-count 6 candidate-ns=1543199.0 control-ns=758545.0 aa-ns=1540401.5 candidate-alloc=33664 control-alloc=17664
# catalog-construction: building a two-profile catalog against building the same two descriptors into an array
measurement catalog-construction unit=profile candidate-ns=2363.7 control-ns=36.2 difference-ns=2327.5 per-profile-ns=1163.7250 aa-ns=64.1 valid=yes candidate-alloc=3040 control-alloc=112 gen0=0 gen1=0 gen2=0 iterations=2000 repetitions=7
  rep catalog-construction 0 candidate-ns=2515.7 control-ns=42.9 aa-ns=2372.3 candidate-alloc=3040 control-alloc=112
  rep catalog-construction 1 candidate-ns=2363.7 control-ns=51.0 aa-ns=2215.9 candidate-alloc=3040 control-alloc=112
  rep catalog-construction 2 candidate-ns=2256.8 control-ns=35.6 aa-ns=2271.4 candidate-alloc=3040 control-alloc=112
  rep catalog-construction 3 candidate-ns=2174.8 control-ns=33.8 aa-ns=2186.9 candidate-alloc=3040 control-alloc=112
  rep catalog-construction 4 candidate-ns=2255.2 control-ns=35.0 aa-ns=2559.6 candidate-alloc=3040 control-alloc=112
  rep catalog-construction 5 candidate-ns=2484.5 control-ns=36.2 aa-ns=2320.4 candidate-alloc=3040 control-alloc=112
  rep catalog-construction 6 candidate-ns=2395.1 control-ns=49.4 aa-ns=2299.6 candidate-alloc=3040 control-alloc=112
# catalog-lookup: resolving a profile by identity against comparing the same identity
measurement catalog-lookup unit=lookup candidate-ns=10.0 control-ns=4.1 difference-ns=5.8 per-lookup-ns=5.8095 aa-ns=0.2 valid=yes candidate-alloc=0 control-alloc=0 gen0=0 gen1=0 gen2=0 iterations=200000 repetitions=7
  rep catalog-lookup 0 candidate-ns=10.0 control-ns=4.1 aa-ns=9.8 candidate-alloc=0 control-alloc=0
  rep catalog-lookup 1 candidate-ns=10.6 control-ns=5.2 aa-ns=9.9 candidate-alloc=0 control-alloc=0
  rep catalog-lookup 2 candidate-ns=9.6 control-ns=4.0 aa-ns=9.7 candidate-alloc=0 control-alloc=0
  rep catalog-lookup 3 candidate-ns=9.6 control-ns=4.3 aa-ns=9.6 candidate-alloc=0 control-alloc=0
  rep catalog-lookup 4 candidate-ns=10.0 control-ns=4.1 aa-ns=9.7 candidate-alloc=0 control-alloc=0
  rep catalog-lookup 5 candidate-ns=10.7 control-ns=4.3 aa-ns=9.8 candidate-alloc=0 control-alloc=0
  rep catalog-lookup 6 candidate-ns=9.5 control-ns=4.0 aa-ns=9.7 candidate-alloc=0 control-alloc=0
# runtime-create-dispose: creating and disposing a two-profile runtime against a one-profile runtime
measurement runtime-create-dispose unit=profile candidate-ns=2520.9 control-ns=1813.0 difference-ns=708.0 per-profile-ns=708.0000 aa-ns=42.8 valid=yes candidate-alloc=6784 control-alloc=5104 gen0=0 gen1=0 gen2=0 iterations=2000 repetitions=7
  rep runtime-create-dispose 0 candidate-ns=5635.9 control-ns=1813.0 aa-ns=2554.2 candidate-alloc=6784 control-alloc=5104
  rep runtime-create-dispose 1 candidate-ns=2505.8 control-ns=2014.2 aa-ns=2478.2 candidate-alloc=6784 control-alloc=5104
  rep runtime-create-dispose 2 candidate-ns=2521.6 control-ns=1720.8 aa-ns=2759.9 candidate-alloc=6784 control-alloc=5104
  rep runtime-create-dispose 3 candidate-ns=2531.4 control-ns=1675.7 aa-ns=2413.9 candidate-alloc=6784 control-alloc=5104
  rep runtime-create-dispose 4 candidate-ns=2437.7 control-ns=1944.2 aa-ns=2583.8 candidate-alloc=6784 control-alloc=5104
  rep runtime-create-dispose 5 candidate-ns=2520.9 control-ns=1932.1 aa-ns=2414.6 candidate-alloc=6784 control-alloc=5104
  rep runtime-create-dispose 6 candidate-ns=2339.2 control-ns=1664.7 aa-ns=2404.9 candidate-alloc=6784 control-alloc=5104
# meter-per-instruction: one invocation with fuel charging against the same executor with charging off
measurement meter-per-instruction unit=instruction candidate-ns=51188.6 control-ns=26042.8 difference-ns=25145.8 per-instruction-ns=98.2258 aa-ns=152.2 valid=yes candidate-alloc=1528 control-alloc=1528 gen0=0 gen1=0 gen2=0 iterations=20000 repetitions=7
  rep meter-per-instruction 0 candidate-ns=51676.4 control-ns=25666.1 aa-ns=50504.3 candidate-alloc=1528 control-alloc=1528
  rep meter-per-instruction 1 candidate-ns=50460.1 control-ns=25795.7 aa-ns=51336.8 candidate-alloc=1528 control-alloc=1528
  rep meter-per-instruction 2 candidate-ns=50632.8 control-ns=25260.6 aa-ns=50428.8 candidate-alloc=1528 control-alloc=1528
  rep meter-per-instruction 3 candidate-ns=50895.2 control-ns=27002.2 aa-ns=52320.7 candidate-alloc=1528 control-alloc=1528
  rep meter-per-instruction 4 candidate-ns=51539.3 control-ns=26042.8 aa-ns=51340.8 candidate-alloc=1528 control-alloc=1528
  rep meter-per-instruction 5 candidate-ns=51728.4 control-ns=27140.2 aa-ns=52362.1 candidate-alloc=1528 control-alloc=1528
  rep meter-per-instruction 6 candidate-ns=51188.6 control-ns=26287.2 aa-ns=53106.6 candidate-alloc=1528 control-alloc=1528
# host-call: an artifact that makes one host call against the same shape without one
measurement host-call unit=call candidate-ns=1769.9 control-ns=1520.6 difference-ns=249.3 per-call-ns=249.3250 aa-ns=8.6 valid=yes candidate-alloc=1800 control-alloc=1528 gen0=0 gen1=0 gen2=0 iterations=20000 repetitions=7
  rep host-call 0 candidate-ns=2004.9 control-ns=1584.8 aa-ns=1790.7 candidate-alloc=1800 control-alloc=1528
  rep host-call 1 candidate-ns=1824.3 control-ns=1514.1 aa-ns=1778.5 candidate-alloc=1800 control-alloc=1528
  rep host-call 2 candidate-ns=1734.5 control-ns=1458.8 aa-ns=1707.5 candidate-alloc=1800 control-alloc=1528
  rep host-call 3 candidate-ns=1729.0 control-ns=1465.0 aa-ns=1678.7 candidate-alloc=1800 control-alloc=1528
  rep host-call 4 candidate-ns=1681.9 control-ns=1567.2 aa-ns=2609.8 candidate-alloc=1800 control-alloc=1528
  rep host-call 5 candidate-ns=2635.8 control-ns=1893.2 aa-ns=1948.4 candidate-alloc=1800 control-alloc=1528
  rep host-call 6 candidate-ns=1769.9 control-ns=1520.6 aa-ns=1768.2 candidate-alloc=1800 control-alloc=1528
# diagnostics-capture: building a fully identified diagnostics record against its minimal form
measurement diagnostics-capture unit=record candidate-ns=142.7 control-ns=41.8 difference-ns=100.9 per-record-ns=100.8870 aa-ns=1.1 valid=yes candidate-alloc=56 control-alloc=0 gen0=0 gen1=0 gen2=0 iterations=200000 repetitions=7
  rep diagnostics-capture 0 candidate-ns=144.7 control-ns=42.3 aa-ns=142.1 candidate-alloc=56 control-alloc=0
  rep diagnostics-capture 1 candidate-ns=141.8 control-ns=41.0 aa-ns=141.6 candidate-alloc=56 control-alloc=0
  rep diagnostics-capture 2 candidate-ns=142.7 control-ns=41.0 aa-ns=139.6 candidate-alloc=56 control-alloc=0
  rep diagnostics-capture 3 candidate-ns=142.7 control-ns=41.8 aa-ns=143.2 candidate-alloc=56 control-alloc=0
  rep diagnostics-capture 4 candidate-ns=143.3 control-ns=42.3 aa-ns=140.5 candidate-alloc=56 control-alloc=0
  rep diagnostics-capture 5 candidate-ns=141.5 control-ns=40.5 aa-ns=137.5 candidate-alloc=56 control-alloc=0
  rep diagnostics-capture 6 candidate-ns=140.1 control-ns=41.9 aa-ns=142.9 candidate-alloc=56 control-alloc=0
# guest-load-mediation: mediated guest-initiated loads against the same loads performed by the host itself
measurement guest-load-mediation unit=load candidate-ns=13628.7 control-ns=12624.0 difference-ns=1004.7 per-load-ns=1004.6667 aa-ns=273.3 valid=yes candidate-alloc=13098 control-alloc=12314 gen0=0 gen1=0 gen2=0 iterations=300 repetitions=7
  rep guest-load-mediation 0 candidate-ns=14067.3 control-ns=12869.3 aa-ns=14245.7 candidate-alloc=13170 control-alloc=12314
  rep guest-load-mediation 1 candidate-ns=13522.3 control-ns=12085.3 aa-ns=13472.3 candidate-alloc=13098 control-alloc=12314
  rep guest-load-mediation 2 candidate-ns=13433.0 control-ns=13253.7 aa-ns=13482.3 candidate-alloc=13098 control-alloc=12314
  rep guest-load-mediation 3 candidate-ns=13942.7 control-ns=12657.0 aa-ns=14009.7 candidate-alloc=13098 control-alloc=12314
  rep guest-load-mediation 4 candidate-ns=13508.0 control-ns=12624.0 aa-ns=13282.0 candidate-alloc=13098 control-alloc=12314
  rep guest-load-mediation 5 candidate-ns=13823.7 control-ns=12527.7 aa-ns=13902.0 candidate-alloc=13098 control-alloc=12314
  rep guest-load-mediation 6 candidate-ns=13628.7 control-ns=12191.3 aa-ns=14095.7 candidate-alloc=13098 control-alloc=12314
# envelope-read: projecting a typed payload out of a result against reading its category alone
measurement envelope-read unit=projection candidate-ns=17.7 control-ns=1.7 difference-ns=16.0 per-projection-ns=15.9860 aa-ns=0.3 valid=yes candidate-alloc=0 control-alloc=0 gen0=0 gen1=0 gen2=0 iterations=200000 repetitions=7
  rep envelope-read 0 candidate-ns=18.2 control-ns=1.7 aa-ns=17.4 candidate-alloc=0 control-alloc=0
  rep envelope-read 1 candidate-ns=17.2 control-ns=1.9 aa-ns=17.4 candidate-alloc=0 control-alloc=0
  rep envelope-read 2 candidate-ns=16.8 control-ns=1.7 aa-ns=17.1 candidate-alloc=0 control-alloc=0
  rep envelope-read 3 candidate-ns=17.7 control-ns=1.7 aa-ns=17.3 candidate-alloc=0 control-alloc=0
  rep envelope-read 4 candidate-ns=20.3 control-ns=2.2 aa-ns=20.1 candidate-alloc=0 control-alloc=0
  rep envelope-read 5 candidate-ns=17.2 control-ns=1.8 aa-ns=18.0 candidate-alloc=0 control-alloc=0
  rep envelope-read 6 candidate-ns=18.0 control-ns=1.7 aa-ns=17.6 candidate-alloc=0 control-alloc=0
  fan-out loads=0 mediated-ns=8350 mediated-bytes=10659 direct-ns=8814 direct-bytes=10608 mediation-ns=-464 mediation-bytes=51
  fan-out loads=1 mediated-ns=12894 mediated-bytes=13115 direct-ns=12216 direct-bytes=12280 mediation-ns=678 mediation-bytes=835
  fan-out loads=2 mediated-ns=17890 mediated-bytes=15571 direct-ns=16136 direct-bytes=13952 mediation-ns=1754 mediation-bytes=1619
  fan-out loads=3 mediated-ns=23628 mediated-bytes=18035 direct-ns=18808 direct-bytes=15632 mediation-ns=4821 mediation-bytes=2403
  fan-out loads=4 mediated-ns=26660 mediated-bytes=20491 direct-ns=22971 direct-bytes=17304 mediation-ns=3690 mediation-bytes=3187
  fan-out loads=6 mediated-ns=36628 mediated-bytes=25403 direct-ns=34917 direct-bytes=20648 mediation-ns=1711 mediation-bytes=4755
  fan-out loads=8 mediated-ns=45849 mediated-bytes=30323 direct-ns=37020 direct-bytes=24000 mediation-ns=8830 mediation-bytes=6323
fan-out series=0,1,2,3,4,6,8 iterations=200 note=mediation-cost-rises-with-loads-per-operation
  independence after runtimes-created=72847 invoke-bytes=10659 asynclocal-bytes=72
independence held=yes invoke-bytes=10699->10659 asynclocal-bytes=72->72 runtimes-created=72847
  plateau round=0 cycles=4000 resident-bytes=58290176 managed-bytes=368616
  plateau round=1 cycles=8000 resident-bytes=58372096 managed-bytes=363272
  plateau round=2 cycles=12000 resident-bytes=58421248 managed-bytes=363272
  plateau round=3 cycles=16000 resident-bytes=58408960 managed-bytes=363272
  plateau round=4 cycles=20000 resident-bytes=58408960 managed-bytes=363272
  plateau round=5 cycles=24000 resident-bytes=58408960 managed-bytes=363272
plateau rounds=6 cycles-per-round=4000 settled-bytes=58372096 final-bytes=58408960 growth-bytes=36864 held=yes
# elapsed-ms=42331 measurements=10 invalid=0
broiler-vm-bench: 10 measurements, every A/A lane inside its effect
exit code: 0
