=== JIT: dotnet run --project src/tests/Broiler.VM.Fixtures.Host/Broiler.VM.Fixtures.Host.csproj -c Release -- --verbose ===
ok   single-profile: returned 42
ok   two-profile: 2 profiles composed
ok   suspend-resume: resumed with 17
ok   no-provider-refusal: refused twice as ProfileFault/ProfileFaultUnspecified
ok   unsupported-profile: UnsupportedProfile/ProfileNotInCatalog
broiler-vm-fixtures-host: 5 checks passed, core contract version 1

=== TRIMMED: dotnet publish -r linux-x64 --self-contained true -p:PublishAot=false ===
Determining projects to restore...
  Restored /home/user/Broiler.Browser/Broiler.VM/src/tests/Broiler.VM.Fixtures/Broiler.VM.Fixtures.csproj (in 361 ms).
  Restored /home/user/Broiler.Browser/Broiler.VM/src/Broiler.VM.Runtime/Broiler.VM.Runtime.csproj (in 361 ms).
  Restored /home/user/Broiler.Browser/Broiler.VM/src/Broiler.VM.Binary/Broiler.VM.Binary.csproj (in 361 ms).
  Restored /home/user/Broiler.Browser/Broiler.VM/src/tests/Broiler.VM.Fixtures.Host/Broiler.VM.Fixtures.Host.csproj (in 361 ms).
  Restored /home/user/Broiler.Browser/Broiler.VM/src/Broiler.VM.Abstractions/Broiler.VM.Abstractions.csproj (in 4 ms).
  Broiler.VM.Binary -> /home/user/Broiler.Browser/Broiler.VM/src/Broiler.VM.Binary/bin/Release/net10.0/Broiler.VM.Binary.dll
  Broiler.VM.Abstractions -> /home/user/Broiler.Browser/Broiler.VM/src/Broiler.VM.Abstractions/bin/Release/net10.0/Broiler.VM.Abstractions.dll
  Broiler.VM.Runtime -> /home/user/Broiler.Browser/Broiler.VM/src/Broiler.VM.Runtime/bin/Release/net10.0/Broiler.VM.Runtime.dll
  Broiler.VM.Fixtures -> /home/user/Broiler.Browser/Broiler.VM/src/tests/Broiler.VM.Fixtures/bin/Release/net10.0/Broiler.VM.Fixtures.dll
  Broiler.VM.Fixtures.Host -> /home/user/Broiler.Browser/Broiler.VM/src/tests/Broiler.VM.Fixtures.Host/bin/Release/net10.0/linux-x64/Broiler.VM.Fixtures.Host.dll
  Optimizing assemblies for size. This process might take a while.
  Broiler.VM.Fixtures.Host -> /home/user/Broiler.Browser/Broiler.VM/artifacts/publish-trimmed/

--- running the trimmed binary ---
image size: 78256 bytes
ok   single-profile: returned 42
ok   two-profile: 2 profiles composed
ok   suspend-resume: resumed with 17
ok   no-provider-refusal: refused twice as ProfileFault/ProfileFaultUnspecified
ok   unsupported-profile: UnsupportedProfile/ProfileNotInCatalog
broiler-vm-fixtures-host: 5 checks passed, core contract version 1
exit code: 0
