# The sweep of ADR prose and the profile decision records, 2026-09-02.
#
# An ADR is a THIRD kind of document: revised in place, so live, but most of its
# figures are the decision itself. 'Exactly three packages' is not a measurement that
# can go stale; it is the budget the record sets. The sweep cannot tell those from
# claims about the tree, so it reports both and the classification is done by reading.

what the tree says now: {"ADR files": 12, "annotations": 905, "artefacts": 64, "composition roots": 5, "covered product source files": 61, "covered source files": 61, "edges": 59, "family assemblies": 3, "files": 61, "packable assemblies": 3, "packages": 3, "product assemblies": 3, "projects": 20, "rules": 78, "source files": 61, "units": 1987}

docs/adr/0001-component-topology-and-dependency-graph.md  (49)
      four artefacts
          ...on: the aggregate repository is unchanged, and that is a ruling  VM-0 changes none of the four artefacts that could plausibly have to change, and each is unaffected...
      three product assemblies
          ...0003-core-contract-v1-and-amendments.md`).  Nothing here describes behaviour. At VM-0 the three product assemblies contain no catalog, no descriptor, no verifier, no lifecycl...
      three product assemblies
          ...l, which is what makes the manifest a drift check rather than a description.  Each of the three product assemblies enforces a boundary that cannot be enforced inside another....
      three product assemblies
          ... pack over Broiler.VM.slnx produces exactly three .nupkg and three .snupkg, named for the three product assemblies. Status: Deferred; activation milestone VM-6; non-vacuous w...
      three product assemblies
          ...sts since VM-1: `assurance.manifest.json` | **Generated.** One entry per code unit in the three product assemblies, exempt and relevant alike, and one per covered file, each ...
      three product assemblies
          ....  **What this revision moves, and what it does not.** It moves no packable boundary: the three product assemblies are unchanged across this milestone, the API baseline they ...
      six product assemblies
          ...oot, and the profile's status ledger says so. The assurance system's covered set grows to six product assemblies, which is the product/test partition applied unchanged rath...
      three assemblies
          ... dependency boundary, not a vocabulary boundary, so a consumer that references two of the three assemblies does not acquire two namespaces to import. `RootNamespace` ...
      three assemblies
          ... the profile is milestone JS-10's decision and it will need its own revision here.  **Why three assemblies rather than one.** Each enforces a boundary that cannot be ...
      two assemblies
          ...t.** Its subject is a test-only consumer profile and it states a reference set of exactly two assemblies. A product profile with a format sibling has three, so wide...
      three assemblies
          ...out either weakening the other.  **What JS-0 does not do.** It lands no product code: the three assemblies contain one `AssemblyMarker` each and nothing else, for the...
      eight edges
          ...<host>/` directories for test-only hosts (deferred to VM-1).  ## Decision: five projects, eight edges, and a closed budget  VM-0 creates exactly five projects an...
      eight edges
          ...project files exist at VM-0 at the paths above. The complete legal edge multiset is these eight edges and no others:  | From | To | |---|---| | Broiler.VM.Runtim...
      forty-one
edges
          ...ph by construction, and `graph.manifest.json` continues to describe fourteen projects and forty-one edges. A reader who counts `.csproj` files finds fifteen, and thi...
      41 edges <-- DISAGREES, tree says 59
          ...an execution-only composition contains no compiler |  The graph goes from 14 projects and 41 edges to 17 and 46, and product projects from 3 to 6. **The packa...
      46 edges <-- DISAGREES, tree says 59
          ...e checks that need a second profile in the catalog |  The graph goes from 17 projects and 46 edges to 19 and 55. **The packable set is unchanged at exactly th...
      55 edges <-- DISAGREES, tree says 59
          ...row without a dated revision".  **What is now true.** The graph goes from 19 projects and 55 edges to 20 and 59. **The packable set is unchanged at exactly th...
      two composition roots
          ...nding up a second one over the same tree.  ---  ### 2026-08-31 - the JavaScript profile's two composition roots  Milestone JS-1 of the `Broiler.VM.Profile.JavaScript` road...
      9 rules <-- DISAGREES, tree says 78
          ...e and no other: "every forbidden edge in the VM-0 shell graph is expressed and witnessed; 9 rules await their subject and are registered in rules.register.js...
      28 rules <-- DISAGREES, tree says 78
          ...eferred on their own merits and this record does not promote them.  Exclusion EX-05: 9 of 28 rules await their subject and assert nothing about anything real ...
      three rules
          ...blished and run rather than collected by a runner. So there are three partitions now, and three rules moved with it:  - **A4** gains an exemption for a compositi...
      two rules
          ... `Com.Example.Ledger`. N1 states the stronger claim over its own subject instead, and the two rules now cover the two kinds of profile this component contains ...
      Three rules
          ...` shape instead, which puts them where A12 and the composition register can hold them.  **Three rules in group K changed, and each change is a widening the regis...
      five projects
          ... in the register section below.  This record settles where Broiler.VM's code lives, which five projects VM-0 creates, what each may reference, which public surface...
      five projects
          ...her `src/tests/<host>/` directories for test-only hosts (deferred to VM-1).  ## Decision: five projects, eight edges, and a closed budget  VM-0 creates exactly fiv...
      five projects
          ...M-1).  ## Decision: five projects, eight edges, and a closed budget  VM-0 creates exactly five projects and no others. The table below is the content of `src/tests...
      8 projects <-- DISAGREES, tree says 20
          ...may add at most 1 (a fuzz target host). The ceiling at VM-2 is 5 test-only   projects and 8 projects in total. - The set may SHRINK at VM-6, which finalizes onl...
      five projects
          ...ntly at any point.  ### Target framework, analyzers, and the absence of an AOT claim  All five projects target `net10.0`, set from the component's own `Directory.B...
      three projects
          ...ecture.Tests/witnesses/A5-test-project-omits-ispackable.csproj.witness.  Rule A6: Exactly three projects declare a PackageId, and for each PackageId equals Assembly...
      five projects
          ...What it fixes | |---|---|---| | `Broiler.VM.slnx` | exists at VM-0: Broiler.VM.slnx | The five projects in `/src/` and `/tests/` folders. It declares no configurat...
      five
projects
          ...this component is a submodule whose standalone checkout has no parent pin to inherit; all five projects target `net10.0` and reproducibility rests on the evidence ...
      four projects
          ... above left open because nothing existed to read them against.  **The budget.** VM-3 adds four projects and no packable assembly:  | Project | Path | Kind | Why | ...
      8 projects <-- DISAGREES, tree says 20
          ...ition.Workbench/` | composition root | The two-profile composition |  The graph goes from 8 projects to 12, and test-only projects from 5 to 7. **The packable s...
      two projects
          ...n every project there is. Adding a fourth path shape was rejected: it would exist to hold two projects that already have a shape that fits, and every path express...
      12 projects <-- DISAGREES, tree says 20
          ...ning lifecycle host whose managed heap and working set are sampled |  The graph goes from 12 projects to 13, and test-only projects from 7 to 8. **The packable s...
      13 projects <-- DISAGREES, tree says 20
          ...arness: candidate against control, two lanes, retained repetitions |  The graph goes from 13 projects to 14, and test-only projects from 8 to 9. **The packable s...
      fourteen projects
          ...d this is the milestone where that sentence finally means something.** The graph stays at fourteen projects and the packable set stays at exactly three. What VM-6 adds...
      fourteen projects
          ...outside the frozen graph by construction, and `graph.manifest.json` continues to describe fourteen projects and forty-one edges. A reader who counts `.csproj` files fi...
      five projects
          ...ses a rejection, and the rejection is worth reading before the revision.** The "Decision: five projects" section rejects "a product-located profile shell, which wo...
      three projects
          ...d. Rules A4, A5 and A11 keep the fixture exactly where it was.  **The budget.** JS-0 adds three projects and no packable assembly:  | Project | Path | Kind | Why | ...
      14 projects <-- DISAGREES, tree says 20
          ... of it, so that an execution-only composition contains no compiler |  The graph goes from 14 projects and 41 edges to 17 and 46, and product projects from 3 to 6...
      two projects
          ...le's own JSD-0008 records what they are and why there are two.  **The budget.** JS-1 adds two projects and no packable assembly:  | Project | Path | Kind | Why | ...
      17 projects <-- DISAGREES, tree says 20
          ...us, and holds the checks that need a second profile in the catalog |  The graph goes from 17 projects and 46 edges to 19 and 55. **The packable set is unchanged ...
      two projects
          ...xactly three**, and both roots carry the literal `<IsPackable>false</IsPackable>`.  **Why two projects and not two modes of one binary.** They differ by exactly o...
      19 projects <-- DISAGREES, tree says 20
          ...e set "may not grow without a dated revision".  **What is now true.** The graph goes from 19 projects and 55 edges to 20 and 59. **The packable set is unchanged ...
      three packages
          ...ed (Rule A4); assembly half is Rule B6, Vacuous | | 4 | ARTEFACT: a pack produces exactly three packages and none bearing the fixture name | Rule C1, Deferred to VM...
      three packages
          ...chable from a sample. That is not caution about supply chain - it is how the claim "these three packages depend on nothing" is made falsifiable, because a package t...
      three packages
          ...dary is unchanged from VM-0's hypothesis because nothing since has justified changing it: three packages, one of which depends on the other two, and no evidence in ...
      two profiles
          ...y.  **One finding, recorded because it is a property of the contract rather than of these two profiles.** ~~A runtime ceiling is clamped to the tightest profile h...

docs/adr/0003-core-contract-v1-and-amendments.md  (10)
      twelve files
          ... make the contract-bearing set and its declared version a set-equality assertion over all twelve files rather than an editorial habit.  **`Broiler.VM.Abstractions...
      two
artefacts
          ...cause section 2 states that at least one amendment should be planned for. And it owns the two artefacts the other eleven records must share: the frozen vocabulary ...
      Two artefacts
          ...ways, because the support table and section 15 recertification are affected.  **Record.** Two artefacts, in one change: a new ADR `NNNN-core-contract-version-n+1.m...
      three product assemblies
          ...product graph is declared `namespace Broiler.VM;`, written explicitly in its file, in all three product assemblies.** ADR 0001 owns that rule and the `RootNamespace` property...
      28 rules <-- DISAGREES, tree says 78
          ...xt still occurs verbatim in `docs/roadmap.md`. Reason: `rules.register.json` is closed at 28 rules at VM-0 and contains no documentation rule of this shape. C...
      0005 rules <-- DISAGREES, tree says 78
          ...e mapping to ADR 0006 and ADR 0007, neither of which mentions    either status, but **ADR 0005 rules it already** - "a value that contradicts    the format is `...
      two
profiles
          ...about any of them, so it is listed first among the additions. And **row 6 was the one the two profiles graded in opposite directions** - the profile with no parse...
      two profiles
          ...at made this expensive is worth keeping.* The clamp was enforced by code,    described in two profiles' XML comments, a composition register and an evidence    bu...
      two profiles
          ... Section 12 gained a tenth row for nested    instantiation, the stale paragraph about the two profiles grading the argument    channel oppositely is corrected, an...
      two profiles
          ...since VM-2 as EX-78. Two residues remain. This record's    own section 12 prose about the two profiles grading the argument channel    oppositely is **now stale**...

docs/adr/0004-lifecycle-and-state-machine.md  (2)
      three artefacts
          ...lements, or asserts any of them, and that marker is not repeated at each mention. Exactly three artefacts this record names exist as checked-in files: `src/Broiler.V...
      four
rules
          ...all on the same runtime is still on the current thread's stack. Contract version 1 states four rules.  **1. A guest-initiated load re-enters the runtime that re...

docs/adr/0005-operation-result-envelope.md  (3)
      two rules
          ...n` | (exists at VM-0: src/tests/Broiler.VM.Architecture.Tests/rules.register.json) |  The two rules in the register that bear on this record are the ones provi...
      two profiles
          ... the mechanical enforcement of section 1's non-goal "an implied invocation bridge between two profiles hosted in the same process": that non-goal becomes testable...
      two profiles
          ...ation of core code the core cannot root, and breaks down the moment one composition hosts two profiles or a stage returns a failure with no payload type in scope....

docs/adr/0007-resource-authority-and-budgets.md  (4)
      100 units <-- DISAGREES, tree says 1987
          ...es from multiplying a host ceiling: N children under a 100-unit parent can together spend 100 units and no more, whatever their individual ceilings say. Reserv...
      two rules
          ...scope. When several are exhausted at one observation point the result is deterministic by two rules: report the **outermost** scope first - `Aggregate`, then `...
      0005 rules <-- DISAGREES, tree says 78
          ...dispose, cancel, request-suspend, poll-deadlines and lease acquire and release, which ADR 0005 rules are not envelope-bearing stages - charge nothing and are ne...
      28 rules <-- DISAGREES, tree says 78
          ....** The register at   `src/tests/Broiler.VM.Architecture.Tests/rules.register.json` holds 28 rules,   all owned by ADR 0001 (`0001-component-topology-and-depe...

docs/adr/0008-guest-initiated-loads.md  (1)
      two files
          ...different marker, and each carries its marker at first mention. This record cites exactly two files as existing: the core contract version constant (exists at ...

docs/adr/0009-external-suspension-and-async-instantiation.md  (2)
      twelve ADR files
          ...alogValidationException` by ADR 0002 (`0002-profile-identity-and-static-catalog.md`). The twelve ADR files cross-referenced below exist at VM-0 under `docs/adr/`; eve...
      0007 rules <-- DISAGREES, tree says 78
          ...tionLimitReached` |  `MaxSuspendedResidency` exists because the wall clock is paused. ADR 0007 rules that wall clock accrues only between entry into a core-owne...

docs/adr/0010-embedding-decisions.md  (2)
      two artefacts
          ...sted-envelope key set of ADR 0006. Reason: both are paper at VM-0, and a drift test needs two artefacts to compare. Closed by: the persistence gate of EX-25, which...
      Two rules
          ...le validates | No | | 16 | The opaque profile section begins here | Not a header field |  Two rules bind that table. Every member of ADR 0006's key set appears...

docs/adr/0011-source-level-profile-contract.md  (5)
      two assemblies
          ... first advertised root). | | P2 | The promised surface is exactly the public API of those two assemblies, as captured by the public API baseline (deferred to VM-6)....
      two rules
          ...edence ADR 0005 owns.  **One seam to reconcile.** ADR 0005 states the same translation in two rules - an `OperationCanceledException` carrying the operation's ...
      0005 rules <-- DISAGREES, tree says 78
          ...single case where a core meter in the operation's chain is already exhausted - a case ADR 0005 rules on nowhere by name, and one its catch-all would report as a...
      two profiles
          ...eption escaping a host capability is translated, why a shared host registry cannot bridge two profiles, and the standing rule that governs every future proposal t...
      two profiles
          ...satisfied on 2026-08-31.** The core implements it; the entry schema is published below so two profiles' corpora agree on the record without sharing an assembly. |...

docs/adr/0012-security-ownership-and-support-matrix.md  (1)
      nine rules
          ...ll graph builds; every forbidden edge in the VM-0 shell graph is expressed and witnessed; nine rules await their subject and are registered in rules.register.js...

src/Broiler.VM.Profile.JavaScript/docs/decisions/0001-placement-identity-and-assembly-topology.md  (5)
      three assemblies
          ... claim that nothing here is packable cannot decay into prose nobody checks.  ## Decision: three assemblies  | Assembly | Boundary it enforces | References | |---|---|...
      three assemblies
          ...iolation.  ## What this record does not decide  - **No product code exists.** Each of the three assemblies contains one `AssemblyMarker` and   nothing else. There is ...
      three projects
          ...ore's half of this decision is **ADR 0001 revision 5** (2026-08-31), which authorises the three projects, records the budget growth from 14 projects to 17 with the ...
      14 projects <-- DISAGREES, tree says 20
          ...ion 5** (2026-08-31), which authorises the three projects, records the budget growth from 14 projects to 17 with the packable set unchanged at three, and revises...
      three projects
          ...el obliges it. A NuGet `PackageId` is a shipping decision, and it is JS-10's. None of the three projects declares one, all three carry `<IsPackable>false</IsPackabl...

src/Broiler.VM.Profile.JavaScript/docs/decisions/0002-feature-manifest-allocation.md  (1)
      Three rules
          ...scope, extends the retained malformed corpus, and re-runs the oracle against the ratchet. Three rules govern it:  1. **Increments do not inherit.** Manifest *n+1...

src/Broiler.VM.Profile.JavaScript/docs/decisions/0003-deployment-composition-labels.md  (1)
      three assemblies
          ...d. JS-0 changes none of that: there is no composition root in the checkout, the profile's three assemblies are unpackable by rule N4, and the composition register the...

src/Broiler.VM.Profile.JavaScript/docs/decisions/0004-limit-defaults-hard-maxima-and-the-budget-matrix.md  (1)
      two profiles
          ...* - a zero there is a claim about every neighbour that adopts defaults. And **reconciling two profiles' defaults belongs to whichever component composes both**; t...

src/Broiler.VM.Profile.JavaScript/docs/decisions/0005-the-seed-waited-on-set-and-snapshot-stop-condition.md  (1)
      twenty projects
          ... list. The aggregate repository suppresses fourteen nullable diagnostics across more than twenty projects for a legacy reason this component does not have, and inher...

src/Broiler.VM.Profile.JavaScript/docs/decisions/0006-assurance-evidence-and-rules-adoption.md  (4)
      three product assemblies
          ...st, release gate | `src/tests/Broiler.VM.Architecture.Tests/` | The covered set grew from three product assemblies to six. Nothing else | | Architecture rule register and wit...
      three assemblies
          ...api/public-api.txt` against the **packable** assemblies in both directions. The profile's three assemblies are deliberately unpackable until JS-10, so they are outsid...
      four rules
          ...ses | `src/tests/Broiler.VM.Architecture.Tests/rules.register.json` | Group **N** minted: four rules, nine witness inputs, each clause asserted on the content o...
      four rules
          ...viation 2 - the rule register is the component's, and group N is the profile's  Group N's four rules sit in the component's register because there is one projec...

src/Broiler.VM.Profile.JavaScript/docs/decisions/0007-cross-profile-position-and-amendment-grading.md  (3)
      two profiles
          ...ined coercion in both directions - so implementing them means two core runtimes, carrying two profiles, exchanging values.  **This profile owns none of that imple...
      two
  profiles
          ...  report, its Native AOT evidence, its shared aggregate budget, and the reconciliation of two   profiles' **defaults**. That component does not exist and has no own...
      two profiles
          ...ost-boundary transits and a conversion in each direction**. That is the correct price for two profiles that share no semantics, and it is a price that shows up in...

src/Broiler.VM.Profile.JavaScript/docs/decisions/0008-format-version-1-the-entry-point-and-what-js-1-corrected.md  (2)
      two composition roots
          ...them instead, which is the right pair of rules for a composition root.  ## Correction 4 - two composition roots, not one binary with two modes  The gate names one composit...
      two projects
          ...ots, not one binary with two modes  The gate names one composition; this milestone builds two projects. **They differ by exactly one reference - the lowering - an...

src/Broiler.VM.Profile.JavaScript/docs/decisions/0009-the-diagnostic-registry-and-the-position-encoding.md  (1)
      two profiles
          .../roadmap.md#7-the-bytecode-format-and-the-verifier) says why that has to be written down: two profiles designing two position encodings against one shared record,...

src/Broiler.VM.Profile.JavaScript/docs/decisions/0010-which-review-rules-govern-this-profiles-documents.md  (1)
      five rules
          ...s for exactly this record if the documents turn out to be a different genre. Three of the five rules pass over them unchanged, so they are not: they are the sam...

src/Broiler.VM.Profile.JavaScript/docs/decisions/0012-the-profile-api-baseline-and-where-its-clause-lives.md  (2)
      two files
          ... can read the other, and a change to how a member is spelled moves both.  **Two subjects, two files.** This is deliberately not a widening of rule M1. M1's own...
      three assemblies
          ...ithout executing  Route one of the two JS-1-001 named. Rule **N10** compares the family's three assemblies against [`docs/api/public-api.txt`](../api/public-api.txt) ...

src/Broiler.VM.Profile.JavaScript/docs/decisions/README.md  (1)
      three assemblies
          ...y-topology.md) | Where this component lives, its profile ID and package identity, and the three assemblies it is built from | JS-0 | | [JSD-0002](0002-feature-manifes...

total: 102

=== controls for rule A15 ===

==============================================================================
A15-the-budget-revision-is-missing
  what:  The exact state the record was in until this change: a project-adding revision with no budget paragraph, so the last stated size is one revision behind.
  suite: FAILED
  A15 said:
      docs/adr/0001-component-topology-and-dependency-graph.md's last budget states 19 projects and the graph holds 20: a project was added without the dated revision that authorises it, or the revision omitted its budget paragraph
      docs/adr/0001-component-topology-and-dependency-graph.md's last budget states 55 edges and the graph holds 59
==============================================================================
A15-the-edge-count-alone-is-wrong
  what:  A revision that counted its projects and miscounted its edges - the half a reader is least likely to recompute.
  suite: FAILED
  A15 said:
      docs/adr/0001-component-topology-and-dependency-graph.md's last budget states 57 edges and the graph holds 59
==============================================================================
A15-the-budget-states-projects-and-no-edges
  what:  The older sentence shape, which states no edge count. Accepted for the historical revisions that use it and reported when it is the LAST one.
  suite: FAILED
  A15 said:
      docs/adr/0001-component-topology-and-dependency-graph.md's last budget states a project count and no edge count, and the graph holds 59 edges
