  Determining projects to restore...
  Restored D:\Broiler.Browser\Broiler.VM\src\tests\Broiler.VM.Architecture.Tests\Broiler.VM.Architecture.Tests.csproj (in 224 ms).
  Restored D:\Broiler.Browser\Broiler.VM\src\Broiler.VM.Runtime\Broiler.VM.Runtime.csproj (in 224 ms).
  3 of 5 projects are up-to-date for restore.
  Broiler.VM.Abstractions -> D:\Broiler.Browser\Broiler.VM\src\Broiler.VM.Abstractions\bin\Release\net10.0\Broiler.VM.Abstractions.dll
  Broiler.VM.Binary -> D:\Broiler.Browser\Broiler.VM\src\Broiler.VM.Binary\bin\Release\net10.0\Broiler.VM.Binary.dll
  Broiler.VM.Fixtures -> D:\Broiler.Browser\Broiler.VM\src\tests\Broiler.VM.Fixtures\bin\Release\net10.0\Broiler.VM.Fixtures.dll
  Broiler.VM.Runtime -> D:\Broiler.Browser\Broiler.VM\src\Broiler.VM.Runtime\bin\Release\net10.0\Broiler.VM.Runtime.dll
  Broiler.VM.Architecture.Tests -> D:\Broiler.Browser\Broiler.VM\src\tests\Broiler.VM.Architecture.Tests\bin\Release\net10.0\Broiler.VM.Architecture.Tests.dll
Test run for D:\Broiler.Browser\Broiler.VM\src\tests\Broiler.VM.Architecture.Tests\bin\Release\net10.0\Broiler.VM.Architecture.Tests.dll (.NETCoreApp,Version=v10.0)
A total of 1 test files matched the specified pattern.
[xUnit.net 00:00:00.20]     Broiler.VM.Architecture.Tests.ProjectFileRuleTests.A4_No_Product_Project_References_A_Test_Only_Project [FAIL]
  Failed Broiler.VM.Architecture.Tests.ProjectFileRuleTests.A4_No_Product_Project_References_A_Test_Only_Project [2 ms]
  Error Message:
   Assert.Empty() Failure: Collection was not empty
Collection: ["src/Broiler.VM.Runtime/Broiler.VM.Runtime.csproj -"···]
  Stack Trace:
     at Broiler.VM.Architecture.Tests.ProjectFileRuleTests.A4_No_Product_Project_References_A_Test_Only_Project() in D:\Broiler.Browser\Broiler.VM\src\tests\Broiler.VM.Architecture.Tests\ProjectFileRuleTests.cs:line 41
   at System.Reflection.MethodBaseInvoker.InterpretedInvoke_Method(Object obj, IntPtr* args)
   at System.Reflection.MethodBaseInvoker.InvokeWithNoArgs(Object obj, BindingFlags invokeAttr)
[xUnit.net 00:00:00.21]     Broiler.VM.Architecture.Tests.ProjectFileRuleTests.A7_Declared_Edges_Match_The_Graph_Manifest_Exactly [FAIL]
  Failed Broiler.VM.Architecture.Tests.ProjectFileRuleTests.A7_Declared_Edges_Match_The_Graph_Manifest_Exactly [9 ms]
  Error Message:
   Assert.Empty() Failure: Collection was not empty
Collection: ["+ Broiler.VM.Runtime -> Broiler.VM.Fixtures"]
  Stack Trace:
     at Broiler.VM.Architecture.Tests.ProjectFileRuleTests.A7_Declared_Edges_Match_The_Graph_Manifest_Exactly() in D:\Broiler.Browser\Broiler.VM\src\tests\Broiler.VM.Architecture.Tests\ProjectFileRuleTests.cs:line 87
   at System.Reflection.MethodBaseInvoker.InterpretedInvoke_Method(Object obj, IntPtr* args)
   at System.Reflection.MethodBaseInvoker.InvokeWithNoArgs(Object obj, BindingFlags invokeAttr)

Failed!  - Failed:     2, Passed:    31, Skipped:     0, Total:    33, Duration: 221 ms - Broiler.VM.Architecture.Tests.dll (net10.0)
