# reference artifacts/test262-bytecode-head/test262.report
#   manifest broiler.javascript.wide; harness loaded; form bytecode; fuel 100000000; wall 5000 ms
#   total|53469|94545|70834|13315|1990|60|8346
# candidate artifacts/ci-test262/bytecode/test262.report
#   manifest broiler.javascript.wide; harness loaded; form bytecode; fuel 100000000; wall 5000 ms
#   total|53469|94545|70834|13315|1990|60|8346
# NOTE this is not a bytecode reference against a native candidate; the classes below describe that comparison
# reading: realistic - class (c) is admitted, because a run was taken below 60000 ms; class (b) is not admitted without --exempt-guest-loads
# 94545 variants in both reports, 8 differ; 0 variant(s) present in only one report were ignored

## (c) a wall-clock exhaustion under a realistic allowance: 8 - admitted
  test/staging/sm/Date/dst-offset-caching-1-of-8.js [sloppy]: Exhausted/WallClock -> Exhausted/Fuel  the allowance was spent running the test
  test/staging/sm/Date/dst-offset-caching-2-of-8.js [sloppy]: Exhausted/WallClock -> Exhausted/Fuel  the allowance was spent running the test
  test/staging/sm/Date/dst-offset-caching-3-of-8.js [sloppy]: Exhausted/WallClock -> Exhausted/Fuel  the allowance was spent running the test
  test/staging/sm/Date/dst-offset-caching-5-of-8.js [sloppy]: Exhausted/WallClock -> Exhausted/Fuel  the allowance was spent running the test
  test/staging/sm/Date/dst-offset-caching-6-of-8.js [sloppy]: Exhausted/WallClock -> Exhausted/Fuel  the allowance was spent running the test
  test/staging/sm/Date/dst-offset-caching-6-of-8.js [strict]: Exhausted/WallClock -> Exhausted/Fuel  the allowance was spent running the test
  test/staging/sm/Date/dst-offset-caching-7-of-8.js [sloppy]: Exhausted/WallClock -> Exhausted/Fuel  the allowance was spent running the test
  test/staging/sm/Date/dst-offset-caching-7-of-8.js [strict]: Exhausted/WallClock -> Exhausted/Fuel  the allowance was spent running the test

# every difference is in an admitted class
exit 0
