# reference artifacts/test262-bytecode-head/test262.report
#   manifest broiler.javascript.wide; harness loaded; form bytecode; fuel 100000000; wall 5000 ms
#   total|53469|94545|70834|13315|1990|60|8346
# candidate artifacts/test262-native-wide-1/test262.report
#   manifest broiler.javascript.wide; harness loaded; form native (x86-64-win64); fuel 100000000; wall 60000 ms
#   total|53469|94545|70834|13315|1990|60|8346
# reading: realistic - class (c) is admitted, because a run was taken below 60000 ms; class (b) is admitted
# 94545 variants in both reports, 40 differ; 0 variant(s) present in only one report were ignored

## (b) fuel or nested-load bytes spent on a guest-load variant: 2 - admitted
  test/staging/sm/regress/regress-610026.js [sloppy]: Exhausted/WallClock -> Exhausted/NestedLoadBytes  the allowance was spent running the test
  test/staging/sm/regress/regress-610026.js [strict]: Exhausted/WallClock -> Exhausted/NestedLoadBytes  the allowance was spent running the test

## (c) a wall-clock exhaustion under a realistic allowance: 38 - admitted
  test/built-ins/Array/prototype/lastIndexOf/length-near-integer-limit.js [sloppy]: Exhausted/WallClock -> Exhausted/Fuel  the allowance was spent running the test
  test/built-ins/Array/prototype/lastIndexOf/length-near-integer-limit.js [strict]: Exhausted/WallClock -> Exhausted/Fuel  the allowance was spent running the test
  test/built-ins/Array/prototype/reduceRight/length-near-integer-limit.js [sloppy]: Exhausted/WallClock -> Exhausted/Fuel  the allowance was spent running the test
  test/built-ins/Array/prototype/reduceRight/length-near-integer-limit.js [strict]: Exhausted/WallClock -> Exhausted/Fuel  the allowance was spent running the test
  test/built-ins/Array/prototype/splice/throws-if-integer-limit-exceeded.js [sloppy]: Exhausted/WallClock -> Exhausted/Fuel  the allowance was spent running the test
  test/built-ins/Array/prototype/splice/throws-if-integer-limit-exceeded.js [strict]: Exhausted/WallClock -> Exhausted/Fuel  the allowance was spent running the test
  test/built-ins/Array/prototype/toReversed/length-casted-to-zero.js [sloppy]: Exhausted/WallClock -> Exhausted/Fuel  the allowance was spent running the test
  test/built-ins/Array/prototype/toReversed/length-casted-to-zero.js [strict]: Exhausted/WallClock -> Exhausted/Fuel  the allowance was spent running the test
  test/built-ins/Array/prototype/toSorted/length-casted-to-zero.js [sloppy]: Exhausted/WallClock -> Exhausted/Fuel  the allowance was spent running the test
  test/built-ins/Array/prototype/toSorted/length-casted-to-zero.js [strict]: Exhausted/WallClock -> Exhausted/Fuel  the allowance was spent running the test
  test/built-ins/Array/prototype/toSpliced/length-casted-to-zero.js [sloppy]: Exhausted/WallClock -> Exhausted/Fuel  the allowance was spent running the test
  test/built-ins/Array/prototype/toSpliced/length-casted-to-zero.js [strict]: Exhausted/WallClock -> Exhausted/Fuel  the allowance was spent running the test
  test/built-ins/Array/prototype/unshift/length-near-integer-limit.js [sloppy]: Exhausted/WallClock -> Exhausted/Fuel  the allowance was spent running the test
  test/built-ins/Array/prototype/unshift/length-near-integer-limit.js [strict]: Exhausted/WallClock -> Exhausted/Fuel  the allowance was spent running the test
  test/built-ins/Array/prototype/unshift/throws-if-integer-limit-exceeded.js [sloppy]: Exhausted/WallClock -> Exhausted/Fuel  the allowance was spent running the test
  test/built-ins/Array/prototype/unshift/throws-if-integer-limit-exceeded.js [strict]: Exhausted/WallClock -> Exhausted/Fuel  the allowance was spent running the test
  test/built-ins/decodeURI/S15.1.3.1_A2.5_T1.js [sloppy]: Exhausted/WallClock -> Exhausted/Fuel  the allowance was spent running the test
  test/built-ins/decodeURI/S15.1.3.1_A2.5_T1.js [strict]: Exhausted/WallClock -> Exhausted/Fuel  the allowance was spent running the test
  test/built-ins/decodeURIComponent/S15.1.3.2_A2.5_T1.js [sloppy]: Exhausted/WallClock -> Exhausted/Fuel  the allowance was spent running the test
  test/built-ins/decodeURIComponent/S15.1.3.2_A2.5_T1.js [strict]: Exhausted/WallClock -> Exhausted/Fuel  the allowance was spent running the test
  test/staging/sm/Array/from_basics.js [sloppy]: Exhausted/WallClock -> Exhausted/Fuel  the allowance was spent running the test
  test/staging/sm/Array/from_basics.js [strict]: Exhausted/WallClock -> Exhausted/Fuel  the allowance was spent running the test
  test/staging/sm/Date/dst-offset-caching-1-of-8.js [sloppy]: Exhausted/WallClock -> Exhausted/Fuel  the allowance was spent running the test
  test/staging/sm/Date/dst-offset-caching-1-of-8.js [strict]: Exhausted/WallClock -> Exhausted/Fuel  the allowance was spent running the test
  test/staging/sm/Date/dst-offset-caching-2-of-8.js [sloppy]: Exhausted/WallClock -> Exhausted/Fuel  the allowance was spent running the test
  test/staging/sm/Date/dst-offset-caching-2-of-8.js [strict]: Exhausted/WallClock -> Exhausted/Fuel  the allowance was spent running the test
  test/staging/sm/Date/dst-offset-caching-3-of-8.js [sloppy]: Exhausted/WallClock -> Exhausted/Fuel  the allowance was spent running the test
  test/staging/sm/Date/dst-offset-caching-3-of-8.js [strict]: Exhausted/WallClock -> Exhausted/Fuel  the allowance was spent running the test
  test/staging/sm/Date/dst-offset-caching-4-of-8.js [sloppy]: Exhausted/WallClock -> Exhausted/Fuel  the allowance was spent running the test
  test/staging/sm/Date/dst-offset-caching-4-of-8.js [strict]: Exhausted/WallClock -> Exhausted/Fuel  the allowance was spent running the test
  test/staging/sm/Date/dst-offset-caching-5-of-8.js [sloppy]: Exhausted/WallClock -> Exhausted/Fuel  the allowance was spent running the test
  test/staging/sm/Date/dst-offset-caching-5-of-8.js [strict]: Exhausted/WallClock -> Exhausted/Fuel  the allowance was spent running the test
  test/staging/sm/Date/dst-offset-caching-6-of-8.js [sloppy]: Exhausted/WallClock -> Exhausted/Fuel  the allowance was spent running the test
  test/staging/sm/Date/dst-offset-caching-6-of-8.js [strict]: Exhausted/WallClock -> Exhausted/Fuel  the allowance was spent running the test
  test/staging/sm/Date/dst-offset-caching-7-of-8.js [sloppy]: Exhausted/WallClock -> Exhausted/Fuel  the allowance was spent running the test
  test/staging/sm/Date/dst-offset-caching-7-of-8.js [strict]: Exhausted/WallClock -> Exhausted/Fuel  the allowance was spent running the test
  test/staging/sm/Date/dst-offset-caching-8-of-8.js [sloppy]: Exhausted/WallClock -> Exhausted/Fuel  the allowance was spent running the test
  test/staging/sm/Date/dst-offset-caching-8-of-8.js [strict]: Exhausted/WallClock -> Exhausted/Fuel  the allowance was spent running the test

# every difference is in an admitted class
exit 0
