exit 0

  Wiederherzustellende Projekte werden ermittelt...
  "D:\Broiler.VM\src\Broiler.VM.Profile.JavaScript.Format\Broiler.VM.Profile.JavaScript.Format.csproj" wiederhergestellt (in 148 ms.).
  "D:\Broiler.VM\src\Broiler.VM.Binary\Broiler.VM.Binary.csproj" wiederhergestellt (in 145 ms.).
  "D:\Broiler.VM\src\Broiler.VM.Profile.WebAssembly\Broiler.VM.Profile.WebAssembly.csproj" wiederhergestellt (in 166 ms.).
  "D:\Broiler.VM\src\Broiler.VM.Abstractions\Broiler.VM.Abstractions.csproj" wiederhergestellt (in 153 ms.).
  "D:\Broiler.VM\src\tests\Broiler.VM.Fixtures\Broiler.VM.Fixtures.csproj" wiederhergestellt (in 158 ms.).
  "D:\Broiler.VM\src\tests\Broiler.VM.Fuzz.Host\Broiler.VM.Fuzz.Host.csproj" wiederhergestellt (in 159 ms.).
  "D:\Broiler.VM\src\Broiler.VM.Profile.JavaScript.Compiler\Broiler.VM.Profile.JavaScript.Compiler.csproj" wiederhergestellt (in 159 ms.).
  "D:\Broiler.VM\src\Broiler.VM.Profile.JavaScript\Broiler.VM.Profile.JavaScript.csproj" wiederhergestellt (in 170 ms.).
  "D:\Broiler.VM\src\Broiler.VM.Runtime\Broiler.VM.Runtime.csproj" wiederhergestellt (in 4 ms.).
  "D:\Broiler.VM\src\tests\Com.Example.Calculator\Com.Example.Calculator.csproj" wiederhergestellt (in 349 ms.).
  "D:\Broiler.VM\src\compositions\Broiler.VM.Composition.WebAssembly.Harness\Broiler.VM.Composition.WebAssembly.Harness.csproj" wiederhergestellt (in 116 ms.).
  "D:\Broiler.VM\src\tests\Broiler.VM.Soak.Host\Broiler.VM.Soak.Host.csproj" wiederhergestellt (in 347 ms.).
  "D:\Broiler.VM\src\tests\Com.Example.Ledger\Com.Example.Ledger.csproj" wiederhergestellt (in 350 ms.).
  "D:\Broiler.VM\src\compositions\Broiler.VM.Composition.PolyglotCli\Broiler.VM.Composition.PolyglotCli.csproj" wiederhergestellt (in 118 ms.).
  "D:\Broiler.VM\src\compositions\Broiler.VM.Composition.JavaScript.Cli\Broiler.VM.Composition.JavaScript.Cli.csproj" wiederhergestellt (in 353 ms.).
  "D:\Broiler.VM\src\tests\Broiler.VM.Bench.Host\Broiler.VM.Bench.Host.csproj" wiederhergestellt (in 116 ms.).
  "D:\Broiler.VM\src\compositions\Broiler.VM.Composition.JavaScript.Conformance\Broiler.VM.Composition.JavaScript.Conformance.csproj" wiederhergestellt (in 352 ms.).
  "D:\Broiler.VM\src\compositions\Broiler.VM.Composition.JavaScript.SliceCompiler\Broiler.VM.Composition.JavaScript.SliceCompiler.csproj" wiederhergestellt (in 350 ms.).
  "D:\Broiler.VM\src\compositions\Broiler.VM.Composition.Workbench\Broiler.VM.Composition.Workbench.csproj" wiederhergestellt (in 124 ms.).
  "D:\Broiler.VM\src\tests\Broiler.VM.Fixtures.Host\Broiler.VM.Fixtures.Host.csproj" wiederhergestellt (in 122 ms.).
  "D:\Broiler.VM\src\compositions\Broiler.VM.Composition.JavaScript.ExecutionOnly\Broiler.VM.Composition.JavaScript.ExecutionOnly.csproj" wiederhergestellt (in 352 ms.).
  "D:\Broiler.VM\src\compositions\Broiler.VM.Composition.Calculator\Broiler.VM.Composition.Calculator.csproj" wiederhergestellt (in 130 ms.).
  "D:\Broiler.VM\src\tests\Broiler.VM.Architecture.Tests\Broiler.VM.Architecture.Tests.csproj" wiederhergestellt (in 154 ms.).
  "D:\Broiler.VM\src\tests\Broiler.VM.Contract.Tests\Broiler.VM.Contract.Tests.csproj" wiederhergestellt (in 154 ms.).
  "D:\Broiler.VM\src\compositions\Broiler.VM.Composition.WebAssembly.Execution\Broiler.VM.Composition.WebAssembly.Execution.csproj" wiederhergestellt (in 358 ms.).
  Broiler.VM.Binary -> D:\Broiler.VM\src\Broiler.VM.Binary\bin\Release\net10.0\Broiler.VM.Binary.dll
  Broiler.VM.Abstractions -> D:\Broiler.VM\src\Broiler.VM.Abstractions\bin\Release\net10.0\Broiler.VM.Abstractions.dll
  Broiler.VM.Fixtures -> D:\Broiler.VM\src\tests\Broiler.VM.Fixtures\bin\Release\net10.0\Broiler.VM.Fixtures.dll
  Broiler.VM.Runtime -> D:\Broiler.VM\src\Broiler.VM.Runtime\bin\Release\net10.0\Broiler.VM.Runtime.dll
  Broiler.VM.Contract.Tests -> D:\Broiler.VM\src\tests\Broiler.VM.Contract.Tests\bin\Release\net10.0\Broiler.VM.Contract.Tests.dll
  Broiler.VM.Architecture.Tests -> D:\Broiler.VM\src\tests\Broiler.VM.Architecture.Tests\bin\Release\net10.0\Broiler.VM.Architecture.Tests.dll
Testlauf für "D:\Broiler.VM\src\tests\Broiler.VM.Architecture.Tests\bin\Release\net10.0\Broiler.VM.Architecture.Tests.dll" (.NETCoreApp,Version=v10.0)
Testlauf für "D:\Broiler.VM\src\tests\Broiler.VM.Contract.Tests\bin\Release\net10.0\Broiler.VM.Contract.Tests.dll" (.NETCoreApp,Version=v10.0)
Insgesamt 1 Testdateien stimmten mit dem angegebenen Muster überein.
Insgesamt 1 Testdateien stimmten mit dem angegebenen Muster überein.

Bestanden!   : Fehler:     0, erfolgreich:   209, übersprungen:     0, gesamt:   209, Dauer: 604 ms - Broiler.VM.Contract.Tests.dll (net10.0)

Bestanden!   : Fehler:     0, erfolgreich:   238, übersprungen:     0, gesamt:   238, Dauer: 7 s - Broiler.VM.Architecture.Tests.dll (net10.0)
