exit 1

  Wiederherzustellende Projekte werden ermittelt...
  "D:\Broiler.Browser\Broiler.VM\src\Broiler.VM.Abstractions\Broiler.VM.Abstractions.csproj" wiederhergestellt (in 227 ms.).
  "D:\Broiler.Browser\Broiler.VM\src\Broiler.VM.Binary\Broiler.VM.Binary.csproj" wiederhergestellt (in 227 ms.).
  "D:\Broiler.Browser\Broiler.VM\src\tests\Broiler.VM.Architecture.Tests\Broiler.VM.Architecture.Tests.csproj" wiederhergestellt (in 227 ms.).
  "D:\Broiler.Browser\Broiler.VM\src\Broiler.VM.Runtime\Broiler.VM.Runtime.csproj" wiederhergestellt (in 227 ms.).
  "D:\Broiler.Browser\Broiler.VM\src\tests\Broiler.VM.Fixtures\Broiler.VM.Fixtures.csproj" wiederhergestellt (in 227 ms.).
  Broiler.VM.Binary -> D:\Broiler.Browser\Broiler.VM\src\Broiler.VM.Binary\bin\Release\net10.0\Broiler.VM.Binary.dll
  Broiler.VM.Abstractions -> D:\Broiler.Browser\Broiler.VM\src\Broiler.VM.Abstractions\bin\Release\net10.0\Broiler.VM.Abstractions.dll
  Broiler.VM.Fixtures -> D:\Broiler.Browser\Broiler.VM\src\tests\Broiler.VM.Fixtures\bin\Release\net10.0\Broiler.VM.Fixtures.dll
  Broiler.VM.Runtime -> D:\Broiler.Browser\Broiler.VM\src\Broiler.VM.Runtime\bin\Release\net10.0\Broiler.VM.Runtime.dll
  Broiler.VM.Architecture.Tests -> D:\Broiler.Browser\Broiler.VM\src\tests\Broiler.VM.Architecture.Tests\bin\Release\net10.0\Broiler.VM.Architecture.Tests.dll
Testlauf für "D:\Broiler.Browser\Broiler.VM\src\tests\Broiler.VM.Architecture.Tests\bin\Release\net10.0\Broiler.VM.Architecture.Tests.dll" (.NETCoreApp,Version=v10.0)
Insgesamt 1 Testdateien stimmten mit dem angegebenen Muster überein.
  Fehler Broiler.VM.Architecture.Tests.CompositionRegisterTests.K4_Each_Published_Closure_Contains_Exactly_What_It_Declares [17 ms]
  Fehlermeldung:
   Assert.Empty() Failure: Collection was not empty
Collection: ["Broiler.VM.Composition.JavaScript.Cli: the bundle "···]
  Stapelverfolgung:
     at Broiler.VM.Architecture.Tests.CompositionRegisterTests.K4_Each_Published_Closure_Contains_Exactly_What_It_Declares() in D:\Broiler.Browser\Broiler.VM\src\tests\Broiler.VM.Architecture.Tests\CompositionRegisterTests.cs:line 191
   at System.Reflection.MethodBaseInvoker.InterpretedInvoke_Method(Object obj, IntPtr* args)
   at System.Reflection.MethodBaseInvoker.InvokeWithNoArgs(Object obj, BindingFlags invokeAttr)

Fehler!      : Fehler:     1, erfolgreich:   178, übersprungen:     0, gesamt:   179, Dauer: 2 s - Broiler.VM.Architecture.Tests.dll (net10.0)
[xUnit.net 00:00:00.29]     Broiler.VM.Architecture.Tests.CompositionRegisterTests.K4_Each_Published_Closure_Contains_Exactly_What_It_Declares [FAIL]
