exit 1

  Wiederherzustellende Projekte werden ermittelt...
  "D:\Broiler.Browser\Broiler.VM\src\tests\Broiler.VM.Fuzz.Host\Broiler.VM.Fuzz.Host.csproj" wiederhergestellt (in 501 ms.).
  "D:\Broiler.Browser\Broiler.VM\src\tests\Com.Example.Ledger\Com.Example.Ledger.csproj" wiederhergestellt (in 512 ms.).
  "D:\Broiler.Browser\Broiler.VM\src\compositions\Broiler.VM.Composition.JavaScript.Cli\Broiler.VM.Composition.JavaScript.Cli.csproj" wiederhergestellt (in 506 ms.).
  "D:\Broiler.Browser\Broiler.VM\src\tests\Com.Example.Calculator\Com.Example.Calculator.csproj" wiederhergestellt (in 513 ms.).
  "D:\Broiler.Browser\Broiler.VM\src\Broiler.VM.Binary\Broiler.VM.Binary.csproj" wiederhergestellt (in 501 ms.).
  "D:\Broiler.Browser\Broiler.VM\src\Broiler.VM.Abstractions\Broiler.VM.Abstractions.csproj" wiederhergestellt (in 503 ms.).
  "D:\Broiler.Browser\Broiler.VM\src\Broiler.VM.Profile.JavaScript.Compiler\Broiler.VM.Profile.JavaScript.Compiler.csproj" wiederhergestellt (in 501 ms.).
  "D:\Broiler.Browser\Broiler.VM\src\Broiler.VM.Profile.JavaScript.Format\Broiler.VM.Profile.JavaScript.Format.csproj" wiederhergestellt (in 503 ms.).
  "D:\Broiler.Browser\Broiler.VM\src\tests\Broiler.VM.Fixtures\Broiler.VM.Fixtures.csproj" wiederhergestellt (in 491 ms.).
  "D:\Broiler.Browser\Broiler.VM\src\compositions\Broiler.VM.Composition.JavaScript.SliceCompiler\Broiler.VM.Composition.JavaScript.SliceCompiler.csproj" wiederhergestellt (in 503 ms.).
  "D:\Broiler.Browser\Broiler.VM\src\compositions\Broiler.VM.Composition.Workbench\Broiler.VM.Composition.Workbench.csproj" wiederhergestellt (in 501 ms.).
  "D:\Broiler.Browser\Broiler.VM\src\Broiler.VM.Profile.JavaScript\Broiler.VM.Profile.JavaScript.csproj" wiederhergestellt (in 509 ms.).
  "D:\Broiler.Browser\Broiler.VM\src\tests\Broiler.VM.Bench.Host\Broiler.VM.Bench.Host.csproj" wiederhergestellt (in 504 ms.).
  "D:\Broiler.Browser\Broiler.VM\src\Broiler.VM.Runtime\Broiler.VM.Runtime.csproj" wiederhergestellt (in 25 ms.).
  "D:\Broiler.Browser\Broiler.VM\src\tests\Broiler.VM.Architecture.Tests\Broiler.VM.Architecture.Tests.csproj" wiederhergestellt (in 633 ms.).
  "D:\Broiler.Browser\Broiler.VM\src\compositions\Broiler.VM.Composition.JavaScript.ExecutionOnly\Broiler.VM.Composition.JavaScript.ExecutionOnly.csproj" wiederhergestellt (in 504 ms.).
  "D:\Broiler.Browser\Broiler.VM\src\compositions\Broiler.VM.Composition.Calculator\Broiler.VM.Composition.Calculator.csproj" wiederhergestellt (in 55 ms.).
  "D:\Broiler.Browser\Broiler.VM\src\compositions\Broiler.VM.Composition.JavaScript.Conformance\Broiler.VM.Composition.JavaScript.Conformance.csproj" wiederhergestellt (in 67 ms.).
  "D:\Broiler.Browser\Broiler.VM\src\tests\Broiler.VM.Contract.Tests\Broiler.VM.Contract.Tests.csproj" wiederhergestellt (in 91 ms.).
  "D:\Broiler.Browser\Broiler.VM\src\tests\Broiler.VM.Soak.Host\Broiler.VM.Soak.Host.csproj" wiederhergestellt (in 509 ms.).
  "D:\Broiler.Browser\Broiler.VM\src\tests\Broiler.VM.Fixtures.Host\Broiler.VM.Fixtures.Host.csproj" wiederhergestellt (in 175 ms.).
  Broiler.VM.Binary -> D:\Broiler.Browser\Broiler.VM\src\Broiler.VM.Binary\bin\Release\net10.0\Broiler.VM.Binary.dll
  Broiler.VM.Abstractions -> D:\Broiler.Browser\Broiler.VM\src\Broiler.VM.Abstractions\bin\Release\net10.0\Broiler.VM.Abstractions.dll
  Broiler.VM.Runtime -> D:\Broiler.Browser\Broiler.VM\src\Broiler.VM.Runtime\bin\Release\net10.0\Broiler.VM.Runtime.dll
  Broiler.VM.Fixtures -> D:\Broiler.Browser\Broiler.VM\src\tests\Broiler.VM.Fixtures\bin\Release\net10.0\Broiler.VM.Fixtures.dll
  Broiler.VM.Architecture.Tests -> D:\Broiler.Browser\Broiler.VM\src\tests\Broiler.VM.Architecture.Tests\bin\Release\net10.0\Broiler.VM.Architecture.Tests.dll
Testlauf für "D:\Broiler.Browser\Broiler.VM\src\tests\Broiler.VM.Architecture.Tests\bin\Release\net10.0\Broiler.VM.Architecture.Tests.dll" (.NETCoreApp,Version=v10.0)
  Broiler.VM.Contract.Tests -> D:\Broiler.Browser\Broiler.VM\src\tests\Broiler.VM.Contract.Tests\bin\Release\net10.0\Broiler.VM.Contract.Tests.dll
Testlauf für "D:\Broiler.Browser\Broiler.VM\src\tests\Broiler.VM.Contract.Tests\bin\Release\net10.0\Broiler.VM.Contract.Tests.dll" (.NETCoreApp,Version=v10.0)
Insgesamt 1 Testdateien stimmten mit dem angegebenen Muster überein.
Insgesamt 1 Testdateien stimmten mit dem angegebenen Muster überein.
  Fehler Broiler.VM.Architecture.Tests.CompositionRegisterTests.K4_Each_Published_Closure_Contains_Exactly_What_It_Declares [7 ms]
  Fehlermeldung:
   Assert.Empty() Failure: Collection was not empty
Collection: ["Broiler.VM.Composition.JavaScript.Cli: the bundle "···]
  Stapelverfolgung:
     at Broiler.VM.Architecture.Tests.CompositionRegisterTests.K4_Each_Published_Closure_Contains_Exactly_What_It_Declares() in D:\Broiler.Browser\Broiler.VM\src\tests\Broiler.VM.Architecture.Tests\CompositionRegisterTests.cs:line 191
   at System.Reflection.MethodBaseInvoker.InterpretedInvoke_Method(Object obj, IntPtr* args)
   at System.Reflection.MethodBaseInvoker.InvokeWithNoArgs(Object obj, BindingFlags invokeAttr)

Bestanden!   : Fehler:     0, erfolgreich:   207, übersprungen:     0, gesamt:   207, Dauer: 723 ms - Broiler.VM.Contract.Tests.dll (net10.0)

Fehler!      : Fehler:     1, erfolgreich:   178, übersprungen:     0, gesamt:   179, Dauer: 4 s - Broiler.VM.Architecture.Tests.dll (net10.0)
[xUnit.net 00:00:01.46]     Broiler.VM.Architecture.Tests.CompositionRegisterTests.K4_Each_Published_Closure_Contains_Exactly_What_It_Declares [FAIL]
