$ dotnet src/compositions/Broiler.VM.Composition.Ubc.Fixture/bin/Release/net10.0/Broiler.VM.Composition.Ubc.Fixture.dll --ubc1-corpus src/tests/corpus/ubc-1
ok   control-the-smallest-artifact-that-verifies Normal NormalCompleted 0 Fuel Artifact 0:0:0:0
ok   control-every-common-opcode Normal NormalCompleted 0 Fuel Artifact 0:0:0:0
ok   control-every-family-row Normal NormalCompleted 0 Fuel Artifact 0:0:0:0
ok   control-regions-with-landings Normal NormalCompleted 0 Fuel Artifact 0:0:0:0
ok   control-a-suspendable-unit-resumes-at-its-landings Normal NormalCompleted 0 Fuel Artifact 0:0:0:0
ok   control-jump-tables Normal NormalCompleted 0 Fuel Artifact 0:0:0:0
ok   control-calls-between-units Normal NormalCompleted 0 Fuel Artifact 0:0:0:0
ok   control-locals-of-both-planes Normal NormalCompleted 0 Fuel Artifact 0:0:0:0
ok   control-word-and-value-slots Normal NormalCompleted 0 Fuel Artifact 0:0:0:0
ok   control-entries-and-positions Normal NormalCompleted 0 Fuel Artifact 0:0:0:0
ok   control-the-wide-manifest-selects-its-own-table Normal NormalCompleted 0 Fuel Artifact 0:0:0:0
ok   control-a-family-in-the-highest-slot Normal NormalCompleted 0 Fuel Artifact 0:0:0:0
ok   control-optional-sections-present-and-empty Normal NormalCompleted 0 Fuel Artifact 0:0:0:0
ok   control-an-entry-name-of-the-longest-length-the-format-admits Normal NormalCompleted 0 Fuel Artifact 0:0:0:0
ok   control-a-trap-the-family-vocabulary-defines Normal NormalCompleted 0 Fuel Artifact 0:0:0:0
ok   control-an-artifact-exactly-at-its-requested-ceiling Normal NormalCompleted 0 Fuel Artifact 0:0:0:0
ok   an-empty-payload InvalidArtifact Truncated 3901 Fuel Artifact -1:0:-1:-1
ok   the-magic-and-nothing-after-it InvalidArtifact Truncated 3901 Fuel Artifact -1:4:-1:-1
ok   a-wrong-magic InvalidArtifact MalformedEncoding 3001 Fuel Artifact -1:0:-1:-1
ok   a-payload-version-the-descriptor-does-not-name InvalidArtifact DescriptorMismatch 3002 Fuel Artifact -1:5:-1:-1
ok   a-format-version-this-build-does-not-define InvalidArtifact UnsupportedProfileFormatVersion 3003 Fuel Artifact -1:5:-1:-1
ok   a-format-version-with-a-redundant-group InvalidArtifact MalformedEncoding 3902 Fuel Artifact -1:6:-1:-1
ok   an-empty-profile-identity InvalidArtifact MalformedEncoding 3004 Fuel Artifact -1:5:-1:-1
ok   a-manifest-identity-longer-than-the-format-admits InvalidArtifact MalformedEncoding 3004 Fuel Artifact -1:27:-1:-1
ok   a-form-identity-that-is-not-ascii InvalidArtifact MalformedEncoding 3004 Fuel Artifact -1:54:-1:-1
ok   a-translator-identity-with-a-space InvalidArtifact MalformedEncoding 3004 Fuel Artifact -1:63:-1:-1
ok   another-profiles-artifact InvalidArtifact DescriptorMismatch 3005 Fuel Artifact -1:0:-1:-1
ok   a-manifest-the-descriptor-does-not-name InvalidArtifact DescriptorMismatch 3006 Fuel Artifact -1:0:-1:-1
ok   a-manifest-that-selects-no-table-of-the-family InvalidArtifact UnsupportedFeatureManifest 3007 Fuel Artifact -1:0:-1:-1
ok   a-native-form-this-image-does-not-compose InvalidArtifact UnknownFeature 3008 Fuel Artifact -1:0:-1:-1
ok   a-section-of-kind-zero InvalidArtifact UnknownFeature 3101 Fuel Artifact -1:72:-1:-1
ok   a-section-kind-between-family-data-and-emission InvalidArtifact UnknownFeature 3101 Fuel Artifact -1:107:-1:-1
ok   a-section-kind-past-emission InvalidArtifact UnknownFeature 3101 Fuel Artifact -1:107:-1:-1
ok   sections-out-of-order InvalidArtifact InconsistentStructure 3102 Fuel Artifact 2:84:-1:-1
ok   a-duplicated-section InvalidArtifact InconsistentStructure 3102 Fuel Artifact 2:78:-1:-1
ok   no-entries-section InvalidArtifact InconsistentStructure 3103 Fuel Artifact 7:98:-1:-1
ok   no-code-section InvalidArtifact InconsistentStructure 3103 Fuel Artifact 4:99:-1:-1
ok   a-header-and-no-section InvalidArtifact InconsistentStructure 3103 Fuel Artifact 2:72:-1:-1
ok   a-byte-after-the-last-section InvalidArtifact InconsistentStructure 3104 Fuel Artifact -1:107:-1:-1
ok   a-section-longer-than-its-rows InvalidArtifact InconsistentStructure 3105 Fuel Artifact 2:78:-1:-1
ok   a-section-shorter-than-its-rows InvalidArtifact InconsistentStructure 3105 Fuel Artifact 2:78:-1:-1
ok   a-section-count-larger-than-the-sections InvalidArtifact Truncated 3901 Fuel Artifact -1:107:-1:-1
ok   a-section-length-beyond-the-payload InvalidArtifact Truncated 3901 Fuel Artifact 4:92:-1:-1
ok   a-section-length-with-a-redundant-group InvalidArtifact MalformedEncoding 3902 Fuel Artifact -1:75:-1:-1
ok   a-count-with-a-redundant-group InvalidArtifact MalformedEncoding 3902 Fuel Artifact 2:76:-1:-1
ok   a-count-wider-than-thirty-two-bits InvalidArtifact MalformedEncoding 3902 Fuel Artifact 2:79:-1:-1
ok   a-family-in-slot-zero InvalidArtifact InconsistentStructure 3201 Fuel Artifact 1:75:-1:-1
ok   a-family-in-slot-fifteen InvalidArtifact InconsistentStructure 3201 Fuel Artifact 1:75:-1:-1
ok   family-slots-that-descend InvalidArtifact InconsistentStructure 3201 Fuel Artifact 1:126:-1:-1
ok   a-family-identity-with-a-slash InvalidArtifact MalformedEncoding 3004 Fuel Artifact 1:76:-1:-1
ok   a-family-this-image-does-not-compose InvalidArtifact UnknownFeature 3202 Fuel Artifact 1:0:-1:0
ok   a-family-row-of-another-table-version InvalidArtifact UnknownFeature 3203 Fuel Artifact 1:0:-1:0
ok   a-family-row-selected-by-another-manifest InvalidArtifact InconsistentStructure 3204 Fuel Artifact 1:0:-1:0
ok   family-data-for-a-slot-no-family-occupies InvalidArtifact InconsistentStructure 3205 Fuel Artifact 10:0:-1:-1
ok   family-data-without-a-family InvalidArtifact InconsistentStructure 3205 Fuel Artifact 9:0:-1:-1
ok   the-family-declared-twice InvalidArtifact InconsistentStructure 3206 Fuel Artifact 1:0:-1:1
ok   a-parameter-of-slot-type-zero InvalidArtifact UnknownFeature 3301 Fuel Artifact 2:76:-1:-1
ok   a-result-of-slot-type-six InvalidArtifact UnknownFeature 3301 Fuel Artifact 2:77:-1:-1
ok   a-local-run-of-slot-type-six InvalidArtifact UnknownFeature 3301 Fuel Artifact 3:85:-1:-1
ok   a-unit-naming-a-missing-signature InvalidArtifact InconsistentStructure 3302 Fuel Artifact 3:0:-1:0
ok   a-unit-of-an-undeclared-family-slot InvalidArtifact InconsistentStructure 3303 Fuel Artifact 3:0:-1:0
ok   a-unit-slot-above-the-highest-slot InvalidArtifact InconsistentStructure 3303 Fuel Artifact 3:81:-1:-1
ok   a-unit-with-a-reserved-flag InvalidArtifact InconsistentStructure 3304 Fuel Artifact 3:0:-1:0
ok   a-family-flag-on-a-unit-without-a-family InvalidArtifact InconsistentStructure 3304 Fuel Artifact 3:0:-1:0
ok   unit-flags-wider-than-sixteen-bits InvalidArtifact InconsistentStructure 3304 Fuel Artifact 3:88:-1:-1
ok   a-gap-between-two-units InvalidArtifact InconsistentStructure 3305 Fuel Artifact 3:0:-1:1
ok   a-unit-of-no-code InvalidArtifact InconsistentStructure 3305 Fuel Artifact 3:0:-1:0
ok   code-past-the-last-unit InvalidArtifact InconsistentStructure 3305 Fuel Artifact 4:0:-1:-1
ok   more-locals-than-an-operand-can-name InvalidArtifact InconsistentStructure 3306 Fuel Artifact 3:0:-1:0
ok   a-declared-height-above-the-format InvalidArtifact InconsistentStructure 3306 Fuel Artifact 3:0:-1:0
ok   landings-that-descend InvalidArtifact InconsistentStructure 3307 Fuel Artifact 3:0:-1:0
ok   a-landing-that-is-no-resume-point-or-handler InvalidArtifact InconsistentStructure 3307 Fuel Artifact 3:0:-1:0
ok   a-resume-point-missing-from-the-landings InvalidArtifact InconsistentStructure 3307 Fuel Artifact 3:0:-1:0
ok   a-handler-missing-from-the-landings InvalidArtifact InconsistentStructure 3307 Fuel Artifact 3:0:-1:0
ok   an-undefined-common-opcode InvalidArtifact UnknownFeature 3401 Fuel Artifact 4:0:0:-1
ok   a-family-opcode-the-table-does-not-define InvalidArtifact UnknownFeature 3401 Fuel Artifact 4:0:0:-1
ok   a-wide-row-under-the-base-manifest InvalidArtifact UnknownFeature 3401 Fuel Artifact 4:0:0:-1
ok   the-prefix-that-would-name-the-common-family InvalidArtifact UnknownFeature 3402 Fuel Artifact 4:0:0:-1
ok   the-reserved-extended-prefix InvalidArtifact UnknownFeature 3402 Fuel Artifact 4:0:0:-1
ok   another-slots-prefix InvalidArtifact InconsistentStructure 3403 Fuel Artifact 4:0:0:-1
ok   a-family-prefix-in-a-unit-without-a-family InvalidArtifact InconsistentStructure 3403 Fuel Artifact 4:0:0:-1
ok   an-operand-that-runs-past-the-unit InvalidArtifact Truncated 3404 Fuel Artifact 4:0:0:-1
ok   a-family-prefix-at-the-last-byte InvalidArtifact Truncated 3404 Fuel Artifact 4:4:0:-1
ok   a-jump-into-an-operand InvalidArtifact InconsistentStructure 3405 Fuel Artifact 4:0:0:-1
ok   a-jump-into-another-unit InvalidArtifact InconsistentStructure 3405 Fuel Artifact 4:0:0:-1
ok   a-drop-on-an-empty-stack InvalidArtifact InconsistentStructure 3406 Fuel Artifact 4:0:0:-1
ok   a-pick-deeper-than-the-stack InvalidArtifact InconsistentStructure 3406 Fuel Artifact 4:5:0:-1
ok   a-squash-deeper-than-the-stack InvalidArtifact InconsistentStructure 3406 Fuel Artifact 4:5:0:-1
ok   a-call-without-its-parameters InvalidArtifact InconsistentStructure 3406 Fuel Artifact 4:0:0:-1
ok   a-counted-run-deeper-than-the-stack InvalidArtifact InconsistentStructure 3406 Fuel Artifact 4:3:0:-1
ok   a-branch-on-a-sixty-four-bit-word InvalidArtifact InconsistentStructure 3407 Fuel Artifact 4:9:0:-1
ok   a-select-between-two-types InvalidArtifact InconsistentStructure 3407 Fuel Artifact 4:19:0:-1
ok   a-return-of-the-wrong-result-type InvalidArtifact InconsistentStructure 3407 Fuel Artifact 4:9:0:-1
ok   a-local-set-of-the-wrong-type InvalidArtifact InconsistentStructure 3407 Fuel Artifact 4:9:0:-1
ok   a-counted-run-of-the-wrong-type InvalidArtifact InconsistentStructure 3407 Fuel Artifact 4:8:0:-1
ok   two-paths-meeting-with-different-stacks InvalidArtifact InconsistentStructure 3408 Fuel Artifact 4:13:0:-1
ok   a-taken-edge-that-disagrees-with-the-fall-through InvalidArtifact InconsistentStructure 3408 Fuel Artifact 4:9:0:-1
ok   a-push-above-the-declared-height InvalidArtifact InconsistentStructure 3409 Fuel Artifact 4:5:0:-1
ok   a-value-above-the-declared-value-height InvalidArtifact InconsistentStructure 3409 Fuel Artifact 4:3:0:-1
ok   a-path-that-runs-off-the-end InvalidArtifact InconsistentStructure 3410 Fuel Artifact 4:5:0:-1
ok   an-instruction-no-path-reaches InvalidArtifact InconsistentStructure 3411 Fuel Artifact 4:6:0:-1
ok   a-local-past-the-local-table InvalidArtifact InconsistentStructure 3412 Fuel Artifact 4:0:0:-1
ok   a-call-to-a-unit-that-does-not-exist InvalidArtifact InconsistentStructure 3413 Fuel Artifact 4:0:0:-1
ok   a-jump-table-that-does-not-exist InvalidArtifact InconsistentStructure 3414 Fuel Artifact 4:5:0:-1
ok   a-jump-table-of-another-unit InvalidArtifact InconsistentStructure 3414 Fuel Artifact 4:5:0:-1
ok   a-suspension-in-a-unit-not-flagged-suspendable InvalidArtifact InconsistentStructure 3415 Fuel Artifact 4:3:0:-1
ok   a-trap-of-the-common-slot-with-a-code InvalidArtifact InconsistentStructure 3416 Fuel Artifact 4:0:0:-1
ok   a-trap-code-outside-the-family-vocabulary InvalidArtifact InconsistentStructure 3416 Fuel Artifact 4:0:0:-1
ok   a-trap-naming-a-slot-no-family-occupies InvalidArtifact InconsistentStructure 3416 Fuel Artifact 4:0:0:-1
ok   a-counted-operand-no-stack-could-supply InvalidArtifact InconsistentStructure 3417 Fuel Artifact 4:0:0:-1
ok   a-region-of-a-unit-that-does-not-exist InvalidArtifact InconsistentStructure 3501 Fuel Artifact 6:0:-1:0
ok   a-region-that-ends-where-it-starts InvalidArtifact InconsistentStructure 3501 Fuel Artifact 6:0:-1:0
ok   a-region-reaching-past-its-unit InvalidArtifact InconsistentStructure 3501 Fuel Artifact 6:0:-1:0
ok   a-handler-outside-its-unit InvalidArtifact InconsistentStructure 3501 Fuel Artifact 6:0:-1:0
ok   a-region-of-a-kind-the-table-does-not-define InvalidArtifact InconsistentStructure 3504 Fuel Artifact 6:0:-1:0
ok   a-region-starting-inside-an-instruction InvalidArtifact InconsistentStructure 3405 Fuel Artifact 6:0:-1:0
ok   a-region-entry-height-above-the-format InvalidArtifact InconsistentStructure 3503 Fuel Artifact 6:0:-1:0
ok   a-region-entry-height-the-stack-does-not-hold InvalidArtifact InconsistentStructure 3503 Fuel Artifact 4:0:0:-1
ok   a-landing-above-the-declared-height InvalidArtifact InconsistentStructure 3409 Fuel Artifact 4:5:0:-1
ok   a-region-in-a-unit-without-a-family InvalidArtifact InconsistentStructure 3504 Fuel Artifact 6:0:-1:0
ok   regions-that-overlap-without-nesting InvalidArtifact InconsistentStructure 3502 Fuel Artifact 6:0:-1:1
ok   an-outer-region-listed-before-its-inner-one InvalidArtifact InconsistentStructure 3502 Fuel Artifact 6:0:-1:1
ok   a-region-whose-prefix-changes-inside-it InvalidArtifact InconsistentStructure 3503 Fuel Artifact 4:15:0:-1
ok   a-landing-that-disagrees-with-a-fall-through InvalidArtifact InconsistentStructure 3408 Fuel Artifact 4:4:0:-1
ok   a-jump-table-of-a-unit-that-does-not-exist InvalidArtifact InconsistentStructure 3601 Fuel Artifact 5:0:-1:0
ok   a-jump-table-with-no-target InvalidArtifact InconsistentStructure 3601 Fuel Artifact 5:0:-1:0
ok   a-jump-table-target-inside-an-instruction InvalidArtifact InconsistentStructure 3405 Fuel Artifact 5:0:-1:0
ok   a-jump-table-target-in-another-unit InvalidArtifact InconsistentStructure 3405 Fuel Artifact 5:0:-1:0
ok   an-empty-entry-name InvalidArtifact InconsistentStructure 3602 Fuel Artifact 7:101:-1:-1
ok   an-entry-name-longer-than-the-format-admits InvalidArtifact InconsistentStructure 3602 Fuel Artifact 7:102:-1:-1
ok   an-entry-name-that-is-not-utf-8 InvalidArtifact InconsistentStructure 3602 Fuel Artifact 7:101:-1:-1
ok   two-entries-with-one-name InvalidArtifact InconsistentStructure 3602 Fuel Artifact 7:0:-1:1
ok   an-entry-of-a-unit-that-does-not-exist InvalidArtifact InconsistentStructure 3603 Fuel Artifact 7:0:-1:0
ok   an-entry-of-a-unit-not-flagged-as-an-entry InvalidArtifact InconsistentStructure 3603 Fuel Artifact 7:0:-1:0
ok   a-position-of-a-unit-that-does-not-exist InvalidArtifact InconsistentStructure 3604 Fuel Artifact 8:0:-1:0
ok   a-position-coordinate-above-the-core-range InvalidArtifact InconsistentStructure 3604 Fuel Artifact 8:110:-1:-1
ok   a-position-inside-an-instruction InvalidArtifact InconsistentStructure 3405 Fuel Artifact 8:0:-1:0
ok   an-emission-in-the-bytecode-form InvalidArtifact InconsistentStructure 3701 Fuel Artifact 24:0:-1:-1
ok   an-emission-whose-code-length-overruns-it InvalidArtifact Truncated 3901 Fuel Artifact 24:132:-1:-1
ok   a-constant-index-past-the-family-pool InvalidArtifact SemanticValidationFailed 9001 Fuel Artifact 4:0:0:-1
ok   a-constant-load-with-no-family-data InvalidArtifact SemanticValidationFailed 9001 Fuel Artifact 4:0:0:-1
ok   a-family-data-tag-above-its-bound InvalidArtifact InconsistentStructure 9002 Fuel Artifact 9:0:-1:-1
ok   a-hook-answering-a-universal-code InvalidArtifact InconsistentStructure 3904 Fuel Artifact 4:0:0:-1
ok   a-hook-answering-no-invalid-artifact-reason InvalidArtifact InconsistentStructure 3904 Fuel Artifact 4:0:0:-1
ok   a-hook-answering-an-exhaustion ResourceExhaustion AllowanceExhausted 0 AllocatedBytes Artifact 0:0:0:0
ok   a-declared-count-above-its-ceiling ResourceExhaustion CeilingReached 0 DeclaredCount Artifact 0:0:0:0
ok   a-section-count-above-the-declared-count-ceiling ResourceExhaustion CeilingReached 0 DeclaredCount Artifact 0:0:0:0
ok   more-sections-than-the-section-ceiling ResourceExhaustion CeilingReached 0 SectionCount Artifact 0:0:0:0
ok   a-section-deeper-than-the-structural-ceiling ResourceExhaustion CeilingReached 0 StructuralDepth Artifact 0:0:0:0
ok   an-artifact-longer-than-its-requested-ceiling ResourceExhaustion CeilingReached 0 ArtifactBytes Artifact 0:0:0:0
ok   an-allocation-past-the-allowance ResourceExhaustion AllowanceExhausted 0 AllocatedBytes Artifact 0:0:0:0
ok   verifier-work-past-the-allowance ResourceExhaustion AllowanceExhausted 0 VerifierWork Artifact 0:0:0:0
ok   verifier-work-that-runs-out-after-the-reader ResourceExhaustion AllowanceExhausted 0 VerifierWork Artifact 0:0:0:0
ok   an-allocation-that-runs-out-after-the-reader ResourceExhaustion AllowanceExhausted 0 AllocatedBytes Artifact 0:0:0:0
ok   a-cancelled-verification Cancellation Cancelled 0 Fuel Artifact 0:0:0:0
ok   a-row-count-far-beyond-the-payload-under-open-ceilings InvalidArtifact Truncated 3901 Fuel Artifact 2:79:-1:-1
ok   a-slot-type-count-far-beyond-the-payload-under-open-ceilings InvalidArtifact Truncated 3901 Fuel Artifact 2:80:-1:-1
ok   truncated-at-000 InvalidArtifact Truncated 3901 Fuel Artifact -1:0:-1:-1
ok   truncated-at-001 InvalidArtifact Truncated 3901 Fuel Artifact -1:0:-1:-1
ok   truncated-at-002 InvalidArtifact Truncated 3901 Fuel Artifact -1:0:-1:-1
ok   truncated-at-003 InvalidArtifact Truncated 3901 Fuel Artifact -1:0:-1:-1
ok   truncated-at-004 InvalidArtifact Truncated 3901 Fuel Artifact -1:4:-1:-1
ok   truncated-at-005 InvalidArtifact Truncated 3901 Fuel Artifact -1:5:-1:-1
ok   truncated-at-006 InvalidArtifact Truncated 3901 Fuel Artifact -1:5:-1:-1
ok   truncated-at-007 InvalidArtifact Truncated 3901 Fuel Artifact -1:5:-1:-1
ok   truncated-at-008 InvalidArtifact Truncated 3901 Fuel Artifact -1:5:-1:-1
ok   truncated-at-009 InvalidArtifact Truncated 3901 Fuel Artifact -1:5:-1:-1
ok   truncated-at-010 InvalidArtifact Truncated 3901 Fuel Artifact -1:5:-1:-1
ok   truncated-at-011 InvalidArtifact Truncated 3901 Fuel Artifact -1:5:-1:-1
ok   truncated-at-012 InvalidArtifact Truncated 3901 Fuel Artifact -1:5:-1:-1
ok   truncated-at-013 InvalidArtifact Truncated 3901 Fuel Artifact -1:5:-1:-1
ok   truncated-at-014 InvalidArtifact Truncated 3901 Fuel Artifact -1:5:-1:-1
ok   truncated-at-015 InvalidArtifact Truncated 3901 Fuel Artifact -1:5:-1:-1
ok   truncated-at-016 InvalidArtifact Truncated 3901 Fuel Artifact -1:5:-1:-1
ok   truncated-at-017 InvalidArtifact Truncated 3901 Fuel Artifact -1:5:-1:-1
ok   truncated-at-018 InvalidArtifact Truncated 3901 Fuel Artifact -1:5:-1:-1
ok   truncated-at-019 InvalidArtifact Truncated 3901 Fuel Artifact -1:5:-1:-1
ok   truncated-at-020 InvalidArtifact Truncated 3901 Fuel Artifact -1:5:-1:-1
ok   truncated-at-021 InvalidArtifact Truncated 3901 Fuel Artifact -1:5:-1:-1
ok   truncated-at-022 InvalidArtifact Truncated 3901 Fuel Artifact -1:5:-1:-1
ok   truncated-at-023 InvalidArtifact Truncated 3901 Fuel Artifact -1:5:-1:-1
ok   truncated-at-024 InvalidArtifact Truncated 3901 Fuel Artifact -1:5:-1:-1
ok   truncated-at-025 InvalidArtifact Truncated 3901 Fuel Artifact -1:5:-1:-1
ok   truncated-at-026 InvalidArtifact Truncated 3901 Fuel Artifact -1:5:-1:-1
ok   truncated-at-027 InvalidArtifact Truncated 3901 Fuel Artifact -1:27:-1:-1
ok   truncated-at-028 InvalidArtifact Truncated 3901 Fuel Artifact -1:27:-1:-1
ok   truncated-at-029 InvalidArtifact Truncated 3901 Fuel Artifact -1:27:-1:-1
ok   truncated-at-030 InvalidArtifact Truncated 3901 Fuel Artifact -1:27:-1:-1
ok   truncated-at-031 InvalidArtifact Truncated 3901 Fuel Artifact -1:27:-1:-1
ok   truncated-at-032 InvalidArtifact Truncated 3901 Fuel Artifact -1:27:-1:-1
ok   truncated-at-033 InvalidArtifact Truncated 3901 Fuel Artifact -1:27:-1:-1
ok   truncated-at-034 InvalidArtifact Truncated 3901 Fuel Artifact -1:27:-1:-1
ok   truncated-at-035 InvalidArtifact Truncated 3901 Fuel Artifact -1:27:-1:-1
ok   truncated-at-036 InvalidArtifact Truncated 3901 Fuel Artifact -1:27:-1:-1
ok   truncated-at-037 InvalidArtifact Truncated 3901 Fuel Artifact -1:27:-1:-1
ok   truncated-at-038 InvalidArtifact Truncated 3901 Fuel Artifact -1:27:-1:-1
ok   truncated-at-039 InvalidArtifact Truncated 3901 Fuel Artifact -1:27:-1:-1
ok   truncated-at-040 InvalidArtifact Truncated 3901 Fuel Artifact -1:27:-1:-1
ok   truncated-at-041 InvalidArtifact Truncated 3901 Fuel Artifact -1:27:-1:-1
ok   truncated-at-042 InvalidArtifact Truncated 3901 Fuel Artifact -1:27:-1:-1
ok   truncated-at-043 InvalidArtifact Truncated 3901 Fuel Artifact -1:27:-1:-1
ok   truncated-at-044 InvalidArtifact Truncated 3901 Fuel Artifact -1:27:-1:-1
ok   truncated-at-045 InvalidArtifact Truncated 3901 Fuel Artifact -1:27:-1:-1
ok   truncated-at-046 InvalidArtifact Truncated 3901 Fuel Artifact -1:27:-1:-1
ok   truncated-at-047 InvalidArtifact Truncated 3901 Fuel Artifact -1:27:-1:-1
ok   truncated-at-048 InvalidArtifact Truncated 3901 Fuel Artifact -1:27:-1:-1
ok   truncated-at-049 InvalidArtifact Truncated 3901 Fuel Artifact -1:27:-1:-1
ok   truncated-at-050 InvalidArtifact Truncated 3901 Fuel Artifact -1:27:-1:-1
ok   truncated-at-051 InvalidArtifact Truncated 3901 Fuel Artifact -1:27:-1:-1
ok   truncated-at-052 InvalidArtifact Truncated 3901 Fuel Artifact -1:27:-1:-1
ok   truncated-at-053 InvalidArtifact Truncated 3901 Fuel Artifact -1:27:-1:-1
ok   truncated-at-054 InvalidArtifact Truncated 3901 Fuel Artifact -1:54:-1:-1
ok   truncated-at-055 InvalidArtifact Truncated 3901 Fuel Artifact -1:54:-1:-1
ok   truncated-at-056 InvalidArtifact Truncated 3901 Fuel Artifact -1:54:-1:-1
ok   truncated-at-057 InvalidArtifact Truncated 3901 Fuel Artifact -1:54:-1:-1
ok   truncated-at-058 InvalidArtifact Truncated 3901 Fuel Artifact -1:54:-1:-1
ok   truncated-at-059 InvalidArtifact Truncated 3901 Fuel Artifact -1:54:-1:-1
ok   truncated-at-060 InvalidArtifact Truncated 3901 Fuel Artifact -1:54:-1:-1
ok   truncated-at-061 InvalidArtifact Truncated 3901 Fuel Artifact -1:54:-1:-1
ok   truncated-at-062 InvalidArtifact Truncated 3901 Fuel Artifact -1:54:-1:-1
ok   truncated-at-063 InvalidArtifact Truncated 3901 Fuel Artifact -1:63:-1:-1
ok   truncated-at-064 InvalidArtifact Truncated 3901 Fuel Artifact -1:63:-1:-1
ok   truncated-at-065 InvalidArtifact Truncated 3901 Fuel Artifact -1:63:-1:-1
ok   truncated-at-066 InvalidArtifact Truncated 3901 Fuel Artifact -1:63:-1:-1
ok   truncated-at-067 InvalidArtifact Truncated 3901 Fuel Artifact -1:63:-1:-1
ok   truncated-at-068 InvalidArtifact Truncated 3901 Fuel Artifact -1:63:-1:-1
ok   truncated-at-069 InvalidArtifact Truncated 3901 Fuel Artifact -1:63:-1:-1
ok   truncated-at-070 InvalidArtifact Truncated 3901 Fuel Artifact -1:70:-1:-1
ok   truncated-at-071 InvalidArtifact Truncated 3901 Fuel Artifact -1:71:-1:-1
ok   truncated-at-072 InvalidArtifact Truncated 3901 Fuel Artifact -1:72:-1:-1
ok   truncated-at-073 InvalidArtifact Truncated 3901 Fuel Artifact -1:73:-1:-1
ok   truncated-at-074 InvalidArtifact Truncated 3901 Fuel Artifact 2:74:-1:-1
ok   truncated-at-075 InvalidArtifact Truncated 3901 Fuel Artifact 2:74:-1:-1
ok   truncated-at-076 InvalidArtifact Truncated 3901 Fuel Artifact 2:74:-1:-1
ok   truncated-at-077 InvalidArtifact Truncated 3901 Fuel Artifact 2:74:-1:-1
ok   truncated-at-078 InvalidArtifact Truncated 3901 Fuel Artifact -1:78:-1:-1
ok   truncated-at-079 InvalidArtifact Truncated 3901 Fuel Artifact -1:79:-1:-1
ok   truncated-at-080 InvalidArtifact Truncated 3901 Fuel Artifact 3:80:-1:-1
ok   truncated-at-081 InvalidArtifact Truncated 3901 Fuel Artifact 3:80:-1:-1
ok   truncated-at-082 InvalidArtifact Truncated 3901 Fuel Artifact 3:80:-1:-1
ok   truncated-at-083 InvalidArtifact Truncated 3901 Fuel Artifact 3:80:-1:-1
ok   truncated-at-084 InvalidArtifact Truncated 3901 Fuel Artifact 3:80:-1:-1
ok   truncated-at-085 InvalidArtifact Truncated 3901 Fuel Artifact 3:80:-1:-1
ok   truncated-at-086 InvalidArtifact Truncated 3901 Fuel Artifact 3:80:-1:-1
ok   truncated-at-087 InvalidArtifact Truncated 3901 Fuel Artifact 3:80:-1:-1
ok   truncated-at-088 InvalidArtifact Truncated 3901 Fuel Artifact 3:80:-1:-1
ok   truncated-at-089 InvalidArtifact Truncated 3901 Fuel Artifact 3:80:-1:-1
ok   truncated-at-090 InvalidArtifact Truncated 3901 Fuel Artifact -1:90:-1:-1
ok   truncated-at-091 InvalidArtifact Truncated 3901 Fuel Artifact -1:91:-1:-1
ok   truncated-at-092 InvalidArtifact Truncated 3901 Fuel Artifact 4:92:-1:-1
ok   truncated-at-093 InvalidArtifact Truncated 3901 Fuel Artifact 4:92:-1:-1
ok   truncated-at-094 InvalidArtifact Truncated 3901 Fuel Artifact 4:92:-1:-1
ok   truncated-at-095 InvalidArtifact Truncated 3901 Fuel Artifact 4:92:-1:-1
ok   truncated-at-096 InvalidArtifact Truncated 3901 Fuel Artifact 4:92:-1:-1
ok   truncated-at-097 InvalidArtifact Truncated 3901 Fuel Artifact 4:92:-1:-1
ok   truncated-at-098 InvalidArtifact Truncated 3901 Fuel Artifact -1:98:-1:-1
ok   truncated-at-099 InvalidArtifact Truncated 3901 Fuel Artifact -1:99:-1:-1
ok   truncated-at-100 InvalidArtifact Truncated 3901 Fuel Artifact 7:100:-1:-1
ok   truncated-at-101 InvalidArtifact Truncated 3901 Fuel Artifact 7:100:-1:-1
ok   truncated-at-102 InvalidArtifact Truncated 3901 Fuel Artifact 7:100:-1:-1
ok   truncated-at-103 InvalidArtifact Truncated 3901 Fuel Artifact 7:100:-1:-1
ok   truncated-at-104 InvalidArtifact Truncated 3901 Fuel Artifact 7:100:-1:-1
ok   truncated-at-105 InvalidArtifact Truncated 3901 Fuel Artifact 7:100:-1:-1
ok   truncated-at-106 InvalidArtifact Truncated 3901 Fuel Artifact 7:100:-1:-1
ok   inverted-byte-000 InvalidArtifact MalformedEncoding 3001 Fuel Artifact -1:0:-1:-1
ok   inverted-byte-001 InvalidArtifact MalformedEncoding 3001 Fuel Artifact -1:0:-1:-1
ok   inverted-byte-002 InvalidArtifact MalformedEncoding 3001 Fuel Artifact -1:0:-1:-1
ok   inverted-byte-003 InvalidArtifact MalformedEncoding 3001 Fuel Artifact -1:0:-1:-1
ok   inverted-byte-004 InvalidArtifact DescriptorMismatch 3002 Fuel Artifact -1:6:-1:-1
ok   inverted-byte-005 InvalidArtifact MalformedEncoding 3004 Fuel Artifact -1:5:-1:-1
ok   inverted-byte-006 InvalidArtifact MalformedEncoding 3004 Fuel Artifact -1:5:-1:-1
ok   inverted-byte-007 InvalidArtifact MalformedEncoding 3004 Fuel Artifact -1:5:-1:-1
ok   inverted-byte-008 InvalidArtifact MalformedEncoding 3004 Fuel Artifact -1:5:-1:-1
ok   inverted-byte-009 InvalidArtifact MalformedEncoding 3004 Fuel Artifact -1:5:-1:-1
ok   inverted-byte-010 InvalidArtifact MalformedEncoding 3004 Fuel Artifact -1:5:-1:-1
ok   inverted-byte-011 InvalidArtifact MalformedEncoding 3004 Fuel Artifact -1:5:-1:-1
ok   inverted-byte-012 InvalidArtifact MalformedEncoding 3004 Fuel Artifact -1:5:-1:-1
ok   inverted-byte-013 InvalidArtifact MalformedEncoding 3004 Fuel Artifact -1:5:-1:-1
ok   inverted-byte-014 InvalidArtifact MalformedEncoding 3004 Fuel Artifact -1:5:-1:-1
ok   inverted-byte-015 InvalidArtifact MalformedEncoding 3004 Fuel Artifact -1:5:-1:-1
ok   inverted-byte-016 InvalidArtifact MalformedEncoding 3004 Fuel Artifact -1:5:-1:-1
ok   inverted-byte-017 InvalidArtifact MalformedEncoding 3004 Fuel Artifact -1:5:-1:-1
ok   inverted-byte-018 InvalidArtifact MalformedEncoding 3004 Fuel Artifact -1:5:-1:-1
ok   inverted-byte-019 InvalidArtifact MalformedEncoding 3004 Fuel Artifact -1:5:-1:-1
ok   inverted-byte-020 InvalidArtifact MalformedEncoding 3004 Fuel Artifact -1:5:-1:-1
ok   inverted-byte-021 InvalidArtifact MalformedEncoding 3004 Fuel Artifact -1:5:-1:-1
ok   inverted-byte-022 InvalidArtifact MalformedEncoding 3004 Fuel Artifact -1:5:-1:-1
ok   inverted-byte-023 InvalidArtifact MalformedEncoding 3004 Fuel Artifact -1:5:-1:-1
ok   inverted-byte-024 InvalidArtifact MalformedEncoding 3004 Fuel Artifact -1:5:-1:-1
ok   inverted-byte-025 InvalidArtifact MalformedEncoding 3004 Fuel Artifact -1:5:-1:-1
ok   inverted-byte-026 InvalidArtifact MalformedEncoding 3004 Fuel Artifact -1:5:-1:-1
ok   inverted-byte-027 InvalidArtifact MalformedEncoding 3004 Fuel Artifact -1:27:-1:-1
ok   inverted-byte-028 InvalidArtifact MalformedEncoding 3004 Fuel Artifact -1:27:-1:-1
ok   inverted-byte-029 InvalidArtifact MalformedEncoding 3004 Fuel Artifact -1:27:-1:-1
ok   inverted-byte-030 InvalidArtifact MalformedEncoding 3004 Fuel Artifact -1:27:-1:-1
ok   inverted-byte-031 InvalidArtifact MalformedEncoding 3004 Fuel Artifact -1:27:-1:-1
ok   inverted-byte-032 InvalidArtifact MalformedEncoding 3004 Fuel Artifact -1:27:-1:-1
ok   inverted-byte-033 InvalidArtifact MalformedEncoding 3004 Fuel Artifact -1:27:-1:-1
ok   inverted-byte-034 InvalidArtifact MalformedEncoding 3004 Fuel Artifact -1:27:-1:-1
ok   inverted-byte-035 InvalidArtifact MalformedEncoding 3004 Fuel Artifact -1:27:-1:-1
ok   inverted-byte-036 InvalidArtifact MalformedEncoding 3004 Fuel Artifact -1:27:-1:-1
ok   inverted-byte-037 InvalidArtifact MalformedEncoding 3004 Fuel Artifact -1:27:-1:-1
ok   inverted-byte-038 InvalidArtifact MalformedEncoding 3004 Fuel Artifact -1:27:-1:-1
ok   inverted-byte-039 InvalidArtifact MalformedEncoding 3004 Fuel Artifact -1:27:-1:-1
ok   inverted-byte-040 InvalidArtifact MalformedEncoding 3004 Fuel Artifact -1:27:-1:-1
ok   inverted-byte-041 InvalidArtifact MalformedEncoding 3004 Fuel Artifact -1:27:-1:-1
ok   inverted-byte-042 InvalidArtifact MalformedEncoding 3004 Fuel Artifact -1:27:-1:-1
ok   inverted-byte-043 InvalidArtifact MalformedEncoding 3004 Fuel Artifact -1:27:-1:-1
ok   inverted-byte-044 InvalidArtifact MalformedEncoding 3004 Fuel Artifact -1:27:-1:-1
ok   inverted-byte-045 InvalidArtifact MalformedEncoding 3004 Fuel Artifact -1:27:-1:-1
ok   inverted-byte-046 InvalidArtifact MalformedEncoding 3004 Fuel Artifact -1:27:-1:-1
ok   inverted-byte-047 InvalidArtifact MalformedEncoding 3004 Fuel Artifact -1:27:-1:-1
ok   inverted-byte-048 InvalidArtifact MalformedEncoding 3004 Fuel Artifact -1:27:-1:-1
ok   inverted-byte-049 InvalidArtifact MalformedEncoding 3004 Fuel Artifact -1:27:-1:-1
ok   inverted-byte-050 InvalidArtifact MalformedEncoding 3004 Fuel Artifact -1:27:-1:-1
ok   inverted-byte-051 InvalidArtifact MalformedEncoding 3004 Fuel Artifact -1:27:-1:-1
ok   inverted-byte-052 InvalidArtifact MalformedEncoding 3004 Fuel Artifact -1:27:-1:-1
ok   inverted-byte-053 InvalidArtifact MalformedEncoding 3004 Fuel Artifact -1:27:-1:-1
ok   inverted-byte-054 InvalidArtifact MalformedEncoding 3004 Fuel Artifact -1:54:-1:-1
ok   inverted-byte-055 InvalidArtifact MalformedEncoding 3004 Fuel Artifact -1:54:-1:-1
ok   inverted-byte-056 InvalidArtifact MalformedEncoding 3004 Fuel Artifact -1:54:-1:-1
ok   inverted-byte-057 InvalidArtifact MalformedEncoding 3004 Fuel Artifact -1:54:-1:-1
ok   inverted-byte-058 InvalidArtifact MalformedEncoding 3004 Fuel Artifact -1:54:-1:-1
ok   inverted-byte-059 InvalidArtifact MalformedEncoding 3004 Fuel Artifact -1:54:-1:-1
ok   inverted-byte-060 InvalidArtifact MalformedEncoding 3004 Fuel Artifact -1:54:-1:-1
ok   inverted-byte-061 InvalidArtifact MalformedEncoding 3004 Fuel Artifact -1:54:-1:-1
ok   inverted-byte-062 InvalidArtifact MalformedEncoding 3004 Fuel Artifact -1:54:-1:-1
ok   inverted-byte-063 InvalidArtifact MalformedEncoding 3004 Fuel Artifact -1:63:-1:-1
ok   inverted-byte-064 InvalidArtifact MalformedEncoding 3004 Fuel Artifact -1:63:-1:-1
ok   inverted-byte-065 InvalidArtifact MalformedEncoding 3004 Fuel Artifact -1:63:-1:-1
ok   inverted-byte-066 InvalidArtifact MalformedEncoding 3004 Fuel Artifact -1:63:-1:-1
ok   inverted-byte-067 InvalidArtifact MalformedEncoding 3004 Fuel Artifact -1:63:-1:-1
ok   inverted-byte-068 InvalidArtifact MalformedEncoding 3004 Fuel Artifact -1:63:-1:-1
ok   inverted-byte-069 InvalidArtifact MalformedEncoding 3004 Fuel Artifact -1:63:-1:-1
ok   inverted-byte-070 InvalidArtifact InconsistentStructure 3102 Fuel Artifact 1:76:-1:-1
ok   inverted-byte-071 InvalidArtifact InconsistentStructure 3102 Fuel Artifact 1:76:-1:-1
ok   inverted-byte-072 InvalidArtifact UnknownFeature 3101 Fuel Artifact -1:72:-1:-1
ok   inverted-byte-073 InvalidArtifact Truncated 3901 Fuel Artifact 2:75:-1:-1
ok   inverted-byte-074 InvalidArtifact MalformedEncoding 3902 Fuel Artifact 2:76:-1:-1
ok   inverted-byte-075 InvalidArtifact Truncated 3901 Fuel Artifact 2:77:-1:-1
ok   inverted-byte-076 InvalidArtifact Truncated 3901 Fuel Artifact 2:78:-1:-1
ok   inverted-byte-077 InvalidArtifact UnknownFeature 3301 Fuel Artifact 2:77:-1:-1
ok   inverted-byte-078 InvalidArtifact UnknownFeature 3101 Fuel Artifact -1:78:-1:-1
ok   inverted-byte-079 InvalidArtifact Truncated 3901 Fuel Artifact 3:81:-1:-1
ok   inverted-byte-080 InvalidArtifact MalformedEncoding 3902 Fuel Artifact 3:82:-1:-1
ok   inverted-byte-081 InvalidArtifact MalformedEncoding 3902 Fuel Artifact 3:83:-1:-1
ok   inverted-byte-082 InvalidArtifact MalformedEncoding 3902 Fuel Artifact 3:84:-1:-1
ok   inverted-byte-083 InvalidArtifact Truncated 3901 Fuel Artifact 3:85:-1:-1
ok   inverted-byte-084 InvalidArtifact MalformedEncoding 3902 Fuel Artifact 3:86:-1:-1
ok   inverted-byte-085 InvalidArtifact MalformedEncoding 3902 Fuel Artifact 3:87:-1:-1
ok   inverted-byte-086 InvalidArtifact InconsistentStructure 3105 Fuel Artifact 3:95:-1:-1
ok   inverted-byte-087 InvalidArtifact InconsistentStructure 3105 Fuel Artifact 3:95:-1:-1
ok   inverted-byte-088 InvalidArtifact MalformedEncoding 3902 Fuel Artifact 3:90:-1:-1
ok   inverted-byte-089 InvalidArtifact Truncated 3901 Fuel Artifact 3:91:-1:-1
ok   inverted-byte-090 InvalidArtifact UnknownFeature 3101 Fuel Artifact -1:90:-1:-1
ok   inverted-byte-091 InvalidArtifact Truncated 3901 Fuel Artifact 4:93:-1:-1
ok   inverted-byte-092 InvalidArtifact UnknownFeature 3401 Fuel Artifact 4:0:0:-1
ok   inverted-byte-093 Normal NormalCompleted 0 Fuel Artifact 0:0:0:0
ok   inverted-byte-094 Normal NormalCompleted 0 Fuel Artifact 0:0:0:0
ok   inverted-byte-095 Normal NormalCompleted 0 Fuel Artifact 0:0:0:0
ok   inverted-byte-096 Normal NormalCompleted 0 Fuel Artifact 0:0:0:0
ok   inverted-byte-097 InvalidArtifact InconsistentStructure 3403 Fuel Artifact 4:5:0:-1
ok   inverted-byte-098 InvalidArtifact UnknownFeature 3101 Fuel Artifact -1:98:-1:-1
ok   inverted-byte-099 InvalidArtifact Truncated 3901 Fuel Artifact 7:101:-1:-1
ok   inverted-byte-100 InvalidArtifact Truncated 3901 Fuel Artifact 7:102:-1:-1
ok   inverted-byte-101 InvalidArtifact InconsistentStructure 3602 Fuel Artifact 7:101:-1:-1
ok   inverted-byte-102 InvalidArtifact InconsistentStructure 3602 Fuel Artifact 7:101:-1:-1
ok   inverted-byte-103 InvalidArtifact InconsistentStructure 3602 Fuel Artifact 7:101:-1:-1
ok   inverted-byte-104 InvalidArtifact InconsistentStructure 3602 Fuel Artifact 7:101:-1:-1
ok   inverted-byte-105 InvalidArtifact InconsistentStructure 3602 Fuel Artifact 7:101:-1:-1
ok   inverted-byte-106 InvalidArtifact Truncated 3901 Fuel Artifact 7:107:-1:-1
ubc-1 corpus: 371 entries, 0 disagree

exit 0
