  Wiederherzustellende Projekte werden ermittelt...
  "D:\Broiler.VM-base\src\Broiler.VM.Profile.JavaScript.Format\Broiler.VM.Profile.JavaScript.Format.csproj" wiederhergestellt (in 106 ms.).
  "D:\Broiler.VM-base\src\Broiler.VM.Profile.JavaScript\Broiler.VM.Profile.JavaScript.csproj" wiederhergestellt (in 123 ms.).
  "D:\Broiler.VM-base\src\Broiler.VM.Binary\Broiler.VM.Binary.csproj" wiederhergestellt (in 106 ms.).
  "D:\Broiler.VM-base\src\tests\Broiler.VM.Fixtures\Broiler.VM.Fixtures.csproj" wiederhergestellt (in 123 ms.).
  "D:\Broiler.VM-base\src\tests\Broiler.VM.Fuzz.Host\Broiler.VM.Fuzz.Host.csproj" wiederhergestellt (in 123 ms.).
  "D:\Broiler.VM-base\src\Broiler.VM.Abstractions\Broiler.VM.Abstractions.csproj" wiederhergestellt (in 106 ms.).
  "D:\Broiler.VM-base\src\Broiler.VM.Runtime\Broiler.VM.Runtime.csproj" wiederhergestellt (in 123 ms.).
  "D:\Broiler.VM-base\src\Broiler.VM.Profile.WebAssembly\Broiler.VM.Profile.WebAssembly.csproj" wiederhergestellt (in 123 ms.).
  "D:\Broiler.VM-base\src\compositions\Broiler.VM.Composition.Workbench\Broiler.VM.Composition.Workbench.csproj" wiederhergestellt (in 278 ms.).
  "D:\Broiler.VM-base\src\tests\Broiler.VM.Fixtures.Host\Broiler.VM.Fixtures.Host.csproj" wiederhergestellt (in 92 ms.).
  "D:\Broiler.VM-base\src\compositions\Broiler.VM.Composition.PolyglotCli\Broiler.VM.Composition.PolyglotCli.csproj" wiederhergestellt (in 278 ms.).
  "D:\Broiler.VM-base\src\compositions\Broiler.VM.Composition.JavaScript.ExecutionOnly\Broiler.VM.Composition.JavaScript.ExecutionOnly.csproj" wiederhergestellt (in 102 ms.).
  "D:\Broiler.VM-base\src\compositions\Broiler.VM.Composition.JavaScript.Cli\Broiler.VM.Composition.JavaScript.Cli.csproj" wiederhergestellt (in 278 ms.).
  "D:\Broiler.VM-base\src\tests\Com.Example.Ledger\Com.Example.Ledger.csproj" wiederhergestellt (in 276 ms.).
  "D:\Broiler.VM-base\src\tests\Broiler.VM.Architecture.Tests\Broiler.VM.Architecture.Tests.csproj" wiederhergestellt (in 143 ms.).
  "D:\Broiler.VM-base\src\compositions\Broiler.VM.Composition.Calculator\Broiler.VM.Composition.Calculator.csproj" wiederhergestellt (in 97 ms.).
  "D:\Broiler.VM-base\src\compositions\Broiler.VM.Composition.WebAssembly.Harness\Broiler.VM.Composition.WebAssembly.Harness.csproj" wiederhergestellt (in 277 ms.).
  "D:\Broiler.VM-base\src\tests\Com.Example.Calculator\Com.Example.Calculator.csproj" wiederhergestellt (in 276 ms.).
  "D:\Broiler.VM-base\src\tests\Broiler.VM.Bench.Host\Broiler.VM.Bench.Host.csproj" wiederhergestellt (in 95 ms.).
  "D:\Broiler.VM-base\src\compositions\Broiler.VM.Composition.JavaScript.Conformance\Broiler.VM.Composition.JavaScript.Conformance.csproj" wiederhergestellt (in 278 ms.).
  "D:\Broiler.VM-base\src\compositions\Broiler.VM.Composition.JavaScript.SliceCompiler\Broiler.VM.Composition.JavaScript.SliceCompiler.csproj" wiederhergestellt (in 101 ms.).
  "D:\Broiler.VM-base\src\Broiler.VM.Profile.JavaScript.Compiler\Broiler.VM.Profile.JavaScript.Compiler.csproj" wiederhergestellt (in 3 ms.).
  "D:\Broiler.VM-base\src\compositions\Broiler.VM.Composition.WebAssembly.Execution\Broiler.VM.Composition.WebAssembly.Execution.csproj" wiederhergestellt (in 96 ms.).
  "D:\Broiler.VM-base\src\tests\Broiler.VM.Soak.Host\Broiler.VM.Soak.Host.csproj" wiederhergestellt (in 277 ms.).
  "D:\Broiler.VM-base\src\tests\Broiler.VM.Contract.Tests\Broiler.VM.Contract.Tests.csproj" wiederhergestellt (in 130 ms.).
  Broiler.VM.Abstractions -> D:\Broiler.VM-base\src\Broiler.VM.Abstractions\bin\Release\net10.0\Broiler.VM.Abstractions.dll
  Broiler.VM.Binary -> D:\Broiler.VM-base\src\Broiler.VM.Binary\bin\Release\net10.0\Broiler.VM.Binary.dll
  Broiler.VM.Profile.JavaScript.Format -> D:\Broiler.VM-base\src\Broiler.VM.Profile.JavaScript.Format\bin\Release\net10.0\Broiler.VM.Profile.JavaScript.Format.dll
  Com.Example.Ledger -> D:\Broiler.VM-base\src\tests\Com.Example.Ledger\bin\Release\net10.0\Com.Example.Ledger.dll
  Com.Example.Calculator -> D:\Broiler.VM-base\src\tests\Com.Example.Calculator\bin\Release\net10.0\Com.Example.Calculator.dll
  Broiler.VM.Runtime -> D:\Broiler.VM-base\src\Broiler.VM.Runtime\bin\Release\net10.0\Broiler.VM.Runtime.dll
  Broiler.VM.Profile.WebAssembly -> D:\Broiler.VM-base\src\Broiler.VM.Profile.WebAssembly\bin\Release\net10.0\Broiler.VM.Profile.WebAssembly.dll
  Broiler.VM.Fixtures -> D:\Broiler.VM-base\src\tests\Broiler.VM.Fixtures\bin\Release\net10.0\Broiler.VM.Fixtures.dll
  Broiler.VM.Profile.JavaScript -> D:\Broiler.VM-base\src\Broiler.VM.Profile.JavaScript\bin\Release\net10.0\Broiler.VM.Profile.JavaScript.dll
  Broiler.VM.Composition.WebAssembly.Execution -> D:\Broiler.VM-base\src\compositions\Broiler.VM.Composition.WebAssembly.Execution\bin\Release\net10.0\Broiler.VM.Composition.WebAssembly.Execution.dll
  Broiler.VM.Soak.Host -> D:\Broiler.VM-base\src\tests\Broiler.VM.Soak.Host\bin\Release\net10.0\Broiler.VM.Soak.Host.dll
  Broiler.VM.Fuzz.Host -> D:\Broiler.VM-base\src\tests\Broiler.VM.Fuzz.Host\bin\Release\net10.0\Broiler.VM.Fuzz.Host.dll
  Broiler.VM.Contract.Tests -> D:\Broiler.VM-base\src\tests\Broiler.VM.Contract.Tests\bin\Release\net10.0\Broiler.VM.Contract.Tests.dll
  Broiler.VM.Fixtures.Host -> D:\Broiler.VM-base\src\tests\Broiler.VM.Fixtures.Host\bin\Release\net10.0\Broiler.VM.Fixtures.Host.dll
  Broiler.VM.Bench.Host -> D:\Broiler.VM-base\src\tests\Broiler.VM.Bench.Host\bin\Release\net10.0\Broiler.VM.Bench.Host.dll
  Broiler.VM.Profile.JavaScript.Compiler -> D:\Broiler.VM-base\src\Broiler.VM.Profile.JavaScript.Compiler\bin\Release\net10.0\Broiler.VM.Profile.JavaScript.Compiler.dll
  Broiler.VM.Composition.Workbench -> D:\Broiler.VM-base\src\compositions\Broiler.VM.Composition.Workbench\bin\Release\net10.0\Broiler.VM.Composition.Workbench.dll
  Broiler.VM.Composition.Calculator -> D:\Broiler.VM-base\src\compositions\Broiler.VM.Composition.Calculator\bin\Release\net10.0\Broiler.VM.Composition.Calculator.dll
  Broiler.VM.Composition.WebAssembly.Harness -> D:\Broiler.VM-base\src\compositions\Broiler.VM.Composition.WebAssembly.Harness\bin\Release\net10.0\Broiler.VM.Composition.WebAssembly.Harness.dll
  Broiler.VM.Composition.JavaScript.ExecutionOnly -> D:\Broiler.VM-base\src\compositions\Broiler.VM.Composition.JavaScript.ExecutionOnly\bin\Release\net10.0\Broiler.VM.Composition.JavaScript.ExecutionOnly.dll
  Broiler.VM.Architecture.Tests -> D:\Broiler.VM-base\src\tests\Broiler.VM.Architecture.Tests\bin\Release\net10.0\Broiler.VM.Architecture.Tests.dll
  Broiler.VM.Composition.JavaScript.Cli -> D:\Broiler.VM-base\src\compositions\Broiler.VM.Composition.JavaScript.Cli\bin\Release\net10.0\Broiler.VM.Composition.JavaScript.Cli.dll
  Broiler.VM.Composition.PolyglotCli -> D:\Broiler.VM-base\src\compositions\Broiler.VM.Composition.PolyglotCli\bin\Release\net10.0\Broiler.VM.Composition.PolyglotCli.dll
  Broiler.VM.Composition.JavaScript.SliceCompiler -> D:\Broiler.VM-base\src\compositions\Broiler.VM.Composition.JavaScript.SliceCompiler\bin\Release\net10.0\Broiler.VM.Composition.JavaScript.SliceCompiler.dll
  Broiler.VM.Composition.JavaScript.Conformance -> D:\Broiler.VM-base\src\compositions\Broiler.VM.Composition.JavaScript.Conformance\bin\Release\net10.0\Broiler.VM.Composition.JavaScript.Conformance.dll

Der Buildvorgang wurde erfolgreich ausgeführt.
    0 Warnung(en)
    0 Fehler

Verstrichene Zeit 00:00:07.61
