cmd measure-shapes.py --out e10-shapes-after-fallback
started 2026-09-16T17:55:10
{"rep": -2, "counted": false, "shape": "a_numeric", "lane": "base", "form": "bytecode", "exit": 0, "value": "21", "process_ms": 1729.1, "compile_ms": 52.3, "verify_ms": 16.8, "instantiate_ms": 30.2, "invoke_ms": 1515.7, "artifact_bytes": 290.0}
{"rep": -2, "counted": false, "shape": "a_numeric", "lane": "base", "form": "native", "exit": 0, "value": "21", "process_ms": 3021.5, "compile_ms": 56.2, "verify_ms": 24.2, "instantiate_ms": 31.3, "invoke_ms": 2806.0, "artifact_bytes": 1698.0}
{"rep": -2, "counted": false, "shape": "a_numeric", "lane": "credit", "form": "bytecode", "exit": 0, "value": "21", "process_ms": 1217.4, "compile_ms": 48.6, "verify_ms": 15.6, "instantiate_ms": 29.1, "invoke_ms": 988.0, "artifact_bytes": 290.0}
{"rep": -2, "counted": false, "shape": "a_numeric", "lane": "credit", "form": "native", "exit": 0, "value": "21", "process_ms": 2465.1, "compile_ms": 57.0, "verify_ms": 24.8, "instantiate_ms": 31.9, "invoke_ms": 2250.4, "artifact_bytes": 1698.0}
{"rep": -2, "counted": false, "shape": "a_numeric", "lane": "aa", "form": "bytecode", "exit": 0, "value": "21", "process_ms": 1148.9, "compile_ms": 48.3, "verify_ms": 15.7, "instantiate_ms": 28.6, "invoke_ms": 924.8, "artifact_bytes": 290.0}
{"rep": -2, "counted": false, "shape": "a_numeric", "lane": "aa", "form": "native", "exit": 0, "value": "21", "process_ms": 2473.2, "compile_ms": 56.6, "verify_ms": 24.2, "instantiate_ms": 32.1, "invoke_ms": 2256.6, "artifact_bytes": 1698.0}
{"rep": -2, "counted": false, "shape": "b_property", "lane": "base", "form": "bytecode", "exit": 0, "value": "375020", "process_ms": 1805.0, "compile_ms": 49.7, "verify_ms": 16.5, "instantiate_ms": 27.4, "invoke_ms": 1606.9, "artifact_bytes": 344.0}
{"rep": -2, "counted": false, "shape": "b_property", "lane": "base", "form": "native", "exit": 0, "value": "375020", "process_ms": 3425.9, "compile_ms": 57.4, "verify_ms": 24.1, "instantiate_ms": 30.7, "invoke_ms": 3211.0, "artifact_bytes": 2027.0}
{"rep": -2, "counted": false, "shape": "b_property", "lane": "credit", "form": "bytecode", "exit": 0, "value": "375020", "process_ms": 1213.8, "compile_ms": 49.4, "verify_ms": 15.5, "instantiate_ms": 28.5, "invoke_ms": 1018.9, "artifact_bytes": 344.0}
{"rep": -2, "counted": false, "shape": "b_property", "lane": "credit", "form": "native", "exit": 0, "value": "375020", "process_ms": 2788.2, "compile_ms": 57.1, "verify_ms": 24.0, "instantiate_ms": 32.1, "invoke_ms": 2573.5, "artifact_bytes": 2027.0}
{"rep": -2, "counted": false, "shape": "b_property", "lane": "aa", "form": "bytecode", "exit": 0, "value": "375020", "process_ms": 1337.9, "compile_ms": 50.7, "verify_ms": 15.9, "instantiate_ms": 28.8, "invoke_ms": 1136.8, "artifact_bytes": 344.0}
{"rep": -2, "counted": false, "shape": "b_property", "lane": "aa", "form": "native", "exit": 0, "value": "375020", "process_ms": 2743.7, "compile_ms": 57.2, "verify_ms": 24.3, "instantiate_ms": 32.0, "invoke_ms": 2527.8, "artifact_bytes": 2027.0}
{"rep": -2, "counted": false, "shape": "c_call", "lane": "base", "form": "bytecode", "exit": 0, "value": "6", "process_ms": 1404.1, "compile_ms": 48.5, "verify_ms": 15.2, "instantiate_ms": 27.4, "invoke_ms": 1207.6, "artifact_bytes": 342.0}
{"rep": -2, "counted": false, "shape": "c_call", "lane": "base", "form": "native", "exit": 0, "value": "6", "process_ms": 2633.6, "compile_ms": 55.3, "verify_ms": 24.3, "instantiate_ms": 31.8, "invoke_ms": 2418.9, "artifact_bytes": 2064.0}
{"rep": -2, "counted": false, "shape": "c_call", "lane": "credit", "form": "bytecode", "exit": 0, "value": "6", "process_ms": 1116.9, "compile_ms": 48.3, "verify_ms": 15.7, "instantiate_ms": 28.0, "invoke_ms": 922.5, "artifact_bytes": 342.0}
{"rep": -2, "counted": false, "shape": "c_call", "lane": "credit", "form": "native", "exit": 0, "value": "6", "process_ms": 2256.3, "compile_ms": 55.5, "verify_ms": 24.2, "instantiate_ms": 32.2, "invoke_ms": 2039.1, "artifact_bytes": 2064.0}
{"rep": -2, "counted": false, "shape": "c_call", "lane": "aa", "form": "bytecode", "exit": 0, "value": "6", "process_ms": 1273.8, "compile_ms": 48.0, "verify_ms": 15.9, "instantiate_ms": 29.0, "invoke_ms": 1075.8, "artifact_bytes": 342.0}
{"rep": -2, "counted": false, "shape": "c_call", "lane": "aa", "form": "native", "exit": 0, "value": "6", "process_ms": 2222.6, "compile_ms": 55.3, "verify_ms": 24.0, "instantiate_ms": 31.8, "invoke_ms": 2008.2, "artifact_bytes": 2064.0}
{"rep": -2, "counted": false, "shape": "d_fib", "lane": "base", "form": "bytecode", "exit": 0, "value": "514229", "process_ms": 1499.8, "compile_ms": 42.0, "verify_ms": 15.3, "instantiate_ms": 27.5, "invoke_ms": 1307.0, "artifact_bytes": 229.0}
{"rep": -2, "counted": false, "shape": "d_fib", "lane": "base", "form": "native", "exit": 0, "value": "514229", "process_ms": 2336.6, "compile_ms": 49.5, "verify_ms": 23.7, "instantiate_ms": 30.8, "invoke_ms": 2127.8, "artifact_bytes": 1237.0}
{"rep": -2, "counted": false, "shape": "d_fib", "lane": "credit", "form": "bytecode", "exit": 0, "value": "514229", "process_ms": 1217.0, "compile_ms": 41.6, "verify_ms": 15.8, "instantiate_ms": 28.3, "invoke_ms": 1026.6, "artifact_bytes": 229.0}
{"rep": -2, "counted": false, "shape": "d_fib", "lane": "credit", "form": "native", "exit": 0, "value": "514229", "process_ms": 1999.7, "compile_ms": 49.7, "verify_ms": 24.0, "instantiate_ms": 31.9, "invoke_ms": 1790.6, "artifact_bytes": 1237.0}
{"rep": -2, "counted": false, "shape": "d_fib", "lane": "aa", "form": "bytecode", "exit": 0, "value": "514229", "process_ms": 1214.8, "compile_ms": 41.3, "verify_ms": 17.6, "instantiate_ms": 28.3, "invoke_ms": 1025.3, "artifact_bytes": 229.0}
{"rep": -2, "counted": false, "shape": "d_fib", "lane": "aa", "form": "native", "exit": 0, "value": "514229", "process_ms": 2027.8, "compile_ms": 49.1, "verify_ms": 24.4, "instantiate_ms": 31.6, "invoke_ms": 1819.9, "artifact_bytes": 1237.0}
{"rep": -1, "counted": false, "shape": "a_numeric", "lane": "base", "form": "bytecode", "exit": 0, "value": "21", "process_ms": 1832.9, "compile_ms": 48.9, "verify_ms": 16.0, "instantiate_ms": 28.3, "invoke_ms": 1635.8, "artifact_bytes": 290.0}
{"rep": -1, "counted": false, "shape": "a_numeric", "lane": "base", "form": "native", "exit": 0, "value": "21", "process_ms": 3217.5, "compile_ms": 62.2, "verify_ms": 25.4, "instantiate_ms": 33.8, "invoke_ms": 2987.6, "artifact_bytes": 1698.0}
{"rep": -1, "counted": false, "shape": "a_numeric", "lane": "credit", "form": "bytecode", "exit": 0, "value": "21", "process_ms": 1138.6, "compile_ms": 48.5, "verify_ms": 18.8, "instantiate_ms": 29.1, "invoke_ms": 937.9, "artifact_bytes": 290.0}
{"rep": -1, "counted": false, "shape": "a_numeric", "lane": "credit", "form": "native", "exit": 0, "value": "21", "process_ms": 2528.5, "compile_ms": 57.3, "verify_ms": 24.5, "instantiate_ms": 32.8, "invoke_ms": 2305.9, "artifact_bytes": 1698.0}
{"rep": -1, "counted": false, "shape": "a_numeric", "lane": "aa", "form": "bytecode", "exit": 0, "value": "21", "process_ms": 1051.8, "compile_ms": 50.1, "verify_ms": 15.8, "instantiate_ms": 28.8, "invoke_ms": 850.8, "artifact_bytes": 290.0}
{"rep": -1, "counted": false, "shape": "a_numeric", "lane": "aa", "form": "native", "exit": 0, "value": "21", "process_ms": 2523.0, "compile_ms": 56.0, "verify_ms": 24.0, "instantiate_ms": 35.2, "invoke_ms": 2307.6, "artifact_bytes": 1698.0}
{"rep": -1, "counted": false, "shape": "b_property", "lane": "base", "form": "bytecode", "exit": 0, "value": "375020", "process_ms": 1803.2, "compile_ms": 50.0, "verify_ms": 16.2, "instantiate_ms": 28.1, "invoke_ms": 1608.2, "artifact_bytes": 344.0}
{"rep": -1, "counted": false, "shape": "b_property", "lane": "base", "form": "native", "exit": 0, "value": "375020", "process_ms": 3432.2, "compile_ms": 59.5, "verify_ms": 24.2, "instantiate_ms": 32.0, "invoke_ms": 3210.0, "artifact_bytes": 2027.0}
{"rep": -1, "counted": false, "shape": "b_property", "lane": "credit", "form": "bytecode", "exit": 0, "value": "375020", "process_ms": 1357.3, "compile_ms": 52.3, "verify_ms": 21.4, "instantiate_ms": 37.2, "invoke_ms": 1142.7, "artifact_bytes": 344.0}
{"rep": -1, "counted": false, "shape": "b_property", "lane": "credit", "form": "native", "exit": 0, "value": "375020", "process_ms": 2911.9, "compile_ms": 60.2, "verify_ms": 25.8, "instantiate_ms": 33.7, "invoke_ms": 2690.2, "artifact_bytes": 2027.0}
{"rep": -1, "counted": false, "shape": "b_property", "lane": "aa", "form": "bytecode", "exit": 0, "value": "375020", "process_ms": 1331.7, "compile_ms": 50.8, "verify_ms": 16.6, "instantiate_ms": 29.7, "invoke_ms": 1132.7, "artifact_bytes": 344.0}
{"rep": -1, "counted": false, "shape": "b_property", "lane": "aa", "form": "native", "exit": 0, "value": "375020", "process_ms": 2850.9, "compile_ms": 60.3, "verify_ms": 25.7, "instantiate_ms": 33.7, "invoke_ms": 2629.7, "artifact_bytes": 2027.0}
{"rep": -1, "counted": false, "shape": "c_call", "lane": "base", "form": "bytecode", "exit": 0, "value": "6", "process_ms": 1590.2, "compile_ms": 49.1, "verify_ms": 16.3, "instantiate_ms": 28.6, "invoke_ms": 1393.1, "artifact_bytes": 342.0}
{"rep": -1, "counted": false, "shape": "c_call", "lane": "base", "form": "native", "exit": 0, "value": "6", "process_ms": 2758.4, "compile_ms": 59.0, "verify_ms": 24.6, "instantiate_ms": 32.0, "invoke_ms": 2541.8, "artifact_bytes": 2064.0}
{"rep": -1, "counted": false, "shape": "c_call", "lane": "credit", "form": "bytecode", "exit": 0, "value": "6", "process_ms": 1395.5, "compile_ms": 49.3, "verify_ms": 16.3, "instantiate_ms": 30.0, "invoke_ms": 1197.6, "artifact_bytes": 342.0}
{"rep": -1, "counted": false, "shape": "c_call", "lane": "credit", "form": "native", "exit": 0, "value": "6", "process_ms": 2282.6, "compile_ms": 57.5, "verify_ms": 25.0, "instantiate_ms": 33.0, "invoke_ms": 2062.2, "artifact_bytes": 2064.0}
{"rep": -1, "counted": false, "shape": "c_call", "lane": "aa", "form": "bytecode", "exit": 0, "value": "6", "process_ms": 1291.4, "compile_ms": 49.7, "verify_ms": 16.6, "instantiate_ms": 30.0, "invoke_ms": 1093.0, "artifact_bytes": 342.0}
{"rep": -1, "counted": false, "shape": "c_call", "lane": "aa", "form": "native", "exit": 0, "value": "6", "process_ms": 2351.0, "compile_ms": 60.5, "verify_ms": 24.8, "instantiate_ms": 32.7, "invoke_ms": 2129.8, "artifact_bytes": 2064.0}
{"rep": -1, "counted": false, "shape": "d_fib", "lane": "base", "form": "bytecode", "exit": 0, "value": "514229", "process_ms": 1556.2, "compile_ms": 42.7, "verify_ms": 15.8, "instantiate_ms": 28.8, "invoke_ms": 1366.2, "artifact_bytes": 229.0}
{"rep": -1, "counted": false, "shape": "d_fib", "lane": "base", "form": "native", "exit": 0, "value": "514229", "process_ms": 2394.2, "compile_ms": 50.3, "verify_ms": 24.4, "instantiate_ms": 32.6, "invoke_ms": 2185.6, "artifact_bytes": 1237.0}
{"rep": -1, "counted": false, "shape": "d_fib", "lane": "credit", "form": "bytecode", "exit": 0, "value": "514229", "process_ms": 1218.1, "compile_ms": 44.2, "verify_ms": 16.0, "instantiate_ms": 29.1, "invoke_ms": 1026.2, "artifact_bytes": 229.0}
{"rep": -1, "counted": false, "shape": "d_fib", "lane": "credit", "form": "native", "exit": 0, "value": "514229", "process_ms": 2086.3, "compile_ms": 51.0, "verify_ms": 24.6, "instantiate_ms": 33.7, "invoke_ms": 1876.1, "artifact_bytes": 1237.0}
{"rep": -1, "counted": false, "shape": "d_fib", "lane": "aa", "form": "bytecode", "exit": 0, "value": "514229", "process_ms": 1240.4, "compile_ms": 42.9, "verify_ms": 16.2, "instantiate_ms": 29.2, "invoke_ms": 1049.3, "artifact_bytes": 229.0}
{"rep": -1, "counted": false, "shape": "d_fib", "lane": "aa", "form": "native", "exit": 0, "value": "514229", "process_ms": 2078.0, "compile_ms": 52.1, "verify_ms": 25.4, "instantiate_ms": 33.1, "invoke_ms": 1865.4, "artifact_bytes": 1237.0}
{"rep": 0, "counted": true, "shape": "a_numeric", "lane": "base", "form": "bytecode", "exit": 0, "value": "21", "process_ms": 1716.0, "compile_ms": 50.4, "verify_ms": 15.6, "instantiate_ms": 28.0, "invoke_ms": 1517.8, "artifact_bytes": 290.0}
{"rep": 0, "counted": true, "shape": "a_numeric", "lane": "base", "form": "native", "exit": 0, "value": "21", "process_ms": 3105.6, "compile_ms": 57.7, "verify_ms": 24.8, "instantiate_ms": 32.4, "invoke_ms": 2890.7, "artifact_bytes": 1698.0}
{"rep": 0, "counted": true, "shape": "a_numeric", "lane": "credit", "form": "bytecode", "exit": 0, "value": "21", "process_ms": 1143.0, "compile_ms": 48.7, "verify_ms": 16.2, "instantiate_ms": 28.5, "invoke_ms": 948.3, "artifact_bytes": 290.0}
{"rep": 0, "counted": true, "shape": "a_numeric", "lane": "credit", "form": "native", "exit": 0, "value": "21", "process_ms": 2597.7, "compile_ms": 56.9, "verify_ms": 24.6, "instantiate_ms": 32.9, "invoke_ms": 2383.6, "artifact_bytes": 1698.0}
{"rep": 0, "counted": true, "shape": "a_numeric", "lane": "aa", "form": "bytecode", "exit": 0, "value": "21", "process_ms": 1173.5, "compile_ms": 49.5, "verify_ms": 16.1, "instantiate_ms": 28.9, "invoke_ms": 972.9, "artifact_bytes": 290.0}
{"rep": 0, "counted": true, "shape": "a_numeric", "lane": "aa", "form": "native", "exit": 0, "value": "21", "process_ms": 2574.8, "compile_ms": 56.7, "verify_ms": 24.6, "instantiate_ms": 32.7, "invoke_ms": 2360.4, "artifact_bytes": 1698.0}
{"rep": 0, "counted": true, "shape": "b_property", "lane": "base", "form": "bytecode", "exit": 0, "value": "375020", "process_ms": 1834.4, "compile_ms": 50.6, "verify_ms": 16.3, "instantiate_ms": 29.1, "invoke_ms": 1636.9, "artifact_bytes": 344.0}
{"rep": 0, "counted": true, "shape": "b_property", "lane": "base", "form": "native", "exit": 0, "value": "375020", "process_ms": 3324.9, "compile_ms": 58.7, "verify_ms": 24.7, "instantiate_ms": 32.3, "invoke_ms": 3109.9, "artifact_bytes": 2027.0}
{"rep": 0, "counted": true, "shape": "b_property", "lane": "credit", "form": "bytecode", "exit": 0, "value": "375020", "process_ms": 1312.7, "compile_ms": 50.9, "verify_ms": 16.0, "instantiate_ms": 29.7, "invoke_ms": 1113.3, "artifact_bytes": 344.0}
{"rep": 0, "counted": true, "shape": "b_property", "lane": "credit", "form": "native", "exit": 0, "value": "375020", "process_ms": 2766.1, "compile_ms": 58.4, "verify_ms": 24.9, "instantiate_ms": 32.5, "invoke_ms": 2549.8, "artifact_bytes": 2027.0}
{"rep": 0, "counted": true, "shape": "b_property", "lane": "aa", "form": "bytecode", "exit": 0, "value": "375020", "process_ms": 1324.9, "compile_ms": 50.9, "verify_ms": 16.2, "instantiate_ms": 28.9, "invoke_ms": 1126.9, "artifact_bytes": 344.0}
{"rep": 0, "counted": true, "shape": "b_property", "lane": "aa", "form": "native", "exit": 0, "value": "375020", "process_ms": 2800.1, "compile_ms": 58.4, "verify_ms": 25.4, "instantiate_ms": 33.0, "invoke_ms": 2583.8, "artifact_bytes": 2027.0}
{"rep": 0, "counted": true, "shape": "c_call", "lane": "base", "form": "bytecode", "exit": 0, "value": "6", "process_ms": 1620.9, "compile_ms": 51.0, "verify_ms": 16.5, "instantiate_ms": 28.4, "invoke_ms": 1417.5, "artifact_bytes": 342.0}
{"rep": 0, "counted": true, "shape": "c_call", "lane": "base", "form": "native", "exit": 0, "value": "6", "process_ms": 2717.7, "compile_ms": 56.4, "verify_ms": 24.9, "instantiate_ms": 31.8, "invoke_ms": 2504.6, "artifact_bytes": 2064.0}
{"rep": 0, "counted": true, "shape": "c_call", "lane": "credit", "form": "bytecode", "exit": 0, "value": "6", "process_ms": 1267.5, "compile_ms": 50.0, "verify_ms": 16.2, "instantiate_ms": 29.2, "invoke_ms": 1068.6, "artifact_bytes": 342.0}
{"rep": 0, "counted": true, "shape": "c_call", "lane": "credit", "form": "native", "exit": 0, "value": "6", "process_ms": 2323.0, "compile_ms": 56.6, "verify_ms": 24.7, "instantiate_ms": 32.6, "invoke_ms": 2103.9, "artifact_bytes": 2064.0}
{"rep": 0, "counted": true, "shape": "c_call", "lane": "aa", "form": "bytecode", "exit": 0, "value": "6", "process_ms": 1280.1, "compile_ms": 59.4, "verify_ms": 16.0, "instantiate_ms": 28.7, "invoke_ms": 1067.5, "artifact_bytes": 342.0}
{"rep": 0, "counted": true, "shape": "c_call", "lane": "aa", "form": "native", "exit": 0, "value": "6", "process_ms": 2317.4, "compile_ms": 57.5, "verify_ms": 25.1, "instantiate_ms": 32.9, "invoke_ms": 2099.7, "artifact_bytes": 2064.0}
{"rep": 0, "counted": true, "shape": "d_fib", "lane": "base", "form": "bytecode", "exit": 0, "value": "514229", "process_ms": 1540.9, "compile_ms": 44.0, "verify_ms": 16.7, "instantiate_ms": 28.3, "invoke_ms": 1350.3, "artifact_bytes": 229.0}
{"rep": 0, "counted": true, "shape": "d_fib", "lane": "base", "form": "native", "exit": 0, "value": "514229", "process_ms": 2439.6, "compile_ms": 50.4, "verify_ms": 25.3, "instantiate_ms": 32.5, "invoke_ms": 2225.0, "artifact_bytes": 1237.0}
{"rep": 0, "counted": true, "shape": "d_fib", "lane": "credit", "form": "bytecode", "exit": 0, "value": "514229", "process_ms": 1225.5, "compile_ms": 42.1, "verify_ms": 15.7, "instantiate_ms": 28.5, "invoke_ms": 1037.7, "artifact_bytes": 229.0}
{"rep": 0, "counted": true, "shape": "d_fib", "lane": "credit", "form": "native", "exit": 0, "value": "514229", "process_ms": 2059.4, "compile_ms": 49.5, "verify_ms": 24.5, "instantiate_ms": 31.4, "invoke_ms": 1854.4, "artifact_bytes": 1237.0}
{"rep": 0, "counted": true, "shape": "d_fib", "lane": "aa", "form": "bytecode", "exit": 0, "value": "514229", "process_ms": 1215.0, "compile_ms": 42.4, "verify_ms": 15.9, "instantiate_ms": 28.4, "invoke_ms": 1026.6, "artifact_bytes": 229.0}
{"rep": 0, "counted": true, "shape": "d_fib", "lane": "aa", "form": "native", "exit": 0, "value": "514229", "process_ms": 2041.8, "compile_ms": 49.0, "verify_ms": 23.8, "instantiate_ms": 31.4, "invoke_ms": 1835.4, "artifact_bytes": 1237.0}
{"rep": 1, "counted": true, "shape": "a_numeric", "lane": "base", "form": "bytecode", "exit": 0, "value": "21", "process_ms": 1621.9, "compile_ms": 48.0, "verify_ms": 15.2, "instantiate_ms": 27.3, "invoke_ms": 1431.7, "artifact_bytes": 290.0}
{"rep": 1, "counted": true, "shape": "a_numeric", "lane": "base", "form": "native", "exit": 0, "value": "21", "process_ms": 3068.5, "compile_ms": 59.1, "verify_ms": 24.5, "instantiate_ms": 34.7, "invoke_ms": 2845.8, "artifact_bytes": 1698.0}
{"rep": 1, "counted": true, "shape": "a_numeric", "lane": "credit", "form": "bytecode", "exit": 0, "value": "21", "process_ms": 1037.2, "compile_ms": 47.2, "verify_ms": 15.5, "instantiate_ms": 28.0, "invoke_ms": 845.3, "artifact_bytes": 290.0}
{"rep": 1, "counted": true, "shape": "a_numeric", "lane": "credit", "form": "native", "exit": 0, "value": "21", "process_ms": 2454.7, "compile_ms": 54.5, "verify_ms": 23.8, "instantiate_ms": 31.4, "invoke_ms": 2245.6, "artifact_bytes": 1698.0}
{"rep": 1, "counted": true, "shape": "a_numeric", "lane": "aa", "form": "bytecode", "exit": 0, "value": "21", "process_ms": 1142.7, "compile_ms": 48.1, "verify_ms": 15.7, "instantiate_ms": 29.1, "invoke_ms": 950.9, "artifact_bytes": 290.0}
{"rep": 1, "counted": true, "shape": "a_numeric", "lane": "aa", "form": "native", "exit": 0, "value": "21", "process_ms": 2506.9, "compile_ms": 55.6, "verify_ms": 23.8, "instantiate_ms": 32.0, "invoke_ms": 2291.1, "artifact_bytes": 1698.0}
{"rep": 1, "counted": true, "shape": "b_property", "lane": "base", "form": "bytecode", "exit": 0, "value": "375020", "process_ms": 1812.8, "compile_ms": 49.9, "verify_ms": 15.5, "instantiate_ms": 27.6, "invoke_ms": 1620.3, "artifact_bytes": 344.0}
{"rep": 1, "counted": true, "shape": "b_property", "lane": "base", "form": "native", "exit": 0, "value": "375020", "process_ms": 3256.5, "compile_ms": 57.7, "verify_ms": 23.7, "instantiate_ms": 31.4, "invoke_ms": 3038.8, "artifact_bytes": 2027.0}
{"rep": 1, "counted": true, "shape": "b_property", "lane": "credit", "form": "bytecode", "exit": 0, "value": "375020", "process_ms": 1276.8, "compile_ms": 49.6, "verify_ms": 15.6, "instantiate_ms": 28.1, "invoke_ms": 1081.9, "artifact_bytes": 344.0}
{"rep": 1, "counted": true, "shape": "b_property", "lane": "credit", "form": "native", "exit": 0, "value": "375020", "process_ms": 2738.6, "compile_ms": 57.7, "verify_ms": 24.9, "instantiate_ms": 32.1, "invoke_ms": 2524.2, "artifact_bytes": 2027.0}
{"rep": 1, "counted": true, "shape": "b_property", "lane": "aa", "form": "bytecode", "exit": 0, "value": "375020", "process_ms": 1290.3, "compile_ms": 50.5, "verify_ms": 15.9, "instantiate_ms": 28.9, "invoke_ms": 1091.1, "artifact_bytes": 344.0}
{"rep": 1, "counted": true, "shape": "b_property", "lane": "aa", "form": "native", "exit": 0, "value": "375020", "process_ms": 2707.4, "compile_ms": 57.2, "verify_ms": 24.7, "instantiate_ms": 31.9, "invoke_ms": 2490.8, "artifact_bytes": 2027.0}
{"rep": 1, "counted": true, "shape": "c_call", "lane": "base", "form": "bytecode", "exit": 0, "value": "6", "process_ms": 1373.1, "compile_ms": 47.8, "verify_ms": 15.3, "instantiate_ms": 27.4, "invoke_ms": 1182.3, "artifact_bytes": 342.0}
{"rep": 1, "counted": true, "shape": "c_call", "lane": "base", "form": "native", "exit": 0, "value": "6", "process_ms": 2586.1, "compile_ms": 56.6, "verify_ms": 24.1, "instantiate_ms": 31.6, "invoke_ms": 2374.2, "artifact_bytes": 2064.0}
{"rep": 1, "counted": true, "shape": "c_call", "lane": "credit", "form": "bytecode", "exit": 0, "value": "6", "process_ms": 1291.1, "compile_ms": 49.0, "verify_ms": 15.5, "instantiate_ms": 28.3, "invoke_ms": 1095.0, "artifact_bytes": 342.0}
{"rep": 1, "counted": true, "shape": "c_call", "lane": "credit", "form": "native", "exit": 0, "value": "6", "process_ms": 2369.3, "compile_ms": 57.9, "verify_ms": 25.4, "instantiate_ms": 33.6, "invoke_ms": 2136.9, "artifact_bytes": 2064.0}
{"rep": 1, "counted": true, "shape": "c_call", "lane": "aa", "form": "bytecode", "exit": 0, "value": "6", "process_ms": 1265.5, "compile_ms": 49.3, "verify_ms": 16.5, "instantiate_ms": 29.0, "invoke_ms": 1067.6, "artifact_bytes": 342.0}
{"rep": 1, "counted": true, "shape": "c_call", "lane": "aa", "form": "native", "exit": 0, "value": "6", "process_ms": 2352.7, "compile_ms": 57.3, "verify_ms": 25.0, "instantiate_ms": 32.6, "invoke_ms": 2135.1, "artifact_bytes": 2064.0}
{"rep": 1, "counted": true, "shape": "d_fib", "lane": "base", "form": "bytecode", "exit": 0, "value": "514229", "process_ms": 1558.5, "compile_ms": 42.9, "verify_ms": 15.7, "instantiate_ms": 28.4, "invoke_ms": 1369.5, "artifact_bytes": 229.0}
{"rep": 1, "counted": true, "shape": "d_fib", "lane": "base", "form": "native", "exit": 0, "value": "514229", "process_ms": 2420.0, "compile_ms": 53.7, "verify_ms": 27.0, "instantiate_ms": 39.7, "invoke_ms": 2180.6, "artifact_bytes": 1237.0}
{"rep": 1, "counted": true, "shape": "d_fib", "lane": "credit", "form": "bytecode", "exit": 0, "value": "514229", "process_ms": 1218.8, "compile_ms": 43.4, "verify_ms": 15.9, "instantiate_ms": 29.1, "invoke_ms": 1027.3, "artifact_bytes": 229.0}
{"rep": 1, "counted": true, "shape": "d_fib", "lane": "credit", "form": "native", "exit": 0, "value": "514229", "process_ms": 2080.4, "compile_ms": 51.9, "verify_ms": 24.8, "instantiate_ms": 33.3, "invoke_ms": 1867.4, "artifact_bytes": 1237.0}
{"rep": 1, "counted": true, "shape": "d_fib", "lane": "aa", "form": "bytecode", "exit": 0, "value": "514229", "process_ms": 1244.3, "compile_ms": 42.6, "verify_ms": 16.3, "instantiate_ms": 29.6, "invoke_ms": 1051.2, "artifact_bytes": 229.0}
{"rep": 1, "counted": true, "shape": "d_fib", "lane": "aa", "form": "native", "exit": 0, "value": "514229", "process_ms": 2089.6, "compile_ms": 50.9, "verify_ms": 24.3, "instantiate_ms": 32.4, "invoke_ms": 1880.9, "artifact_bytes": 1237.0}
{"rep": 2, "counted": true, "shape": "a_numeric", "lane": "base", "form": "bytecode", "exit": 0, "value": "21", "process_ms": 1726.9, "compile_ms": 49.3, "verify_ms": 15.7, "instantiate_ms": 29.8, "invoke_ms": 1527.2, "artifact_bytes": 290.0}
{"rep": 2, "counted": true, "shape": "a_numeric", "lane": "base", "form": "native", "exit": 0, "value": "21", "process_ms": 3075.8, "compile_ms": 57.5, "verify_ms": 24.6, "instantiate_ms": 32.3, "invoke_ms": 2860.6, "artifact_bytes": 1698.0}
{"rep": 2, "counted": true, "shape": "a_numeric", "lane": "credit", "form": "bytecode", "exit": 0, "value": "21", "process_ms": 1291.0, "compile_ms": 48.6, "verify_ms": 22.0, "instantiate_ms": 29.4, "invoke_ms": 1087.0, "artifact_bytes": 290.0}
{"rep": 2, "counted": true, "shape": "a_numeric", "lane": "credit", "form": "native", "exit": 0, "value": "21", "process_ms": 2529.2, "compile_ms": 57.6, "verify_ms": 24.7, "instantiate_ms": 32.5, "invoke_ms": 2310.7, "artifact_bytes": 1698.0}
{"rep": 2, "counted": true, "shape": "a_numeric", "lane": "aa", "form": "bytecode", "exit": 0, "value": "21", "process_ms": 1114.3, "compile_ms": 48.0, "verify_ms": 15.6, "instantiate_ms": 28.3, "invoke_ms": 920.7, "artifact_bytes": 290.0}
{"rep": 2, "counted": true, "shape": "a_numeric", "lane": "aa", "form": "native", "exit": 0, "value": "21", "process_ms": 2476.8, "compile_ms": 55.4, "verify_ms": 24.4, "instantiate_ms": 31.4, "invoke_ms": 2265.9, "artifact_bytes": 1698.0}
{"rep": 2, "counted": true, "shape": "b_property", "lane": "base", "form": "bytecode", "exit": 0, "value": "375020", "process_ms": 1813.1, "compile_ms": 50.9, "verify_ms": 15.3, "instantiate_ms": 27.8, "invoke_ms": 1612.2, "artifact_bytes": 344.0}
{"rep": 2, "counted": true, "shape": "b_property", "lane": "base", "form": "native", "exit": 0, "value": "375020", "process_ms": 3273.8, "compile_ms": 57.4, "verify_ms": 23.8, "instantiate_ms": 32.1, "invoke_ms": 3059.2, "artifact_bytes": 2027.0}
{"rep": 2, "counted": true, "shape": "b_property", "lane": "credit", "form": "bytecode", "exit": 0, "value": "375020", "process_ms": 1287.2, "compile_ms": 49.5, "verify_ms": 16.0, "instantiate_ms": 28.1, "invoke_ms": 1090.9, "artifact_bytes": 344.0}
{"rep": 2, "counted": true, "shape": "b_property", "lane": "credit", "form": "native", "exit": 0, "value": "375020", "process_ms": 2721.3, "compile_ms": 56.8, "verify_ms": 24.0, "instantiate_ms": 31.6, "invoke_ms": 2509.4, "artifact_bytes": 2027.0}
{"rep": 2, "counted": true, "shape": "b_property", "lane": "aa", "form": "bytecode", "exit": 0, "value": "375020", "process_ms": 1281.3, "compile_ms": 49.4, "verify_ms": 15.7, "instantiate_ms": 29.1, "invoke_ms": 1087.9, "artifact_bytes": 344.0}
{"rep": 2, "counted": true, "shape": "b_property", "lane": "aa", "form": "native", "exit": 0, "value": "375020", "process_ms": 2739.1, "compile_ms": 57.1, "verify_ms": 24.2, "instantiate_ms": 31.4, "invoke_ms": 2526.4, "artifact_bytes": 2027.0}
{"rep": 2, "counted": true, "shape": "c_call", "lane": "base", "form": "bytecode", "exit": 0, "value": "6", "process_ms": 1538.3, "compile_ms": 48.2, "verify_ms": 15.4, "instantiate_ms": 27.8, "invoke_ms": 1342.9, "artifact_bytes": 342.0}
{"rep": 2, "counted": true, "shape": "c_call", "lane": "base", "form": "native", "exit": 0, "value": "6", "process_ms": 2672.3, "compile_ms": 56.3, "verify_ms": 23.7, "instantiate_ms": 30.9, "invoke_ms": 2461.9, "artifact_bytes": 2064.0}
{"rep": 2, "counted": true, "shape": "c_call", "lane": "credit", "form": "bytecode", "exit": 0, "value": "6", "process_ms": 1257.1, "compile_ms": 48.3, "verify_ms": 15.4, "instantiate_ms": 28.7, "invoke_ms": 1061.2, "artifact_bytes": 342.0}
{"rep": 2, "counted": true, "shape": "c_call", "lane": "credit", "form": "native", "exit": 0, "value": "6", "process_ms": 2267.1, "compile_ms": 55.5, "verify_ms": 24.0, "instantiate_ms": 31.7, "invoke_ms": 2056.7, "artifact_bytes": 2064.0}
{"rep": 2, "counted": true, "shape": "c_call", "lane": "aa", "form": "bytecode", "exit": 0, "value": "6", "process_ms": 1257.2, "compile_ms": 48.2, "verify_ms": 16.7, "instantiate_ms": 30.5, "invoke_ms": 1059.1, "artifact_bytes": 342.0}
{"rep": 2, "counted": true, "shape": "c_call", "lane": "aa", "form": "native", "exit": 0, "value": "6", "process_ms": 2247.5, "compile_ms": 56.3, "verify_ms": 24.1, "instantiate_ms": 32.3, "invoke_ms": 2033.6, "artifact_bytes": 2064.0}
{"rep": 2, "counted": true, "shape": "d_fib", "lane": "base", "form": "bytecode", "exit": 0, "value": "514229", "process_ms": 1516.7, "compile_ms": 42.4, "verify_ms": 15.5, "instantiate_ms": 30.5, "invoke_ms": 1325.0, "artifact_bytes": 229.0}
{"rep": 2, "counted": true, "shape": "d_fib", "lane": "base", "form": "native", "exit": 0, "value": "514229", "process_ms": 2430.6, "compile_ms": 49.9, "verify_ms": 23.8, "instantiate_ms": 30.8, "invoke_ms": 2225.9, "artifact_bytes": 1237.0}
{"rep": 2, "counted": true, "shape": "d_fib", "lane": "credit", "form": "bytecode", "exit": 0, "value": "514229", "process_ms": 1237.7, "compile_ms": 42.4, "verify_ms": 15.8, "instantiate_ms": 28.5, "invoke_ms": 1048.5, "artifact_bytes": 229.0}
{"rep": 2, "counted": true, "shape": "d_fib", "lane": "credit", "form": "native", "exit": 0, "value": "514229", "process_ms": 2050.8, "compile_ms": 51.1, "verify_ms": 24.1, "instantiate_ms": 32.9, "invoke_ms": 1833.7, "artifact_bytes": 1237.0}
{"rep": 2, "counted": true, "shape": "d_fib", "lane": "aa", "form": "bytecode", "exit": 0, "value": "514229", "process_ms": 1218.5, "compile_ms": 42.0, "verify_ms": 15.6, "instantiate_ms": 28.8, "invoke_ms": 1029.0, "artifact_bytes": 229.0}
{"rep": 2, "counted": true, "shape": "d_fib", "lane": "aa", "form": "native", "exit": 0, "value": "514229", "process_ms": 2070.7, "compile_ms": 49.7, "verify_ms": 24.0, "instantiate_ms": 31.4, "invoke_ms": 1863.2, "artifact_bytes": 1237.0}
{"rep": 3, "counted": true, "shape": "a_numeric", "lane": "base", "form": "bytecode", "exit": 0, "value": "21", "process_ms": 1693.1, "compile_ms": 49.7, "verify_ms": 15.8, "instantiate_ms": 27.6, "invoke_ms": 1495.7, "artifact_bytes": 290.0}
{"rep": 3, "counted": true, "shape": "a_numeric", "lane": "base", "form": "native", "exit": 0, "value": "21", "process_ms": 3071.5, "compile_ms": 60.9, "verify_ms": 24.1, "instantiate_ms": 30.9, "invoke_ms": 2844.3, "artifact_bytes": 1698.0}
{"rep": 3, "counted": true, "shape": "a_numeric", "lane": "credit", "form": "bytecode", "exit": 0, "value": "21", "process_ms": 1121.6, "compile_ms": 48.3, "verify_ms": 15.4, "instantiate_ms": 28.1, "invoke_ms": 926.0, "artifact_bytes": 290.0}
{"rep": 3, "counted": true, "shape": "a_numeric", "lane": "credit", "form": "native", "exit": 0, "value": "21", "process_ms": 2482.4, "compile_ms": 55.4, "verify_ms": 23.8, "instantiate_ms": 31.5, "invoke_ms": 2271.7, "artifact_bytes": 1698.0}
{"rep": 3, "counted": true, "shape": "a_numeric", "lane": "aa", "form": "bytecode", "exit": 0, "value": "21", "process_ms": 1143.5, "compile_ms": 47.8, "verify_ms": 15.7, "instantiate_ms": 29.2, "invoke_ms": 949.3, "artifact_bytes": 290.0}
{"rep": 3, "counted": true, "shape": "a_numeric", "lane": "aa", "form": "native", "exit": 0, "value": "21", "process_ms": 2493.5, "compile_ms": 55.9, "verify_ms": 23.9, "instantiate_ms": 32.0, "invoke_ms": 2281.1, "artifact_bytes": 1698.0}
{"rep": 3, "counted": true, "shape": "b_property", "lane": "base", "form": "bytecode", "exit": 0, "value": "375020", "process_ms": 1823.4, "compile_ms": 49.4, "verify_ms": 15.5, "instantiate_ms": 27.9, "invoke_ms": 1622.6, "artifact_bytes": 344.0}
{"rep": 3, "counted": true, "shape": "b_property", "lane": "base", "form": "native", "exit": 0, "value": "375020", "process_ms": 3337.0, "compile_ms": 57.4, "verify_ms": 29.3, "instantiate_ms": 31.1, "invoke_ms": 3116.6, "artifact_bytes": 2027.0}
{"rep": 3, "counted": true, "shape": "b_property", "lane": "credit", "form": "bytecode", "exit": 0, "value": "375020", "process_ms": 1295.5, "compile_ms": 49.3, "verify_ms": 15.8, "instantiate_ms": 28.5, "invoke_ms": 1102.1, "artifact_bytes": 344.0}
{"rep": 3, "counted": true, "shape": "b_property", "lane": "credit", "form": "native", "exit": 0, "value": "375020", "process_ms": 2734.6, "compile_ms": 57.3, "verify_ms": 24.3, "instantiate_ms": 34.3, "invoke_ms": 2516.9, "artifact_bytes": 2027.0}
{"rep": 3, "counted": true, "shape": "b_property", "lane": "aa", "form": "bytecode", "exit": 0, "value": "375020", "process_ms": 1281.7, "compile_ms": 49.6, "verify_ms": 15.6, "instantiate_ms": 28.2, "invoke_ms": 1085.4, "artifact_bytes": 344.0}
{"rep": 3, "counted": true, "shape": "b_property", "lane": "aa", "form": "native", "exit": 0, "value": "375020", "process_ms": 2789.2, "compile_ms": 63.5, "verify_ms": 26.0, "instantiate_ms": 34.1, "invoke_ms": 2560.5, "artifact_bytes": 2027.0}
{"rep": 3, "counted": true, "shape": "c_call", "lane": "base", "form": "bytecode", "exit": 0, "value": "6", "process_ms": 1558.0, "compile_ms": 48.0, "verify_ms": 15.2, "instantiate_ms": 27.5, "invoke_ms": 1365.1, "artifact_bytes": 342.0}
{"rep": 3, "counted": true, "shape": "c_call", "lane": "base", "form": "native", "exit": 0, "value": "6", "process_ms": 2760.5, "compile_ms": 56.0, "verify_ms": 23.6, "instantiate_ms": 31.0, "invoke_ms": 2549.9, "artifact_bytes": 2064.0}
{"rep": 3, "counted": true, "shape": "c_call", "lane": "credit", "form": "bytecode", "exit": 0, "value": "6", "process_ms": 1253.9, "compile_ms": 48.3, "verify_ms": 15.8, "instantiate_ms": 29.8, "invoke_ms": 1057.7, "artifact_bytes": 342.0}
{"rep": 3, "counted": true, "shape": "c_call", "lane": "credit", "form": "native", "exit": 0, "value": "6", "process_ms": 2330.2, "compile_ms": 56.2, "verify_ms": 24.2, "instantiate_ms": 32.7, "invoke_ms": 2113.9, "artifact_bytes": 2064.0}
{"rep": 3, "counted": true, "shape": "c_call", "lane": "aa", "form": "bytecode", "exit": 0, "value": "6", "process_ms": 1264.2, "compile_ms": 48.9, "verify_ms": 15.8, "instantiate_ms": 32.2, "invoke_ms": 1062.3, "artifact_bytes": 342.0}
{"rep": 3, "counted": true, "shape": "c_call", "lane": "aa", "form": "native", "exit": 0, "value": "6", "process_ms": 2249.6, "compile_ms": 55.5, "verify_ms": 24.7, "instantiate_ms": 32.1, "invoke_ms": 2036.3, "artifact_bytes": 2064.0}
{"rep": 3, "counted": true, "shape": "d_fib", "lane": "base", "form": "bytecode", "exit": 0, "value": "514229", "process_ms": 1505.1, "compile_ms": 43.8, "verify_ms": 15.9, "instantiate_ms": 28.9, "invoke_ms": 1315.8, "artifact_bytes": 229.0}
{"rep": 3, "counted": true, "shape": "d_fib", "lane": "base", "form": "native", "exit": 0, "value": "514229", "process_ms": 2324.4, "compile_ms": 50.3, "verify_ms": 23.9, "instantiate_ms": 31.0, "invoke_ms": 2115.3, "artifact_bytes": 1237.0}
{"rep": 3, "counted": true, "shape": "d_fib", "lane": "credit", "form": "bytecode", "exit": 0, "value": "514229", "process_ms": 1226.4, "compile_ms": 45.0, "verify_ms": 15.7, "instantiate_ms": 28.4, "invoke_ms": 1034.3, "artifact_bytes": 229.0}
{"rep": 3, "counted": true, "shape": "d_fib", "lane": "credit", "form": "native", "exit": 0, "value": "514229", "process_ms": 1974.6, "compile_ms": 49.0, "verify_ms": 23.7, "instantiate_ms": 31.5, "invoke_ms": 1767.6, "artifact_bytes": 1237.0}
{"rep": 3, "counted": true, "shape": "d_fib", "lane": "aa", "form": "bytecode", "exit": 0, "value": "514229", "process_ms": 1227.1, "compile_ms": 41.8, "verify_ms": 15.7, "instantiate_ms": 28.2, "invoke_ms": 1039.0, "artifact_bytes": 229.0}
{"rep": 3, "counted": true, "shape": "d_fib", "lane": "aa", "form": "native", "exit": 0, "value": "514229", "process_ms": 2067.8, "compile_ms": 49.9, "verify_ms": 24.4, "instantiate_ms": 32.5, "invoke_ms": 1857.5, "artifact_bytes": 1237.0}
{"rep": 4, "counted": true, "shape": "a_numeric", "lane": "base", "form": "bytecode", "exit": 0, "value": "21", "process_ms": 1694.4, "compile_ms": 49.7, "verify_ms": 15.8, "instantiate_ms": 30.3, "invoke_ms": 1490.5, "artifact_bytes": 290.0}
{"rep": 4, "counted": true, "shape": "a_numeric", "lane": "base", "form": "native", "exit": 0, "value": "21", "process_ms": 3013.3, "compile_ms": 57.6, "verify_ms": 24.6, "instantiate_ms": 32.8, "invoke_ms": 2796.6, "artifact_bytes": 1698.0}
{"rep": 4, "counted": true, "shape": "a_numeric", "lane": "credit", "form": "bytecode", "exit": 0, "value": "21", "process_ms": 1069.6, "compile_ms": 47.9, "verify_ms": 15.5, "instantiate_ms": 28.0, "invoke_ms": 876.8, "artifact_bytes": 290.0}
{"rep": 4, "counted": true, "shape": "a_numeric", "lane": "credit", "form": "native", "exit": 0, "value": "21", "process_ms": 2500.2, "compile_ms": 55.4, "verify_ms": 23.8, "instantiate_ms": 31.4, "invoke_ms": 2290.7, "artifact_bytes": 1698.0}
{"rep": 4, "counted": true, "shape": "a_numeric", "lane": "aa", "form": "bytecode", "exit": 0, "value": "21", "process_ms": 1115.4, "compile_ms": 48.1, "verify_ms": 15.6, "instantiate_ms": 28.3, "invoke_ms": 922.5, "artifact_bytes": 290.0}
{"rep": 4, "counted": true, "shape": "a_numeric", "lane": "aa", "form": "native", "exit": 0, "value": "21", "process_ms": 2480.4, "compile_ms": 55.8, "verify_ms": 24.0, "instantiate_ms": 31.9, "invoke_ms": 2269.5, "artifact_bytes": 1698.0}
{"rep": 4, "counted": true, "shape": "b_property", "lane": "base", "form": "bytecode", "exit": 0, "value": "375020", "process_ms": 1825.8, "compile_ms": 57.5, "verify_ms": 16.1, "instantiate_ms": 28.3, "invoke_ms": 1616.2, "artifact_bytes": 344.0}
{"rep": 4, "counted": true, "shape": "b_property", "lane": "base", "form": "native", "exit": 0, "value": "375020", "process_ms": 3432.0, "compile_ms": 56.7, "verify_ms": 24.7, "instantiate_ms": 31.2, "invoke_ms": 3216.6, "artifact_bytes": 2027.0}
{"rep": 4, "counted": true, "shape": "b_property", "lane": "credit", "form": "bytecode", "exit": 0, "value": "375020", "process_ms": 1304.3, "compile_ms": 49.5, "verify_ms": 16.3, "instantiate_ms": 29.5, "invoke_ms": 1107.4, "artifact_bytes": 344.0}
{"rep": 4, "counted": true, "shape": "b_property", "lane": "credit", "form": "native", "exit": 0, "value": "375020", "process_ms": 2728.0, "compile_ms": 57.9, "verify_ms": 24.0, "instantiate_ms": 32.0, "invoke_ms": 2513.0, "artifact_bytes": 2027.0}
{"rep": 4, "counted": true, "shape": "b_property", "lane": "aa", "form": "bytecode", "exit": 0, "value": "375020", "process_ms": 1303.2, "compile_ms": 53.5, "verify_ms": 15.7, "instantiate_ms": 28.8, "invoke_ms": 1093.7, "artifact_bytes": 344.0}
{"rep": 4, "counted": true, "shape": "b_property", "lane": "aa", "form": "native", "exit": 0, "value": "375020", "process_ms": 2735.6, "compile_ms": 57.9, "verify_ms": 24.3, "instantiate_ms": 33.1, "invoke_ms": 2517.0, "artifact_bytes": 2027.0}
{"rep": 4, "counted": true, "shape": "c_call", "lane": "base", "form": "bytecode", "exit": 0, "value": "6", "process_ms": 1572.5, "compile_ms": 47.8, "verify_ms": 15.2, "instantiate_ms": 27.5, "invoke_ms": 1380.0, "artifact_bytes": 342.0}
{"rep": 4, "counted": true, "shape": "c_call", "lane": "base", "form": "native", "exit": 0, "value": "6", "process_ms": 2697.6, "compile_ms": 56.3, "verify_ms": 26.4, "instantiate_ms": 33.4, "invoke_ms": 2479.9, "artifact_bytes": 2064.0}
{"rep": 4, "counted": true, "shape": "c_call", "lane": "credit", "form": "bytecode", "exit": 0, "value": "6", "process_ms": 1167.5, "compile_ms": 48.3, "verify_ms": 15.4, "instantiate_ms": 28.3, "invoke_ms": 973.1, "artifact_bytes": 342.0}
{"rep": 4, "counted": true, "shape": "c_call", "lane": "credit", "form": "native", "exit": 0, "value": "6", "process_ms": 2301.6, "compile_ms": 55.9, "verify_ms": 24.1, "instantiate_ms": 31.9, "invoke_ms": 2087.5, "artifact_bytes": 2064.0}
{"rep": 4, "counted": true, "shape": "c_call", "lane": "aa", "form": "bytecode", "exit": 0, "value": "6", "process_ms": 1279.6, "compile_ms": 48.8, "verify_ms": 16.1, "instantiate_ms": 28.8, "invoke_ms": 1075.8, "artifact_bytes": 342.0}
{"rep": 4, "counted": true, "shape": "c_call", "lane": "aa", "form": "native", "exit": 0, "value": "6", "process_ms": 2256.9, "compile_ms": 55.8, "verify_ms": 25.0, "instantiate_ms": 35.8, "invoke_ms": 2039.4, "artifact_bytes": 2064.0}
{"rep": 4, "counted": true, "shape": "d_fib", "lane": "base", "form": "bytecode", "exit": 0, "value": "514229", "process_ms": 1548.3, "compile_ms": 42.0, "verify_ms": 15.6, "instantiate_ms": 27.6, "invoke_ms": 1362.5, "artifact_bytes": 229.0}
{"rep": 4, "counted": true, "shape": "d_fib", "lane": "base", "form": "native", "exit": 0, "value": "514229", "process_ms": 2346.8, "compile_ms": 49.3, "verify_ms": 24.5, "instantiate_ms": 30.8, "invoke_ms": 2143.3, "artifact_bytes": 1237.0}
{"rep": 4, "counted": true, "shape": "d_fib", "lane": "credit", "form": "bytecode", "exit": 0, "value": "514229", "process_ms": 1222.7, "compile_ms": 45.6, "verify_ms": 16.9, "instantiate_ms": 29.4, "invoke_ms": 1029.8, "artifact_bytes": 229.0}
{"rep": 4, "counted": true, "shape": "d_fib", "lane": "credit", "form": "native", "exit": 0, "value": "514229", "process_ms": 2097.4, "compile_ms": 54.1, "verify_ms": 29.1, "instantiate_ms": 35.5, "invoke_ms": 1870.6, "artifact_bytes": 1237.0}
{"rep": 4, "counted": true, "shape": "d_fib", "lane": "aa", "form": "bytecode", "exit": 0, "value": "514229", "process_ms": 1213.6, "compile_ms": 41.7, "verify_ms": 15.5, "instantiate_ms": 28.4, "invoke_ms": 1026.0, "artifact_bytes": 229.0}
{"rep": 4, "counted": true, "shape": "d_fib", "lane": "aa", "form": "native", "exit": 0, "value": "514229", "process_ms": 2071.2, "compile_ms": 49.2, "verify_ms": 24.2, "instantiate_ms": 32.7, "invoke_ms": 1862.9, "artifact_bytes": 1237.0}
{"rep": 5, "counted": true, "shape": "a_numeric", "lane": "base", "form": "bytecode", "exit": 0, "value": "21", "process_ms": 1746.3, "compile_ms": 48.2, "verify_ms": 16.0, "instantiate_ms": 27.7, "invoke_ms": 1550.7, "artifact_bytes": 290.0}
{"rep": 5, "counted": true, "shape": "a_numeric", "lane": "base", "form": "native", "exit": 0, "value": "21", "process_ms": 3058.1, "compile_ms": 56.7, "verify_ms": 24.1, "instantiate_ms": 30.9, "invoke_ms": 2842.1, "artifact_bytes": 1698.0}
{"rep": 5, "counted": true, "shape": "a_numeric", "lane": "credit", "form": "bytecode", "exit": 0, "value": "21", "process_ms": 1129.8, "compile_ms": 49.4, "verify_ms": 16.8, "instantiate_ms": 31.1, "invoke_ms": 930.7, "artifact_bytes": 290.0}
{"rep": 5, "counted": true, "shape": "a_numeric", "lane": "credit", "form": "native", "exit": 0, "value": "21", "process_ms": 2480.7, "compile_ms": 55.4, "verify_ms": 23.7, "instantiate_ms": 31.6, "invoke_ms": 2270.1, "artifact_bytes": 1698.0}
{"rep": 5, "counted": true, "shape": "a_numeric", "lane": "aa", "form": "bytecode", "exit": 0, "value": "21", "process_ms": 1123.6, "compile_ms": 53.4, "verify_ms": 16.4, "instantiate_ms": 28.9, "invoke_ms": 918.0, "artifact_bytes": 290.0}
{"rep": 5, "counted": true, "shape": "a_numeric", "lane": "aa", "form": "native", "exit": 0, "value": "21", "process_ms": 2473.7, "compile_ms": 55.6, "verify_ms": 24.0, "instantiate_ms": 32.3, "invoke_ms": 2260.4, "artifact_bytes": 1698.0}
{"rep": 5, "counted": true, "shape": "b_property", "lane": "base", "form": "bytecode", "exit": 0, "value": "375020", "process_ms": 1826.5, "compile_ms": 50.6, "verify_ms": 15.6, "instantiate_ms": 27.8, "invoke_ms": 1628.8, "artifact_bytes": 344.0}
{"rep": 5, "counted": true, "shape": "b_property", "lane": "base", "form": "native", "exit": 0, "value": "375020", "process_ms": 3356.7, "compile_ms": 58.2, "verify_ms": 24.9, "instantiate_ms": 31.4, "invoke_ms": 3135.3, "artifact_bytes": 2027.0}
{"rep": 5, "counted": true, "shape": "b_property", "lane": "credit", "form": "bytecode", "exit": 0, "value": "375020", "process_ms": 1302.3, "compile_ms": 49.2, "verify_ms": 15.6, "instantiate_ms": 29.3, "invoke_ms": 1107.6, "artifact_bytes": 344.0}
{"rep": 5, "counted": true, "shape": "b_property", "lane": "credit", "form": "native", "exit": 0, "value": "375020", "process_ms": 2751.9, "compile_ms": 57.3, "verify_ms": 24.3, "instantiate_ms": 31.8, "invoke_ms": 2536.8, "artifact_bytes": 2027.0}
{"rep": 5, "counted": true, "shape": "b_property", "lane": "aa", "form": "bytecode", "exit": 0, "value": "375020", "process_ms": 1317.8, "compile_ms": 50.2, "verify_ms": 16.1, "instantiate_ms": 29.1, "invoke_ms": 1117.8, "artifact_bytes": 344.0}
{"rep": 5, "counted": true, "shape": "b_property", "lane": "aa", "form": "native", "exit": 0, "value": "375020", "process_ms": 2743.6, "compile_ms": 57.7, "verify_ms": 24.6, "instantiate_ms": 33.0, "invoke_ms": 2528.7, "artifact_bytes": 2027.0}
{"rep": 5, "counted": true, "shape": "c_call", "lane": "base", "form": "bytecode", "exit": 0, "value": "6", "process_ms": 1589.1, "compile_ms": 48.2, "verify_ms": 15.9, "instantiate_ms": 27.3, "invoke_ms": 1394.1, "artifact_bytes": 342.0}
{"rep": 5, "counted": true, "shape": "c_call", "lane": "base", "form": "native", "exit": 0, "value": "6", "process_ms": 2766.8, "compile_ms": 56.6, "verify_ms": 24.1, "instantiate_ms": 31.5, "invoke_ms": 2553.4, "artifact_bytes": 2064.0}
{"rep": 5, "counted": true, "shape": "c_call", "lane": "credit", "form": "bytecode", "exit": 0, "value": "6", "process_ms": 1270.6, "compile_ms": 48.7, "verify_ms": 15.7, "instantiate_ms": 29.8, "invoke_ms": 1072.6, "artifact_bytes": 342.0}
{"rep": 5, "counted": true, "shape": "c_call", "lane": "credit", "form": "native", "exit": 0, "value": "6", "process_ms": 2312.8, "compile_ms": 55.6, "verify_ms": 24.3, "instantiate_ms": 32.0, "invoke_ms": 2099.3, "artifact_bytes": 2064.0}
{"rep": 5, "counted": true, "shape": "c_call", "lane": "aa", "form": "bytecode", "exit": 0, "value": "6", "process_ms": 1257.0, "compile_ms": 48.3, "verify_ms": 15.4, "instantiate_ms": 28.9, "invoke_ms": 1061.3, "artifact_bytes": 342.0}
{"rep": 5, "counted": true, "shape": "c_call", "lane": "aa", "form": "native", "exit": 0, "value": "6", "process_ms": 2267.1, "compile_ms": 55.7, "verify_ms": 24.5, "instantiate_ms": 31.9, "invoke_ms": 2052.7, "artifact_bytes": 2064.0}
{"rep": 5, "counted": true, "shape": "d_fib", "lane": "base", "form": "bytecode", "exit": 0, "value": "514229", "process_ms": 1520.2, "compile_ms": 42.0, "verify_ms": 15.5, "instantiate_ms": 28.5, "invoke_ms": 1331.1, "artifact_bytes": 229.0}
{"rep": 5, "counted": true, "shape": "d_fib", "lane": "base", "form": "native", "exit": 0, "value": "514229", "process_ms": 2344.4, "compile_ms": 51.3, "verify_ms": 23.9, "instantiate_ms": 31.2, "invoke_ms": 2131.8, "artifact_bytes": 1237.0}
{"rep": 5, "counted": true, "shape": "d_fib", "lane": "credit", "form": "bytecode", "exit": 0, "value": "514229", "process_ms": 1219.1, "compile_ms": 47.4, "verify_ms": 17.4, "instantiate_ms": 30.8, "invoke_ms": 1015.3, "artifact_bytes": 229.0}
{"rep": 5, "counted": true, "shape": "d_fib", "lane": "credit", "form": "native", "exit": 0, "value": "514229", "process_ms": 2054.8, "compile_ms": 49.4, "verify_ms": 24.6, "instantiate_ms": 31.8, "invoke_ms": 1847.9, "artifact_bytes": 1237.0}
{"rep": 5, "counted": true, "shape": "d_fib", "lane": "aa", "form": "bytecode", "exit": 0, "value": "514229", "process_ms": 1287.6, "compile_ms": 43.2, "verify_ms": 15.8, "instantiate_ms": 28.7, "invoke_ms": 1094.9, "artifact_bytes": 229.0}
{"rep": 5, "counted": true, "shape": "d_fib", "lane": "aa", "form": "native", "exit": 0, "value": "514229", "process_ms": 2067.5, "compile_ms": 51.9, "verify_ms": 24.0, "instantiate_ms": 32.2, "invoke_ms": 1857.1, "artifact_bytes": 1237.0}
{"rep": 6, "counted": true, "shape": "a_numeric", "lane": "base", "form": "bytecode", "exit": 0, "value": "21", "process_ms": 1692.9, "compile_ms": 49.6, "verify_ms": 15.5, "instantiate_ms": 27.8, "invoke_ms": 1497.5, "artifact_bytes": 290.0}
{"rep": 6, "counted": true, "shape": "a_numeric", "lane": "base", "form": "native", "exit": 0, "value": "21", "process_ms": 3169.2, "compile_ms": 55.5, "verify_ms": 23.7, "instantiate_ms": 31.1, "invoke_ms": 2955.9, "artifact_bytes": 1698.0}
{"rep": 6, "counted": true, "shape": "a_numeric", "lane": "credit", "form": "bytecode", "exit": 0, "value": "21", "process_ms": 1185.9, "compile_ms": 48.7, "verify_ms": 15.5, "instantiate_ms": 28.0, "invoke_ms": 992.7, "artifact_bytes": 290.0}
{"rep": 6, "counted": true, "shape": "a_numeric", "lane": "credit", "form": "native", "exit": 0, "value": "21", "process_ms": 2490.1, "compile_ms": 55.2, "verify_ms": 24.4, "instantiate_ms": 32.1, "invoke_ms": 2279.3, "artifact_bytes": 1698.0}
{"rep": 6, "counted": true, "shape": "a_numeric", "lane": "aa", "form": "bytecode", "exit": 0, "value": "21", "process_ms": 1057.9, "compile_ms": 48.0, "verify_ms": 15.7, "instantiate_ms": 28.4, "invoke_ms": 863.7, "artifact_bytes": 290.0}
{"rep": 6, "counted": true, "shape": "a_numeric", "lane": "aa", "form": "native", "exit": 0, "value": "21", "process_ms": 2491.4, "compile_ms": 55.3, "verify_ms": 23.8, "instantiate_ms": 31.7, "invoke_ms": 2281.1, "artifact_bytes": 1698.0}
{"rep": 6, "counted": true, "shape": "b_property", "lane": "base", "form": "bytecode", "exit": 0, "value": "375020", "process_ms": 1831.5, "compile_ms": 50.1, "verify_ms": 15.7, "instantiate_ms": 27.4, "invoke_ms": 1638.7, "artifact_bytes": 344.0}
{"rep": 6, "counted": true, "shape": "b_property", "lane": "base", "form": "native", "exit": 0, "value": "375020", "process_ms": 3536.0, "compile_ms": 57.9, "verify_ms": 24.5, "instantiate_ms": 31.3, "invoke_ms": 3320.9, "artifact_bytes": 2027.0}
{"rep": 6, "counted": true, "shape": "b_property", "lane": "credit", "form": "bytecode", "exit": 0, "value": "375020", "process_ms": 1317.0, "compile_ms": 50.0, "verify_ms": 15.7, "instantiate_ms": 28.3, "invoke_ms": 1119.5, "artifact_bytes": 344.0}
{"rep": 6, "counted": true, "shape": "b_property", "lane": "credit", "form": "native", "exit": 0, "value": "375020", "process_ms": 2812.7, "compile_ms": 58.3, "verify_ms": 24.6, "instantiate_ms": 33.6, "invoke_ms": 2591.1, "artifact_bytes": 2027.0}
{"rep": 6, "counted": true, "shape": "b_property", "lane": "aa", "form": "bytecode", "exit": 0, "value": "375020", "process_ms": 1387.3, "compile_ms": 53.9, "verify_ms": 18.2, "instantiate_ms": 32.0, "invoke_ms": 1172.5, "artifact_bytes": 344.0}
{"rep": 6, "counted": true, "shape": "b_property", "lane": "aa", "form": "native", "exit": 0, "value": "375020", "process_ms": 2786.7, "compile_ms": 56.4, "verify_ms": 24.1, "instantiate_ms": 31.5, "invoke_ms": 2572.0, "artifact_bytes": 2027.0}
{"rep": 6, "counted": true, "shape": "c_call", "lane": "base", "form": "bytecode", "exit": 0, "value": "6", "process_ms": 1649.9, "compile_ms": 64.7, "verify_ms": 19.6, "instantiate_ms": 32.2, "invoke_ms": 1420.9, "artifact_bytes": 342.0}
{"rep": 6, "counted": true, "shape": "c_call", "lane": "base", "form": "native", "exit": 0, "value": "6", "process_ms": 2750.8, "compile_ms": 60.7, "verify_ms": 25.6, "instantiate_ms": 32.5, "invoke_ms": 2525.5, "artifact_bytes": 2064.0}
{"rep": 6, "counted": true, "shape": "c_call", "lane": "credit", "form": "bytecode", "exit": 0, "value": "6", "process_ms": 1310.8, "compile_ms": 51.8, "verify_ms": 16.5, "instantiate_ms": 30.8, "invoke_ms": 1105.7, "artifact_bytes": 342.0}
{"rep": 6, "counted": true, "shape": "c_call", "lane": "credit", "form": "native", "exit": 0, "value": "6", "process_ms": 2369.0, "compile_ms": 58.7, "verify_ms": 25.7, "instantiate_ms": 33.3, "invoke_ms": 2148.4, "artifact_bytes": 2064.0}
{"rep": 6, "counted": true, "shape": "c_call", "lane": "aa", "form": "bytecode", "exit": 0, "value": "6", "process_ms": 1270.6, "compile_ms": 49.8, "verify_ms": 15.9, "instantiate_ms": 29.3, "invoke_ms": 1070.8, "artifact_bytes": 342.0}
{"rep": 6, "counted": true, "shape": "c_call", "lane": "aa", "form": "native", "exit": 0, "value": "6", "process_ms": 2330.8, "compile_ms": 58.2, "verify_ms": 24.7, "instantiate_ms": 33.2, "invoke_ms": 2111.4, "artifact_bytes": 2064.0}
{"rep": 6, "counted": true, "shape": "d_fib", "lane": "base", "form": "bytecode", "exit": 0, "value": "514229", "process_ms": 1598.6, "compile_ms": 44.9, "verify_ms": 16.7, "instantiate_ms": 29.2, "invoke_ms": 1400.5, "artifact_bytes": 229.0}
{"rep": 6, "counted": true, "shape": "d_fib", "lane": "base", "form": "native", "exit": 0, "value": "514229", "process_ms": 2452.3, "compile_ms": 52.5, "verify_ms": 26.6, "instantiate_ms": 33.1, "invoke_ms": 2235.6, "artifact_bytes": 1237.0}
{"rep": 6, "counted": true, "shape": "d_fib", "lane": "credit", "form": "bytecode", "exit": 0, "value": "514229", "process_ms": 1242.7, "compile_ms": 48.2, "verify_ms": 15.9, "instantiate_ms": 32.0, "invoke_ms": 1040.8, "artifact_bytes": 229.0}
{"rep": 6, "counted": true, "shape": "d_fib", "lane": "credit", "form": "native", "exit": 0, "value": "514229", "process_ms": 2160.3, "compile_ms": 52.1, "verify_ms": 25.3, "instantiate_ms": 33.3, "invoke_ms": 1943.8, "artifact_bytes": 1237.0}
{"rep": 6, "counted": true, "shape": "d_fib", "lane": "aa", "form": "bytecode", "exit": 0, "value": "514229", "process_ms": 1230.9, "compile_ms": 43.8, "verify_ms": 16.7, "instantiate_ms": 30.0, "invoke_ms": 1038.0, "artifact_bytes": 229.0}
{"rep": 6, "counted": true, "shape": "d_fib", "lane": "aa", "form": "native", "exit": 0, "value": "514229", "process_ms": 2091.7, "compile_ms": 51.1, "verify_ms": 25.1, "instantiate_ms": 32.9, "invoke_ms": 1879.0, "artifact_bytes": 1237.0}
finished 2026-09-16T18:02:16
VERDICT a_numeric|bytecode|invoke base=1497.5 credit=930.7 aa=922.5 ratio=1.609 gap=566.8 aa_spread=241.7 below=True gap_exceeds_aa_spread=True
VERDICT a_numeric|bytecode|process base=1694.4 credit=1129.8 aa=1123.6 ratio=1.5 gap=564.6 aa_spread=253.8 below=True gap_exceeds_aa_spread=True
VERDICT a_numeric|native|invoke base=2845.8 credit=2279.3 aa=2281.1 ratio=1.249 gap=566.5 aa_spread=138.0 below=True gap_exceeds_aa_spread=True
VERDICT a_numeric|native|process base=3071.5 credit=2490.1 aa=2491.4 ratio=1.233 gap=581.4 aa_spread=143.0 below=True gap_exceeds_aa_spread=True
VERDICT b_property|bytecode|invoke base=1622.6 credit=1107.4 aa=1093.7 ratio=1.465 gap=515.2 aa_spread=87.1 below=True gap_exceeds_aa_spread=True
VERDICT b_property|bytecode|process base=1825.8 credit=1302.3 aa=1303.2 ratio=1.402 gap=523.5 aa_spread=106.0 below=True gap_exceeds_aa_spread=True
VERDICT b_property|native|invoke base=3116.6 credit=2524.2 aa=2528.7 ratio=1.235 gap=592.4 aa_spread=93.0 below=True gap_exceeds_aa_spread=True
VERDICT b_property|native|process base=3337.0 credit=2738.6 aa=2743.6 ratio=1.219 gap=598.4 aa_spread=92.7 below=True gap_exceeds_aa_spread=True
VERDICT c_call|bytecode|invoke base=1380.0 credit=1068.6 aa=1067.5 ratio=1.291 gap=311.4 aa_spread=132.6 below=True gap_exceeds_aa_spread=True
VERDICT c_call|bytecode|process base=1572.5 credit=1267.5 aa=1265.5 ratio=1.241 gap=305.0 aa_spread=143.3 below=True gap_exceeds_aa_spread=True
VERDICT c_call|native|invoke base=2504.6 credit=2103.9 aa=2052.7 ratio=1.19 gap=400.7 aa_spread=101.5 below=True gap_exceeds_aa_spread=True
VERDICT c_call|native|process base=2717.7 credit=2323.0 aa=2267.1 ratio=1.17 gap=394.7 aa_spread=105.2 below=True gap_exceeds_aa_spread=True
VERDICT d_fib|bytecode|invoke base=1350.3 credit=1034.3 aa=1038.0 ratio=1.306 gap=316.0 aa_spread=68.9 below=True gap_exceeds_aa_spread=True
VERDICT d_fib|bytecode|process base=1540.9 credit=1225.5 aa=1227.1 ratio=1.257 gap=315.4 aa_spread=74.0 below=True gap_exceeds_aa_spread=True
VERDICT d_fib|native|invoke base=2180.6 credit=1854.4 aa=1862.9 ratio=1.176 gap=326.2 aa_spread=176.2 below=True gap_exceeds_aa_spread=True
VERDICT d_fib|native|process base=2420.0 credit=2059.4 aa=2070.7 ratio=1.175 gap=360.6 aa_spread=185.7 below=True gap_exceeds_aa_spread=True
