=== NATIVE AOT ===
command: cmd /c call "<vcvars64.bat>" && set Platform= && dotnet publish src\tests\Broiler.VM.Fixtures.Host\Broiler.VM.Fixtures.Host.csproj -c Release -r win-x64 -p:PublishAot=true -p:IlcUseEnvironmentalTools=true
vcvars64: C:\Program Files\Microsoft Visual Studio\18\Community\VC\Auxiliary\Build\vcvars64.bat

  Determining projects to restore...
  Restored D:\Broiler.Browser\Broiler.VM\src\tests\Broiler.VM.Fixtures.Host\Broiler.VM.Fixtures.Host.csproj (in 277 ms).
  Restored D:\Broiler.Browser\Broiler.VM\src\Broiler.VM.Abstractions\Broiler.VM.Abstractions.csproj (in 277 ms).
  Restored D:\Broiler.Browser\Broiler.VM\src\Broiler.VM.Runtime\Broiler.VM.Runtime.csproj (in 277 ms).
  Restored D:\Broiler.Browser\Broiler.VM\src\tests\Broiler.VM.Fixtures\Broiler.VM.Fixtures.csproj (in 277 ms).
  Restored D:\Broiler.Browser\Broiler.VM\src\Broiler.VM.Binary\Broiler.VM.Binary.csproj (in 277 ms).
  Broiler.VM.Binary -> D:\Broiler.Browser\Broiler.VM\src\Broiler.VM.Binary\bin\Release\net10.0\Broiler.VM.Binary.dll
  Broiler.VM.Abstractions -> D:\Broiler.Browser\Broiler.VM\src\Broiler.VM.Abstractions\bin\Release\net10.0\Broiler.VM.Abstractions.dll
  Broiler.VM.Runtime -> D:\Broiler.Browser\Broiler.VM\src\Broiler.VM.Runtime\bin\Release\net10.0\Broiler.VM.Runtime.dll
  Broiler.VM.Fixtures -> D:\Broiler.Browser\Broiler.VM\src\tests\Broiler.VM.Fixtures\bin\Release\net10.0\Broiler.VM.Fixtures.dll
  Broiler.VM.Fixtures.Host -> D:\Broiler.Browser\Broiler.VM\src\tests\Broiler.VM.Fixtures.Host\bin\Release\net10.0\win-x64\Broiler.VM.Fixtures.Host.dll
  Generating native code
  Broiler.VM.Fixtures.Host -> D:\Broiler.Browser\Broiler.VM\src\tests\Broiler.VM.Fixtures.Host\bin\Release\net10.0\win-x64\publish\

--- running the native binary ---
native image size: 1.270.784 bytes
ok   single-profile: returned 42
ok   two-profile: 2 profiles composed
ok   suspend-resume: resumed with 17
ok   no-provider-refusal: refused twice as ProfileFault/ProfileFaultUnspecified
ok   unsupported-profile: UnsupportedProfile/ProfileNotInCatalog
broiler-vm-fixtures-host: 5 checks passed, core contract version 1
exit code: 0
