These controls are judged by running the execution-only composition against the retained
corpus, NOT by the test suite. A language semantic is in no test project - rule A11
forbids one to reference a profile assembly - so a corpus that could not detect a
semantic regression would be a directory of bytes rather than a gate.

[the-language-guards-division-by-zero] PASS
    why:       Division by zero is made a fault, which is what a calculator does and not what the language does. The corpus entry recording Infinity must stop agreeing.
    file:      src\Broiler.VM.Profile.JavaScript\JavaScriptExecutor.cs
    injected:  exit 1
    reverted:  exit 0
      FAIL corpus-replay: division-by-zero: expected Normal/NormalCompleted/0/Infinity/-, observed Normal/NormalCompleted/0/fault:RangeError/- (hash match); zero-over-zero: expected Normal/NormalCompleted/0/NaN/-, observed Normal/NormalCompleted/0/fault:RangeError/- (hash match); negative-zero-division: expected Normal/NormalCompleted/0/-Infinity/-, observed Normal/NormalCompleted/0/fault:RangeError/- (hash match); not-a-number-is-not-itself: expected Normal/NormalCompleted/0/false/-, observed Normal/NormalCompleted/0/fault:RangeError/- (hash match)

[strict-equality-stops-comparing-kinds] PASS
    why:       Strict equality is made to compare numbers whatever the kinds are, so `1 === true` becomes true. The entry recording false must stop agreeing.
    file:      src\Broiler.VM.Profile.JavaScript\JavaScriptValue.cs
    injected:  exit 1
    reverted:  exit 0
      FAIL corpus-replay: strict-equality-compares-kinds: expected Normal/NormalCompleted/0/false/-, observed Normal/NormalCompleted/0/true/- (hash match)

[to-uint32-becomes-a-cast] PASS
    why:       The ToUint32 conversion is replaced by a C# cast, which saturates instead of reducing modulo 2^32. The bitwise-or entry recording -2147483648 must stop agreeing.
    file:      src\Broiler.VM.Profile.JavaScript\JavaScriptValue.cs
    injected:  exit 1
    reverted:  exit 0
      FAIL corpus-replay: unsigned-shift-goes-through-to-uint32: expected Normal/NormalCompleted/0/4294967295/-, observed Normal/NormalCompleted/0/0/- (hash match)

[the-position-encoding-loses-the-section-index] PASS
    why:       A code-section position is reported with the artifact-relative marker again, which is the defect JS-3a corrected. The number stays right and the frame it names goes wrong, so no outcome, reason or diagnostic code moves - only the four rows that pin a position.
    file:      src\Broiler.VM.Profile.JavaScript\JavaScriptPosition.cs
    injected:  exit 1
    reverted:  exit 0
      FAIL corpus-replay: an-unknown-opcode: expected InvalidArtifact/UnknownFeature/1401/-/2:0:0:0, observed InvalidArtifact/UnknownFeature/1401/-/-1:0:0:0 (hash match); a-position-row-inside-an-operand: expected InvalidArtifact/InconsistentStructure/1506/-/2:1:1:1, observed InvalidArtifact/InconsistentStructure/1506/-/-1:1:1:1 (hash match); a-refusal-covered-by-the-second-position-row: expected InvalidArtifact/UnknownFeature/1401/-/2:3:7:5, observed InvalidArtifact/UnknownFeature/1401/-/-1:3:7:5 (hash match)

[the-position-lookup-takes-the-first-row] PASS
    why:       The covering-row scan stops at the first row rather than the last one at or before the offset. Three of the four pinned rows are unaffected; the entry whose refusal sits under the SECOND row of a two-row table is the one that must notice.
    file:      src\Broiler.VM.Profile.JavaScript\JavaScriptPosition.cs
    injected:  exit 1
    reverted:  exit 0
      FAIL corpus-replay: a-refusal-covered-by-the-second-position-row: expected InvalidArtifact/UnknownFeature/1401/-/2:3:7:5, observed InvalidArtifact/UnknownFeature/1401/-/2:3:1:1 (hash match)

[an-entry-point-may-be-reached-with-operands] PASS
    why:       The fall-through edge into an entry point stops being refused. A program is entered with an empty operand stack; without this check the artifact is answered by whichever fault the traversal reaches first, which is the order-dependence JS-3a removed.
    file:      src\Broiler.VM.Profile.JavaScript\JavaScriptVerifier.cs
    injected:  exit 1
    reverted:  exit 0
      FAIL corpus-replay: an-entry-point-reached-with-operands-on-the-stack: expected InvalidArtifact/SemanticValidationFailed/1505/-/-, observed InvalidArtifact/InconsistentStructure/1404/-/- (hash match)

[the-constant-pool-is-sized-before-its-count-is-checked] PASS
    why:       The pool array is allocated from the declared count BEFORE the count is compared against the limits section's maximum. This is the injection roadmap section 7's third discipline exists for, and it is the one that shows why the discipline is separate from the corpus: the outcome, the reason and the diagnostic code are all unchanged, so every replay row still agrees and only the ORDERING checks notice - a hostile entry declaring sixty thousand constants charges most of a megabyte from a fifty-seven-byte artifact before refusing it.
    file:      src\Broiler.VM.Profile.JavaScript\JavaScriptVerifier.cs
    injected:  exit 1
    reverted:  exit 0
      FAIL a-declaration-past-its-bound-sizes-nothing: a-constant-count-far-beyond-what-the-artifact-carries: charged 960000 allocated bytes before refusing; more-constants-than-the-limits-section-admits: charged 32 allocated bytes before refusing
      FAIL allocation-is-proportional-to-the-bytes-present-not-to-what-they-declare: a-constant-count-far-beyond-what-the-artifact-carries: 960000 allocated bytes from 57 artifact bytes

[the-verifier-stops-refusing-unreachable-code] PASS
    why:       The unreachable-code check is removed, so an artifact carrying bytes no entry point reaches would verify. The entry recording that rejection must stop agreeing.
    file:      src\Broiler.VM.Profile.JavaScript\JavaScriptVerifier.cs
    injected:  exit 1
    reverted:  exit 0
      FAIL corpus-replay: an-instruction-no-entry-point-reaches: expected InvalidArtifact/InconsistentStructure/1411/-/-, observed Normal/NormalCompleted/0/1/- (hash match)

corpus controls run: 8; passed: 8; SKIPPED: 0
