# octane chromium/octane at 570ad1ccfe86e3eecba0636c8f932ac08edec517
# 37 files, content aab618b86ebe2f18229c18f0147943e9a1bac69967582563e120d4cea273b4c4
# judging /home/user/Broiler.VM/src/compositions/Broiler.VM.Composition.JavaScript.Cli/bin/Release/net10.0/Broiler.VM.Composition.JavaScript.Cli
--- richards (exit 0)
    start Richards
    result Richards 64.7
    score 64.7
    undefined
--- deltablue (exit 0)
    start DeltaBlue
    result DeltaBlue 76.0
    score 76.0
    undefined
--- crypto (exit 0)
    start Crypto
    result Crypto 48.7
    score 48.7
    undefined
--- raytrace (exit 0)
    start RayTrace
    result RayTrace 184
    score 184
    undefined
--- earley-boyer (exit 0)
    start EarleyBoyer
    result EarleyBoyer 217
    score 217
    undefined
--- regexp (exit 0)
    start RegExp
    result RegExp 147
    score 147
    undefined
--- splay (exit 0)
    start Splay
    result Splay 275
    result SplayLatency 928
    score 505
    undefined
--- navier-stokes (exit 0)
    start NavierStokes
    result NavierStokes 86.0
    score 86.0
    undefined
--- pdfjs (exit 0)
    start PdfJS
    result PdfJS 297
    score 297
    undefined
--- mandreel (exit 0)
    start Mandreel
    result Mandreel 33.9
    result MandreelLatency 239
    score 90.2
    undefined
--- gbemu (exit 0)
    start Gameboy
    result Gameboy 318
    score 318
    undefined
--- code-load (exit 0)
    start CodeLoad
    result CodeLoad 2107
    score 2107
    undefined
--- box2d (exit 0)
    start Box2D
    result Box2D 253
    score 253
    undefined
--- zlib (exit 0)
    start zlib
    result zlib 73.8
    score 73.8
    undefined
--- typescript (exit 0)
    start Typescript
    result Typescript 1029
    score 1029
    undefined
# 15 of 15 benchmarks reported a score and exited zero
