exit 0

  Determining projects to restore...
  Restored /home/user/Broiler.VM/src/tests/Broiler.VM.Fuzz.Host/Broiler.VM.Fuzz.Host.csproj (in 408 ms).
  Restored /home/user/Broiler.VM/src/tests/Com.Example.Ledger/Com.Example.Ledger.csproj (in 408 ms).
  Restored /home/user/Broiler.VM/src/tests/Broiler.VM.Soak.Host/Broiler.VM.Soak.Host.csproj (in 408 ms).
  Restored /home/user/Broiler.VM/src/tests/Com.Example.Calculator/Com.Example.Calculator.csproj (in 408 ms).
  Restored /home/user/Broiler.VM/src/tests/Broiler.VM.Fixtures/Broiler.VM.Fixtures.csproj (in 3 ms).
  Restored /home/user/Broiler.VM/src/tests/Broiler.VM.Fixtures.Host/Broiler.VM.Fixtures.Host.csproj (in 6 ms).
  Restored /home/user/Broiler.VM/src/tests/Broiler.VM.Bench.Host/Broiler.VM.Bench.Host.csproj (in 5 ms).
  Restored /home/user/Broiler.VM/src/Broiler.VM.Profile.JavaScript.Format/Broiler.VM.Profile.JavaScript.Format.csproj (in 2 ms).
  Restored /home/user/Broiler.VM/src/Broiler.VM.Profile.JavaScript/Broiler.VM.Profile.JavaScript.csproj (in 3 ms).
  Restored /home/user/Broiler.VM/src/Broiler.VM.Profile.JavaScript.Compiler/Broiler.VM.Profile.JavaScript.Compiler.csproj (in 3 ms).
  Restored /home/user/Broiler.VM/src/Broiler.VM.Binary/Broiler.VM.Binary.csproj (in 2 ms).
  Restored /home/user/Broiler.VM/src/Broiler.VM.Abstractions/Broiler.VM.Abstractions.csproj (in 2 ms).
  Restored /home/user/Broiler.VM/src/compositions/Broiler.VM.Composition.Workbench/Broiler.VM.Composition.Workbench.csproj (in 6 ms).
  Restored /home/user/Broiler.VM/src/compositions/Broiler.VM.Composition.JavaScript.SliceCompiler/Broiler.VM.Composition.JavaScript.SliceCompiler.csproj (in 8 ms).
  Restored /home/user/Broiler.VM/src/tests/Broiler.VM.Contract.Tests/Broiler.VM.Contract.Tests.csproj (in 32 ms).
  Restored /home/user/Broiler.VM/src/compositions/Broiler.VM.Composition.JavaScript.ExecutionOnly/Broiler.VM.Composition.JavaScript.ExecutionOnly.csproj (in 5 ms).
  Restored /home/user/Broiler.VM/src/tests/Broiler.VM.Architecture.Tests/Broiler.VM.Architecture.Tests.csproj (in 14 ms).
  Restored /home/user/Broiler.VM/src/compositions/Broiler.VM.Composition.JavaScript.Conformance/Broiler.VM.Composition.JavaScript.Conformance.csproj (in 5 ms).
  Restored /home/user/Broiler.VM/src/compositions/Broiler.VM.Composition.JavaScript.Cli/Broiler.VM.Composition.JavaScript.Cli.csproj (in 6 ms).
  Restored /home/user/Broiler.VM/src/Broiler.VM.Runtime/Broiler.VM.Runtime.csproj (in 2 ms).
  Restored /home/user/Broiler.VM/src/compositions/Broiler.VM.Composition.Calculator/Broiler.VM.Composition.Calculator.csproj (in 4 ms).
  Broiler.VM.Binary -> /home/user/Broiler.VM/src/Broiler.VM.Binary/bin/Release/net10.0/Broiler.VM.Binary.dll
  Broiler.VM.Abstractions -> /home/user/Broiler.VM/src/Broiler.VM.Abstractions/bin/Release/net10.0/Broiler.VM.Abstractions.dll
  Broiler.VM.Runtime -> /home/user/Broiler.VM/src/Broiler.VM.Runtime/bin/Release/net10.0/Broiler.VM.Runtime.dll
  Broiler.VM.Fixtures -> /home/user/Broiler.VM/src/tests/Broiler.VM.Fixtures/bin/Release/net10.0/Broiler.VM.Fixtures.dll
  Broiler.VM.Contract.Tests -> /home/user/Broiler.VM/src/tests/Broiler.VM.Contract.Tests/bin/Release/net10.0/Broiler.VM.Contract.Tests.dll
  Broiler.VM.Architecture.Tests -> /home/user/Broiler.VM/src/tests/Broiler.VM.Architecture.Tests/bin/Release/net10.0/Broiler.VM.Architecture.Tests.dll
Test run for /home/user/Broiler.VM/src/tests/Broiler.VM.Architecture.Tests/bin/Release/net10.0/Broiler.VM.Architecture.Tests.dll (.NETCoreApp,Version=v10.0)
Test run for /home/user/Broiler.VM/src/tests/Broiler.VM.Contract.Tests/bin/Release/net10.0/Broiler.VM.Contract.Tests.dll (.NETCoreApp,Version=v10.0)
A total of 1 test files matched the specified pattern.
A total of 1 test files matched the specified pattern.

Passed!  - Failed:     0, Passed:   207, Skipped:     0, Total:   207, Duration: 910 ms - Broiler.VM.Contract.Tests.dll (net10.0)

Passed!  - Failed:     0, Passed:   197, Skipped:     0, Total:   197, Duration: 6 s - Broiler.VM.Architecture.Tests.dll (net10.0)
