shapes/a_1000.js base bytecode min_fuel=22035
  at_min(budget): 499500 | BUDGET script=0 outcome=Normal reason=NormalCompleted dimension=Fuel scope=Invocation runtime_fuel_consumed=22035 runtime_calldepth_consumed=0 runtime_livebytes_consumed=262144 | BUDGET script=1 outcome=Normal reason=NormalCompleted dimension=Fuel scope=Invocation runtime_fuel_consumed=22035 runtime_calldepth_consumed=0 runtime_livebytes_consumed=262144
  below exit=5 plain: broiler-js: <a_1000.js>: the program did not settle within its allowance: AllowanceExhausted on Fuel
  below budget: BUDGET script=0 outcome=ResourceExhaustion reason=AllowanceExhausted dimension=Fuel scope=Runtime runtime_fuel_consumed=22034 runtime_calldepth_consumed=0 runtime_livebytes_consumed=262144 | broiler-js: <a_1000.js>: the program did not settle within its allowance: AllowanceExhausted on Fuel
shapes/a_1000.js base native min_fuel=22035
  at_min(budget): 499500 | BUDGET script=0 outcome=Normal reason=NormalCompleted dimension=Fuel scope=Invocation runtime_fuel_consumed=22035 runtime_calldepth_consumed=0 runtime_livebytes_consumed=262144 | BUDGET script=1 outcome=Normal reason=NormalCompleted dimension=Fuel scope=Invocation runtime_fuel_consumed=22035 runtime_calldepth_consumed=0 runtime_livebytes_consumed=262144
  below exit=5 plain: broiler-js: <a_1000.js>: the program did not settle within its allowance: AllowanceExhausted on Fuel
  below budget: BUDGET script=0 outcome=ResourceExhaustion reason=AllowanceExhausted dimension=Fuel scope=Runtime runtime_fuel_consumed=22034 runtime_calldepth_consumed=0 runtime_livebytes_consumed=262144 | broiler-js: <a_1000.js>: the program did not settle within its allowance: AllowanceExhausted on Fuel
shapes/a_1000.js credit bytecode min_fuel=22035
  at_min(budget): 499500 | BUDGET script=0 outcome=Normal reason=NormalCompleted dimension=Fuel scope=Invocation runtime_fuel_consumed=22035 runtime_calldepth_consumed=0 runtime_livebytes_consumed=262144 | BUDGET script=1 outcome=Normal reason=NormalCompleted dimension=Fuel scope=Invocation runtime_fuel_consumed=22035 runtime_calldepth_consumed=0 runtime_livebytes_consumed=262144
  below exit=5 plain: broiler-js: <a_1000.js>: the program did not settle within its allowance: AllowanceExhausted on Fuel
  below budget: BUDGET script=0 outcome=ResourceExhaustion reason=AllowanceExhausted dimension=Fuel scope=Runtime runtime_fuel_consumed=22034 runtime_calldepth_consumed=0 runtime_livebytes_consumed=262144 | broiler-js: <a_1000.js>: the program did not settle within its allowance: AllowanceExhausted on Fuel
shapes/a_1000.js credit native min_fuel=22035
  at_min(budget): 499500 | BUDGET script=0 outcome=Normal reason=NormalCompleted dimension=Fuel scope=Invocation runtime_fuel_consumed=22035 runtime_calldepth_consumed=0 runtime_livebytes_consumed=262144 | BUDGET script=1 outcome=Normal reason=NormalCompleted dimension=Fuel scope=Invocation runtime_fuel_consumed=22035 runtime_calldepth_consumed=0 runtime_livebytes_consumed=262144
  below exit=5 plain: broiler-js: <a_1000.js>: the program did not settle within its allowance: AllowanceExhausted on Fuel
  below budget: BUDGET script=0 outcome=ResourceExhaustion reason=AllowanceExhausted dimension=Fuel scope=Runtime runtime_fuel_consumed=22034 runtime_calldepth_consumed=0 runtime_livebytes_consumed=262144 | broiler-js: <a_1000.js>: the program did not settle within its allowance: AllowanceExhausted on Fuel
shapes/a_2000.js base bytecode min_fuel=44035
  at_min(budget): 998997 | BUDGET script=0 outcome=Normal reason=NormalCompleted dimension=Fuel scope=Invocation runtime_fuel_consumed=44035 runtime_calldepth_consumed=0 runtime_livebytes_consumed=262144 | BUDGET script=1 outcome=Normal reason=NormalCompleted dimension=Fuel scope=Invocation runtime_fuel_consumed=44035 runtime_calldepth_consumed=0 runtime_livebytes_consumed=262144
  below exit=5 plain: broiler-js: <a_2000.js>: the program did not settle within its allowance: AllowanceExhausted on Fuel
  below budget: BUDGET script=0 outcome=ResourceExhaustion reason=AllowanceExhausted dimension=Fuel scope=Runtime runtime_fuel_consumed=44034 runtime_calldepth_consumed=0 runtime_livebytes_consumed=262144 | broiler-js: <a_2000.js>: the program did not settle within its allowance: AllowanceExhausted on Fuel
shapes/a_2000.js base native min_fuel=44035
  at_min(budget): 998997 | BUDGET script=0 outcome=Normal reason=NormalCompleted dimension=Fuel scope=Invocation runtime_fuel_consumed=44035 runtime_calldepth_consumed=0 runtime_livebytes_consumed=262144 | BUDGET script=1 outcome=Normal reason=NormalCompleted dimension=Fuel scope=Invocation runtime_fuel_consumed=44035 runtime_calldepth_consumed=0 runtime_livebytes_consumed=262144
  below exit=5 plain: broiler-js: <a_2000.js>: the program did not settle within its allowance: AllowanceExhausted on Fuel
  below budget: BUDGET script=0 outcome=ResourceExhaustion reason=AllowanceExhausted dimension=Fuel scope=Runtime runtime_fuel_consumed=44034 runtime_calldepth_consumed=0 runtime_livebytes_consumed=262144 | broiler-js: <a_2000.js>: the program did not settle within its allowance: AllowanceExhausted on Fuel
shapes/a_2000.js credit bytecode min_fuel=44035
  at_min(budget): 998997 | BUDGET script=0 outcome=Normal reason=NormalCompleted dimension=Fuel scope=Invocation runtime_fuel_consumed=44035 runtime_calldepth_consumed=0 runtime_livebytes_consumed=262144 | BUDGET script=1 outcome=Normal reason=NormalCompleted dimension=Fuel scope=Invocation runtime_fuel_consumed=44035 runtime_calldepth_consumed=0 runtime_livebytes_consumed=262144
  below exit=5 plain: broiler-js: <a_2000.js>: the program did not settle within its allowance: AllowanceExhausted on Fuel
  below budget: BUDGET script=0 outcome=ResourceExhaustion reason=AllowanceExhausted dimension=Fuel scope=Runtime runtime_fuel_consumed=44034 runtime_calldepth_consumed=0 runtime_livebytes_consumed=262144 | broiler-js: <a_2000.js>: the program did not settle within its allowance: AllowanceExhausted on Fuel
shapes/a_2000.js credit native min_fuel=44035
  at_min(budget): 998997 | BUDGET script=0 outcome=Normal reason=NormalCompleted dimension=Fuel scope=Invocation runtime_fuel_consumed=44035 runtime_calldepth_consumed=0 runtime_livebytes_consumed=262144 | BUDGET script=1 outcome=Normal reason=NormalCompleted dimension=Fuel scope=Invocation runtime_fuel_consumed=44035 runtime_calldepth_consumed=0 runtime_livebytes_consumed=262144
  below exit=5 plain: broiler-js: <a_2000.js>: the program did not settle within its allowance: AllowanceExhausted on Fuel
  below budget: BUDGET script=0 outcome=ResourceExhaustion reason=AllowanceExhausted dimension=Fuel scope=Runtime runtime_fuel_consumed=44034 runtime_calldepth_consumed=0 runtime_livebytes_consumed=262144 | broiler-js: <a_2000.js>: the program did not settle within its allowance: AllowanceExhausted on Fuel
shapes/c_small.js+shapes/a_1000.js base bytecode min_fuel=118072
  at_min(budget): 498488 | BUDGET script=0 outcome=Normal reason=NormalCompleted dimension=Fuel scope=Invocation runtime_fuel_consumed=22035 runtime_calldepth_consumed=0 runtime_livebytes_consumed=262144 | BUDGET script=1 outcome=Normal reason=NormalCompleted dimension=Fuel scope=Invocation runtime_fuel_consumed=118072 runtime_calldepth_consumed=0 runtime_livebytes_consumed=262144 | BUDGET script=2 outcome=Normal reason=NormalCompleted dimension=Fuel scope=Invocation runtime_fuel_consumed=118072 runtime_calldepth_consumed=0 runtime_livebytes_consumed=262144
  below exit=5 plain: broiler-js: <a_1000.js> <c_small.js>: the program did not settle within its allowance: AllowanceExhausted on Fuel
  below budget: BUDGET script=0 outcome=Normal reason=NormalCompleted dimension=Fuel scope=Invocation runtime_fuel_consumed=22035 runtime_calldepth_consumed=0 runtime_livebytes_consumed=262144 | BUDGET script=1 outcome=ResourceExhaustion reason=AllowanceExhausted dimension=Fuel scope=Runtime runtime_fuel_consumed=118071 runtime_calldepth_consumed=0 runtime_livebytes_consumed=262144 | broiler-js: <a_1000.js> <c_small.js>: the program did not settle within its allowance: AllowanceExhausted on Fuel
shapes/c_small.js+shapes/a_1000.js base native min_fuel=118072
  at_min(budget): 498488 | BUDGET script=0 outcome=Normal reason=NormalCompleted dimension=Fuel scope=Invocation runtime_fuel_consumed=22035 runtime_calldepth_consumed=0 runtime_livebytes_consumed=262144 | BUDGET script=1 outcome=Normal reason=NormalCompleted dimension=Fuel scope=Invocation runtime_fuel_consumed=118072 runtime_calldepth_consumed=0 runtime_livebytes_consumed=262144 | BUDGET script=2 outcome=Normal reason=NormalCompleted dimension=Fuel scope=Invocation runtime_fuel_consumed=118072 runtime_calldepth_consumed=0 runtime_livebytes_consumed=262144
  below exit=5 plain: broiler-js: <a_1000.js> <c_small.js>: the program did not settle within its allowance: AllowanceExhausted on Fuel
  below budget: BUDGET script=0 outcome=Normal reason=NormalCompleted dimension=Fuel scope=Invocation runtime_fuel_consumed=22035 runtime_calldepth_consumed=0 runtime_livebytes_consumed=262144 | BUDGET script=1 outcome=ResourceExhaustion reason=AllowanceExhausted dimension=Fuel scope=Runtime runtime_fuel_consumed=118071 runtime_calldepth_consumed=0 runtime_livebytes_consumed=262144 | broiler-js: <a_1000.js> <c_small.js>: the program did not settle within its allowance: AllowanceExhausted on Fuel
shapes/c_small.js+shapes/a_1000.js credit bytecode min_fuel=118072
  at_min(budget): 498488 | BUDGET script=0 outcome=Normal reason=NormalCompleted dimension=Fuel scope=Invocation runtime_fuel_consumed=22035 runtime_calldepth_consumed=0 runtime_livebytes_consumed=262144 | BUDGET script=1 outcome=Normal reason=NormalCompleted dimension=Fuel scope=Invocation runtime_fuel_consumed=118072 runtime_calldepth_consumed=0 runtime_livebytes_consumed=262144 | BUDGET script=2 outcome=Normal reason=NormalCompleted dimension=Fuel scope=Invocation runtime_fuel_consumed=118072 runtime_calldepth_consumed=0 runtime_livebytes_consumed=262144
  below exit=5 plain: broiler-js: <a_1000.js> <c_small.js>: the program did not settle within its allowance: AllowanceExhausted on Fuel
  below budget: BUDGET script=0 outcome=Normal reason=NormalCompleted dimension=Fuel scope=Invocation runtime_fuel_consumed=22035 runtime_calldepth_consumed=0 runtime_livebytes_consumed=262144 | BUDGET script=1 outcome=ResourceExhaustion reason=AllowanceExhausted dimension=Fuel scope=Runtime runtime_fuel_consumed=118071 runtime_calldepth_consumed=0 runtime_livebytes_consumed=262144 | broiler-js: <a_1000.js> <c_small.js>: the program did not settle within its allowance: AllowanceExhausted on Fuel
shapes/c_small.js+shapes/a_1000.js credit native min_fuel=118072
  at_min(budget): 498488 | BUDGET script=0 outcome=Normal reason=NormalCompleted dimension=Fuel scope=Invocation runtime_fuel_consumed=22035 runtime_calldepth_consumed=0 runtime_livebytes_consumed=262144 | BUDGET script=1 outcome=Normal reason=NormalCompleted dimension=Fuel scope=Invocation runtime_fuel_consumed=118072 runtime_calldepth_consumed=0 runtime_livebytes_consumed=262144 | BUDGET script=2 outcome=Normal reason=NormalCompleted dimension=Fuel scope=Invocation runtime_fuel_consumed=118072 runtime_calldepth_consumed=0 runtime_livebytes_consumed=262144
  below exit=5 plain: broiler-js: <a_1000.js> <c_small.js>: the program did not settle within its allowance: AllowanceExhausted on Fuel
  below budget: BUDGET script=0 outcome=Normal reason=NormalCompleted dimension=Fuel scope=Invocation runtime_fuel_consumed=22035 runtime_calldepth_consumed=0 runtime_livebytes_consumed=262144 | BUDGET script=1 outcome=ResourceExhaustion reason=AllowanceExhausted dimension=Fuel scope=Runtime runtime_fuel_consumed=118071 runtime_calldepth_consumed=0 runtime_livebytes_consumed=262144 | broiler-js: <a_1000.js> <c_small.js>: the program did not settle within its allowance: AllowanceExhausted on Fuel
shapes/d_small.js base bytecode min_fuel=32562
  at_min(budget): 610 | BUDGET script=0 outcome=Normal reason=NormalCompleted dimension=Fuel scope=Invocation runtime_fuel_consumed=32562 runtime_calldepth_consumed=0 runtime_livebytes_consumed=262144 | BUDGET script=1 outcome=Normal reason=NormalCompleted dimension=Fuel scope=Invocation runtime_fuel_consumed=32562 runtime_calldepth_consumed=0 runtime_livebytes_consumed=262144
  below exit=5 plain: broiler-js: <d_small.js>: the program did not settle within its allowance: AllowanceExhausted on Fuel
  below budget: BUDGET script=0 outcome=ResourceExhaustion reason=AllowanceExhausted dimension=Fuel scope=Runtime runtime_fuel_consumed=32561 runtime_calldepth_consumed=0 runtime_livebytes_consumed=262144 | broiler-js: <d_small.js>: the program did not settle within its allowance: AllowanceExhausted on Fuel
shapes/d_small.js base native min_fuel=32562
  at_min(budget): 610 | BUDGET script=0 outcome=Normal reason=NormalCompleted dimension=Fuel scope=Invocation runtime_fuel_consumed=32562 runtime_calldepth_consumed=0 runtime_livebytes_consumed=262144 | BUDGET script=1 outcome=Normal reason=NormalCompleted dimension=Fuel scope=Invocation runtime_fuel_consumed=32562 runtime_calldepth_consumed=0 runtime_livebytes_consumed=262144
  below exit=5 plain: broiler-js: <d_small.js>: the program did not settle within its allowance: AllowanceExhausted on Fuel
  below budget: BUDGET script=0 outcome=ResourceExhaustion reason=AllowanceExhausted dimension=Fuel scope=Runtime runtime_fuel_consumed=32561 runtime_calldepth_consumed=0 runtime_livebytes_consumed=262144 | broiler-js: <d_small.js>: the program did not settle within its allowance: AllowanceExhausted on Fuel
shapes/d_small.js credit bytecode min_fuel=32562
  at_min(budget): 610 | BUDGET script=0 outcome=Normal reason=NormalCompleted dimension=Fuel scope=Invocation runtime_fuel_consumed=32562 runtime_calldepth_consumed=0 runtime_livebytes_consumed=262144 | BUDGET script=1 outcome=Normal reason=NormalCompleted dimension=Fuel scope=Invocation runtime_fuel_consumed=32562 runtime_calldepth_consumed=0 runtime_livebytes_consumed=262144
  below exit=5 plain: broiler-js: <d_small.js>: the program did not settle within its allowance: AllowanceExhausted on Fuel
  below budget: BUDGET script=0 outcome=ResourceExhaustion reason=AllowanceExhausted dimension=Fuel scope=Runtime runtime_fuel_consumed=32561 runtime_calldepth_consumed=0 runtime_livebytes_consumed=262144 | broiler-js: <d_small.js>: the program did not settle within its allowance: AllowanceExhausted on Fuel
shapes/d_small.js credit native min_fuel=32562
  at_min(budget): 610 | BUDGET script=0 outcome=Normal reason=NormalCompleted dimension=Fuel scope=Invocation runtime_fuel_consumed=32562 runtime_calldepth_consumed=0 runtime_livebytes_consumed=262144 | BUDGET script=1 outcome=Normal reason=NormalCompleted dimension=Fuel scope=Invocation runtime_fuel_consumed=32562 runtime_calldepth_consumed=0 runtime_livebytes_consumed=262144
  below exit=5 plain: broiler-js: <d_small.js>: the program did not settle within its allowance: AllowanceExhausted on Fuel
  below budget: BUDGET script=0 outcome=ResourceExhaustion reason=AllowanceExhausted dimension=Fuel scope=Runtime runtime_fuel_consumed=32561 runtime_calldepth_consumed=0 runtime_livebytes_consumed=262144 | broiler-js: <d_small.js>: the program did not settle within its allowance: AllowanceExhausted on Fuel
