$ git apply docs/evidence/jsp-parity-001/control-indices.patch
# exit 0
$ dotnet build src/compositions/Broiler.VM.Composition.JavaScript.Cli -c Release
le.JavaScript.Compiler.dll
  Broiler.VM.Profile.JavaScript -> <root>/src/Broiler.VM.Profile.JavaScript/bin/Release/net10.0/Broiler.VM.Profile.JavaScript.dll
  Broiler.VM.Composition.JavaScript.Cli -> <root>/src/compositions/Broiler.VM.Composition.JavaScript.Cli/bin/Release/net10.0/Broiler.VM.Composition.JavaScript.Cli.dll

Build succeeded.
    0 Warning(s)
    0 Error(s)

Time Elapsed 00:00:05.46
# exit 0
$ python3 eng/run-cli-acceptance.py --verbose --expected <scratch>/jsp-8.expected.txt
# judging <root>/src/compositions/Broiler.VM.Composition.JavaScript.Cli/bin/Release/net10.0/Broiler.VM.Composition.JavaScript.Cli
# over 18 command lines from artifacts/jsp-parity-001/jsp-8.expected.txt
ok   modules/a-top-level-for-await.mjs
ok   modules/a-top-level-for-await.mjs
ok   modules/a-top-level-for-await.mjs
FAIL runs/a-match-with-indices.js: exit 1, expected 0; output does not contain `[[2,4],null,[3,4]] / letter:undefined / true / 0,1,2,index,input,groups,indices / [[0,3],[0,2],[2,3]] / {"first":[0,2],"second":[2,3]} / undefined / false`
       broiler-js: runs/a-match-with-indices.js: uncaught TypeError: Cannot read properties of undefined (reading 'groups')
ok   refused/a-rest-binding-element-with-a-comma-after-it.js
ok   refused/a-rest-binding-element-with-a-comma-after-it.js
ok   refused/a-rest-binding-property-with-a-comma-after-it.js
ok   refused/a-rest-binding-property-with-a-comma-after-it.js
ok   refused/a-rest-parameter-with-a-comma-after-it.js
ok   refused/a-rest-parameter-with-a-comma-after-it.js
ok   refused/an-arrow-rest-parameter-with-a-trailing-comma.js
ok   refused/an-arrow-rest-parameter-with-a-trailing-comma.js
ok   --slice refused/a-class-static-block-under-the-slice.js
ok   --slice refused/a-class-static-block-under-the-slice.js
ok   refused/a-class-static-block-under-the-slice.js
ok   --help
ok   --help
ok   --help
# 1 of 18 command lines FAILED
# exit 1
$ git apply -R docs/evidence/jsp-parity-001/control-indices.patch
# exit 0
$ dotnet build src/compositions/Broiler.VM.Composition.JavaScript.Cli -c Release
VM.Profile.MachineCode.dll
  Broiler.VM.Profile.JavaScript -> <root>/src/Broiler.VM.Profile.JavaScript/bin/Release/net10.0/Broiler.VM.Profile.JavaScript.dll
  Broiler.VM.Composition.JavaScript.Cli -> <root>/src/compositions/Broiler.VM.Composition.JavaScript.Cli/bin/Release/net10.0/Broiler.VM.Composition.JavaScript.Cli.dll

Build succeeded.
    0 Warning(s)
    0 Error(s)

Time Elapsed 00:00:04.44
# exit 0
