$ git apply docs/evidence/jsp-parity-001/control-for-await.patch
# exit 0
$ dotnet build src/compositions/Broiler.VM.Composition.JavaScript.Cli -c Release
/Release/net10.0/Broiler.VM.Profile.JavaScript.Compiler.dll
  Broiler.VM.Runtime -> <root>/src/Broiler.VM.Runtime/bin/Release/net10.0/Broiler.VM.Runtime.dll
  Broiler.VM.Composition.JavaScript.Cli -> <root>/src/compositions/Broiler.VM.Composition.JavaScript.Cli/bin/Release/net10.0/Broiler.VM.Composition.JavaScript.Cli.dll

Build succeeded.
    0 Warning(s)
    0 Error(s)

Time Elapsed 00:00:06.83
# exit 0
$ python3 eng/run-cli-acceptance.py --verbose --expected <scratch>/jsp-8.expected.txt
# judging <root>/src/compositions/Broiler.VM.Composition.JavaScript.Cli/bin/Release/net10.0/Broiler.VM.Composition.JavaScript.Cli
# over 18 command lines from artifacts/jsp-parity-001/jsp-8.expected.txt
FAIL modules/a-top-level-for-await.mjs: exit 4, expected 0; output does not contain `generator 3`
       broiler-js: modules/a-top-level-for-await.mjs: the verifier refused an artifact this host produced: 1630 (InvalidArtifact/SemanticValidationFailed) at byte 481
FAIL modules/a-top-level-for-await.mjs: exit 4, expected 0; output does not contain `fallback p,q,r`
       broiler-js: modules/a-top-level-for-await.mjs: the verifier refused an artifact this host produced: 1630 (InvalidArtifact/SemanticValidationFailed) at byte 481
FAIL modules/a-top-level-for-await.mjs: exit 4, expected 0; output does not contain `break 3 true`
       broiler-js: modules/a-top-level-for-await.mjs: the verifier refused an artifact this host produced: 1630 (InvalidArtifact/SemanticValidationFailed) at byte 481
ok   runs/a-match-with-indices.js
ok   refused/a-rest-binding-element-with-a-comma-after-it.js
ok   refused/a-rest-binding-element-with-a-comma-after-it.js
ok   refused/a-rest-binding-property-with-a-comma-after-it.js
ok   refused/a-rest-binding-property-with-a-comma-after-it.js
ok   refused/a-rest-parameter-with-a-comma-after-it.js
ok   refused/a-rest-parameter-with-a-comma-after-it.js
ok   refused/an-arrow-rest-parameter-with-a-trailing-comma.js
ok   refused/an-arrow-rest-parameter-with-a-trailing-comma.js
ok   --slice refused/a-class-static-block-under-the-slice.js
ok   --slice refused/a-class-static-block-under-the-slice.js
ok   refused/a-class-static-block-under-the-slice.js
ok   --help
ok   --help
ok   --help
# 3 of 18 command lines FAILED
# exit 1
$ git apply -R docs/evidence/jsp-parity-001/control-for-await.patch
# exit 0
$ dotnet build src/compositions/Broiler.VM.Composition.JavaScript.Cli -c Release
VM.Profile.MachineCode.dll
  Broiler.VM.Profile.JavaScript -> <root>/src/Broiler.VM.Profile.JavaScript/bin/Release/net10.0/Broiler.VM.Profile.JavaScript.dll
  Broiler.VM.Composition.JavaScript.Cli -> <root>/src/compositions/Broiler.VM.Composition.JavaScript.Cli/bin/Release/net10.0/Broiler.VM.Composition.JavaScript.Cli.dll

Build succeeded.
    0 Warning(s)
    0 Error(s)

Time Elapsed 00:00:05.98
# exit 0
