$ git apply docs/evidence/jsp-parity-001/control-constant-seed.patch
# exit 0
$ dotnet build src/compositions/Broiler.VM.Composition.JavaScript.SliceCompiler -c Release
roiler.VM.Profile.JavaScript -> <root>/src/Broiler.VM.Profile.JavaScript/bin/Release/net10.0/Broiler.VM.Profile.JavaScript.dll
  Broiler.VM.Composition.JavaScript.SliceCompiler -> <root>/src/compositions/Broiler.VM.Composition.JavaScript.SliceCompiler/bin/Release/net10.0/Broiler.VM.Composition.JavaScript.SliceCompiler.dll

Build succeeded.
    0 Warning(s)
    0 Error(s)

Time Elapsed 00:00:03.28
# exit 0
$ dotnet <root>/src/compositions/Broiler.VM.Composition.JavaScript.SliceCompiler/bin/Release/net10.0/Broiler.VM.Composition.JavaScript.SliceCompiler.dll --checks --verbose
FAIL three realms of one process draw three different Math.random sequences: 3 realms drew only 1 different sequences, so the seed is not per realm
FAIL two processes draw two different Math.random sequences: 2 processes drew only 1 different sequences, so the seed is not per realm
broiler-js-slice-compiler: 2 of 588 checks FAILED, 3 not run on this machine and claimed by nothing
# exit 1
$ git apply -R docs/evidence/jsp-parity-001/control-constant-seed.patch
# exit 0
$ dotnet build src/compositions/Broiler.VM.Composition.JavaScript.SliceCompiler -c Release
roiler.VM.Profile.JavaScript -> <root>/src/Broiler.VM.Profile.JavaScript/bin/Release/net10.0/Broiler.VM.Profile.JavaScript.dll
  Broiler.VM.Composition.JavaScript.SliceCompiler -> <root>/src/compositions/Broiler.VM.Composition.JavaScript.SliceCompiler/bin/Release/net10.0/Broiler.VM.Composition.JavaScript.SliceCompiler.dll

Build succeeded.
    0 Warning(s)
    0 Error(s)

Time Elapsed 00:00:03.63
# exit 0
