$ git apply docs/evidence/jsp-parity-001/control-static-block.patch
# exit 0
$ dotnet build src/compositions/Broiler.VM.Composition.JavaScript.Cli -c Release
/Release/net10.0/Broiler.VM.Profile.JavaScript.Compiler.dll
  Broiler.VM.Runtime -> <root>/src/Broiler.VM.Runtime/bin/Release/net10.0/Broiler.VM.Runtime.dll
  Broiler.VM.Composition.JavaScript.Cli -> <root>/src/compositions/Broiler.VM.Composition.JavaScript.Cli/bin/Release/net10.0/Broiler.VM.Composition.JavaScript.Cli.dll

Build succeeded.
    0 Warning(s)
    0 Error(s)

Time Elapsed 00:00:03.13
# exit 0
$ python3 eng/run-cli-acceptance.py --verbose --expected <scratch>/jsp-8.expected.txt
# judging <root>/src/compositions/Broiler.VM.Composition.JavaScript.Cli/bin/Release/net10.0/Broiler.VM.Composition.JavaScript.Cli
# over 18 command lines from artifacts/jsp-parity-001/jsp-8.expected.txt
ok   modules/a-top-level-for-await.mjs
ok   modules/a-top-level-for-await.mjs
ok   modules/a-top-level-for-await.mjs
ok   runs/a-match-with-indices.js
ok   refused/a-rest-binding-element-with-a-comma-after-it.js
ok   refused/a-rest-binding-element-with-a-comma-after-it.js
ok   refused/a-rest-binding-property-with-a-comma-after-it.js
ok   refused/a-rest-binding-property-with-a-comma-after-it.js
ok   refused/a-rest-parameter-with-a-comma-after-it.js
ok   refused/a-rest-parameter-with-a-comma-after-it.js
ok   refused/an-arrow-rest-parameter-with-a-trailing-comma.js
ok   refused/an-arrow-rest-parameter-with-a-trailing-comma.js
FAIL --slice refused/a-class-static-block-under-the-slice.js: output does not contain `2104:ConstructOutsideManifest at 5:1: the construct Class is not admitted`
       broiler-js: refused/a-class-static-block-under-the-slice.js: 2101:UnexpectedToken at 9:1: `}` begins no expression this grammar defines
FAIL --slice refused/a-class-static-block-under-the-slice.js: output contains `begins no expression` and must not
       broiler-js: refused/a-class-static-block-under-the-slice.js: 2101:UnexpectedToken at 9:1: `}` begins no expression this grammar defines
ok   refused/a-class-static-block-under-the-slice.js
ok   --help
ok   --help
ok   --help
# 2 of 18 command lines FAILED
# exit 1
$ git apply -R docs/evidence/jsp-parity-001/control-static-block.patch
# exit 0
$ dotnet build src/compositions/Broiler.VM.Composition.JavaScript.Cli -c Release
0.0/Broiler.VM.Runtime.dll
  Broiler.VM.Profile.JavaScript -> <root>/src/Broiler.VM.Profile.JavaScript/bin/Release/net10.0/Broiler.VM.Profile.JavaScript.dll
  Broiler.VM.Composition.JavaScript.Cli -> <root>/src/compositions/Broiler.VM.Composition.JavaScript.Cli/bin/Release/net10.0/Broiler.VM.Composition.JavaScript.Cli.dll

Build succeeded.
    0 Warning(s)
    0 Error(s)

Time Elapsed 00:00:03.31
# exit 0
