$ git apply docs/evidence/jsp-parity-001/control-usage.patch
# exit 0
$ dotnet build src/compositions/Broiler.VM.Composition.JavaScript.Cli -c Release
0.0/Broiler.VM.Runtime.dll
  Broiler.VM.Profile.JavaScript -> <root>/src/Broiler.VM.Profile.JavaScript/bin/Release/net10.0/Broiler.VM.Profile.JavaScript.dll
  Broiler.VM.Composition.JavaScript.Cli -> <root>/src/compositions/Broiler.VM.Composition.JavaScript.Cli/bin/Release/net10.0/Broiler.VM.Composition.JavaScript.Cli.dll

Build succeeded.
    0 Warning(s)
    0 Error(s)

Time Elapsed 00:00:02.78
# exit 0
$ python3 eng/run-cli-acceptance.py --verbose --expected <scratch>/jsp-8.expected.txt
# judging <root>/src/compositions/Broiler.VM.Composition.JavaScript.Cli/bin/Release/net10.0/Broiler.VM.Composition.JavaScript.Cli
# over 18 command lines from artifacts/jsp-parity-001/jsp-8.expected.txt
ok   modules/a-top-level-for-await.mjs
ok   modules/a-top-level-for-await.mjs
ok   modules/a-top-level-for-await.mjs
ok   runs/a-match-with-indices.js
ok   refused/a-rest-binding-element-with-a-comma-after-it.js
ok   refused/a-rest-binding-element-with-a-comma-after-it.js
ok   refused/a-rest-binding-property-with-a-comma-after-it.js
ok   refused/a-rest-binding-property-with-a-comma-after-it.js
ok   refused/a-rest-parameter-with-a-comma-after-it.js
ok   refused/a-rest-parameter-with-a-comma-after-it.js
ok   refused/an-arrow-rest-parameter-with-a-trailing-comma.js
ok   refused/an-arrow-rest-parameter-with-a-trailing-comma.js
ok   --slice refused/a-class-static-block-under-the-slice.js
ok   --slice refused/a-class-static-block-under-the-slice.js
ok   refused/a-class-static-block-under-the-slice.js
FAIL --help: standard output does not contain `--slice     use the narrow broiler.javascript.slice surface instead of`
       broiler-js - run JavaScript on the Broiler.VM JavaScript profile
       
         broiler-js [options] <path>...
       
ok   --help
ok   --help
# 1 of 18 command lines FAILED
# exit 1
$ git apply -R docs/evidence/jsp-parity-001/control-usage.patch
# exit 0
$ dotnet build src/compositions/Broiler.VM.Composition.JavaScript.Cli -c Release
le.JavaScript.Compiler.dll
  Broiler.VM.Profile.JavaScript -> <root>/src/Broiler.VM.Profile.JavaScript/bin/Release/net10.0/Broiler.VM.Profile.JavaScript.dll
  Broiler.VM.Composition.JavaScript.Cli -> <root>/src/compositions/Broiler.VM.Composition.JavaScript.Cli/bin/Release/net10.0/Broiler.VM.Composition.JavaScript.Cli.dll

Build succeeded.
    0 Warning(s)
    0 Error(s)

Time Elapsed 00:00:02.59
# exit 0
