--- harness TRIMMED ---
$ dotnet publish src/compositions/Broiler.VM.Composition.WebAssembly.Harness -c Release -r linux-x64 -o <scratch>/publish-trimmed --self-contained true -p:PublishTrimmed=true
  Determining projects to restore...
  Restored <root>/src/Broiler.VM.Runtime/Broiler.VM.Runtime.csproj (in 524 ms).
  Restored <root>/src/Broiler.VM.Ubc/Broiler.VM.Ubc.csproj (in 524 ms).
  Restored <root>/src/Broiler.VM.Binary/Broiler.VM.Binary.csproj (in 524 ms).
  Restored <root>/src/Broiler.VM.Emitter.Bytecode/Broiler.VM.Emitter.Bytecode.csproj (in 524 ms).
  Restored <root>/src/Broiler.VM.Abstractions/Broiler.VM.Abstractions.csproj (in 6 ms).
  Restored <root>/src/Broiler.VM.Profile.WebAssembly/Broiler.VM.Profile.WebAssembly.csproj (in 6 ms).
  Restored <root>/src/compositions/Broiler.VM.Composition.WebAssembly.Harness/Broiler.VM.Composition.WebAssembly.Harness.csproj (in 10 ms).
  Broiler.VM.Binary -> <root>/src/Broiler.VM.Binary/bin/Release/net10.0/Broiler.VM.Binary.dll
  Broiler.VM.Abstractions -> <root>/src/Broiler.VM.Abstractions/bin/Release/net10.0/Broiler.VM.Abstractions.dll
  Broiler.VM.Runtime -> <root>/src/Broiler.VM.Runtime/bin/Release/net10.0/Broiler.VM.Runtime.dll
  Broiler.VM.Ubc -> <root>/src/Broiler.VM.Ubc/bin/Release/net10.0/Broiler.VM.Ubc.dll
  Broiler.VM.Emitter.Bytecode -> <root>/src/Broiler.VM.Emitter.Bytecode/bin/Release/net10.0/Broiler.VM.Emitter.Bytecode.dll
  Broiler.VM.Profile.WebAssembly -> <root>/src/Broiler.VM.Profile.WebAssembly/bin/Release/net10.0/Broiler.VM.Profile.WebAssembly.dll
  Broiler.VM.Composition.WebAssembly.Harness -> <root>/src/compositions/Broiler.VM.Composition.WebAssembly.Harness/bin/Release/net10.0/linux-x64/Broiler.VM.Composition.WebAssembly.Harness.dll
  Optimizing assemblies for size. This process might take a while.
  Broiler.VM.Composition.WebAssembly.Harness -> <scratch>/publish-trimmed/
# exit 0
--- harness AOT ---
$ dotnet publish src/compositions/Broiler.VM.Composition.WebAssembly.Harness -c Release -r linux-x64 -o <scratch>/publish-aot -p:PublishAot=true
  Determining projects to restore...
  Restored <root>/src/Broiler.VM.Abstractions/Broiler.VM.Abstractions.csproj (in 474 ms).
  Restored <root>/src/compositions/Broiler.VM.Composition.WebAssembly.Harness/Broiler.VM.Composition.WebAssembly.Harness.csproj (in 474 ms).
  Restored <root>/src/Broiler.VM.Ubc/Broiler.VM.Ubc.csproj (in 474 ms).
  Restored <root>/src/Broiler.VM.Profile.WebAssembly/Broiler.VM.Profile.WebAssembly.csproj (in 474 ms).
  Restored <root>/src/Broiler.VM.Binary/Broiler.VM.Binary.csproj (in 11 ms).
  Restored <root>/src/Broiler.VM.Runtime/Broiler.VM.Runtime.csproj (in 10 ms).
  Restored <root>/src/Broiler.VM.Emitter.Bytecode/Broiler.VM.Emitter.Bytecode.csproj (in 12 ms).
  Broiler.VM.Binary -> <root>/src/Broiler.VM.Binary/bin/Release/net10.0/Broiler.VM.Binary.dll
  Broiler.VM.Abstractions -> <root>/src/Broiler.VM.Abstractions/bin/Release/net10.0/Broiler.VM.Abstractions.dll
  Broiler.VM.Runtime -> <root>/src/Broiler.VM.Runtime/bin/Release/net10.0/Broiler.VM.Runtime.dll
  Broiler.VM.Ubc -> <root>/src/Broiler.VM.Ubc/bin/Release/net10.0/Broiler.VM.Ubc.dll
  Broiler.VM.Emitter.Bytecode -> <root>/src/Broiler.VM.Emitter.Bytecode/bin/Release/net10.0/Broiler.VM.Emitter.Bytecode.dll
  Broiler.VM.Profile.WebAssembly -> <root>/src/Broiler.VM.Profile.WebAssembly/bin/Release/net10.0/Broiler.VM.Profile.WebAssembly.dll
  Broiler.VM.Composition.WebAssembly.Harness -> <root>/src/compositions/Broiler.VM.Composition.WebAssembly.Harness/bin/Release/net10.0/linux-x64/Broiler.VM.Composition.WebAssembly.Harness.dll
  Generating native code
  Broiler.VM.Composition.WebAssembly.Harness -> <scratch>/publish-aot/
# exit 0
