=== THE PREVIOUS PACKAGE SET, AS PUBLISHED ===
Broiler.VM.Abstractions 0.1.0-preview.5 sha256=5abd02db9ab722c0c0daef0fff878d137b506196fe190921f378533037b9fb59 bytes=130389
Broiler.VM.Binary 0.1.0-preview.5 sha256=c1e9b16eb1a98ad84a8443a35519e4a9db97d7a8b55c2a7f4070dac1ea6c5f02 bytes=64331
Broiler.VM.Runtime 0.1.0-preview.5 sha256=f65c3fee954223e3e483bd5fc56d5ec2eec6d5bc80dc813dbeeb373f78dee46b bytes=121813
Broiler.VM.Profile.JavaScript 0.1.0-preview.5 sha256=b21249cc282087bd96d92a12c327602afa087a2f1c2de37c46584248a729d275 bytes=614524
Broiler.VM.Profile.JavaScript.Format 0.1.0-preview.5 sha256=0420f4864eeeca960dd58cd4019910e9943fb9d9686441235ba696f426000e02 bytes=279961
Broiler.VM.Profile.JavaScript.Compiler 0.1.0-preview.5 sha256=56f47b92a66825a6bbb169d84fafbde251354ff65dc1c1b7d681e07ee02026e7 bytes=395079

--- feed contents ---
Broiler.VM.Abstractions.0.1.0-preview.5.nupkg sha256=5abd02db9ab722c0c0daef0fff878d137b506196fe190921f378533037b9fb59
Broiler.VM.Abstractions.0.1.0-preview.6.f9-candidate.nupkg sha256=9c01a6239d8864d836b9d90ed8bc28f1bb386237f68c77d79674406bd98a95ac
Broiler.VM.Binary.0.1.0-preview.5.nupkg sha256=c1e9b16eb1a98ad84a8443a35519e4a9db97d7a8b55c2a7f4070dac1ea6c5f02
Broiler.VM.Binary.0.1.0-preview.6.f9-candidate.nupkg sha256=87ea79c629394639ac3b6d5503d63b5848ed746d04c37cb072ec55f2a24d0517
Broiler.VM.Emitter.Bytecode.0.1.0-preview.6.f9-candidate.nupkg sha256=74ca5a06c6cab87b2d929e9e2ffe1e95b4bfcf925942b6ea863e0e7257dcfb4a
Broiler.VM.Profile.JavaScript.0.1.0-preview.5.nupkg sha256=b21249cc282087bd96d92a12c327602afa087a2f1c2de37c46584248a729d275
Broiler.VM.Profile.JavaScript.0.1.0-preview.6.f9-candidate.nupkg sha256=97c92c40519300811e6b0a1eabe02a4685d52f72b88c29c6c18f3e0bcd9c7993
Broiler.VM.Profile.JavaScript.Compiler.0.1.0-preview.5.nupkg sha256=56f47b92a66825a6bbb169d84fafbde251354ff65dc1c1b7d681e07ee02026e7
Broiler.VM.Profile.JavaScript.Compiler.0.1.0-preview.6.f9-candidate.nupkg sha256=be9443f58d59f6e9bc51a8f3f0da8a0b85404c187957db89396c50f9321842f1
Broiler.VM.Profile.JavaScript.Format.0.1.0-preview.5.nupkg sha256=0420f4864eeeca960dd58cd4019910e9943fb9d9686441235ba696f426000e02
Broiler.VM.Profile.JavaScript.Format.0.1.0-preview.6.f9-candidate.nupkg sha256=5e1d52dc5eb026c1811e81a6083de5d35bf87dae329543eb68ff32589860860f
Broiler.VM.Profile.JavaScript.Intl.0.1.0-preview.6.f9-candidate.nupkg sha256=1ded207c474db0407fe2fbd95443e0f9a4edd86c4190c7437d0fc2872a2e7b21
Broiler.VM.Profile.MachineCode.0.1.0-preview.6.f9-candidate.nupkg sha256=0f5f9c98bded9e7ee87390f831423ef14503125db3797361e0c5a4b6581abf14
Broiler.VM.Profile.WebAssembly.0.1.0-preview.6.f9-candidate.nupkg sha256=b9dd69dab6867bf2a924da01dadc7bc2ae3345f67def826da6f094b080559b11
Broiler.VM.Runtime.0.1.0-preview.5.nupkg sha256=f65c3fee954223e3e483bd5fc56d5ec2eec6d5bc80dc813dbeeb373f78dee46b
Broiler.VM.Runtime.0.1.0-preview.6.f9-candidate.nupkg sha256=74a6907524d18e511a609579edf773481d864886318ef7ee1420cb3b3cc5dfb8
Broiler.VM.Ubc.0.1.0-preview.6.f9-candidate.nupkg sha256=82a552c111f1a21a9d3b764493374db4410f9f389dd3cb7e8499c08d85ab364f

--- restore and run the candidate 0.1.0-preview.6.f9-candidate ---
# broiler-vm-sample-javascript core-contract-version=1
# assembly Broiler.VM.Runtime 0.1.0-preview.6.f9-candidate+6ac061e09f33e669e6406c0cb3b04a519bc8e83a
# assembly Broiler.VM.Profile.JavaScript 0.1.0-preview.6.f9-candidate+6ac061e09f33e669e6406c0cb3b04a519bc8e83a
# assembly Broiler.VM.Profile.JavaScript.Compiler 0.1.0-preview.6.f9-candidate+6ac061e09f33e669e6406c0cb3b04a519bc8e83a
# assembly Broiler.VM.Profile.JavaScript.Intl 0.1.0-preview.6.f9-candidate+6ac061e09f33e669e6406c0cb3b04a519bc8e83a
ok   one-plus-one: answered 2
ok   a-program: answered 1,2,3:{"x":[1,"two"]}
ok   a-syntax-error: refused: 2101:UnexpectedToken at 1:4: `end of source` begins no expression
ok   a-truncated-artifact: verification refused: InvalidArtifact/Truncated
ok   intl-from-its-package: answered 1.234.567,891|January 1, 1970
ok   temporal-from-its-package: answered 2026-11-04
broiler-vm-sample-javascript: 6 checks passed
exit code: 0

--- ROLL BACK to the published 0.1.0-preview.5 and run ---
# broiler-vm-sample-javascript core-contract-version=1
# assembly Broiler.VM.Runtime 0.1.0-preview.5+ebd7079116e7fd40051827a01c86bb35cb2e026d
# assembly Broiler.VM.Profile.JavaScript 0.1.0-preview.5+ebd7079116e7fd40051827a01c86bb35cb2e026d
# assembly Broiler.VM.Profile.JavaScript.Compiler 0.1.0-preview.5+ebd7079116e7fd40051827a01c86bb35cb2e026d
# built without the internationalization data: the Intl and Temporal checks are not run
ok   one-plus-one: answered 2
ok   a-program: answered 1,2,3:{"x":[1,"two"]}
ok   a-syntax-error: refused: 2101:UnexpectedToken at 1:4: `end of source` begins no expression
ok   a-truncated-artifact: verification refused: InvalidArtifact/Truncated
broiler-vm-sample-javascript: 4 checks passed
exit code: 0

--- roll forward to the candidate 0.1.0-preview.6.f9-candidate and run ---
# broiler-vm-sample-javascript core-contract-version=1
# assembly Broiler.VM.Runtime 0.1.0-preview.6.f9-candidate+6ac061e09f33e669e6406c0cb3b04a519bc8e83a
# assembly Broiler.VM.Profile.JavaScript 0.1.0-preview.6.f9-candidate+6ac061e09f33e669e6406c0cb3b04a519bc8e83a
# assembly Broiler.VM.Profile.JavaScript.Compiler 0.1.0-preview.6.f9-candidate+6ac061e09f33e669e6406c0cb3b04a519bc8e83a
# assembly Broiler.VM.Profile.JavaScript.Intl 0.1.0-preview.6.f9-candidate+6ac061e09f33e669e6406c0cb3b04a519bc8e83a
ok   one-plus-one: answered 2
ok   a-program: answered 1,2,3:{"x":[1,"two"]}
ok   a-syntax-error: refused: 2101:UnexpectedToken at 1:4: `end of source` begins no expression
ok   a-truncated-artifact: verification refused: InvalidArtifact/Truncated
ok   intl-from-its-package: answered 1.234.567,891|January 1, 1970
ok   temporal-from-its-package: answered 2026-11-04
broiler-vm-sample-javascript: 6 checks passed
exit code: 0

--- NEGATIVE CONTROL: restore exactly 0.1.0-preview.4, which nuget.org holds and the feed does not; it must fail ---
Determining projects to restore...
/home/user/Broiler.VM/samples/Broiler.VM.Sample.JavaScriptConsumer/Broiler.VM.Sample.JavaScriptConsumer.csproj : error NU1102: Unable to find package Broiler.VM.Abstractions with version (= 0.1.0-preview.4)
/home/user/Broiler.VM/samples/Broiler.VM.Sample.JavaScriptConsumer/Broiler.VM.Sample.JavaScriptConsumer.csproj : error NU1102:   - Found 2 version(s) in local-feed [ Nearest version: 0.1.0-preview.5 ]
/home/user/Broiler.VM/samples/Broiler.VM.Sample.JavaScriptConsumer/Broiler.VM.Sample.JavaScriptConsumer.csproj : error NU1102: Unable to find package Broiler.VM.Binary with version (= 0.1.0-preview.4)
/home/user/Broiler.VM/samples/Broiler.VM.Sample.JavaScriptConsumer/Broiler.VM.Sample.JavaScriptConsumer.csproj : error NU1102:   - Found 2 version(s) in local-feed [ Nearest version: 0.1.0-preview.5 ]
/home/user/Broiler.VM/samples/Broiler.VM.Sample.JavaScriptConsumer/Broiler.VM.Sample.JavaScriptConsumer.csproj : error NU1102: Unable to find package Broiler.VM.Runtime with version (= 0.1.0-preview.4)
/home/user/Broiler.VM/samples/Broiler.VM.Sample.JavaScriptConsumer/Broiler.VM.Sample.JavaScriptConsumer.csproj : error NU1102:   - Found 2 version(s) in local-feed [ Nearest version: 0.1.0-preview.5 ]
/home/user/Broiler.VM/samples/Broiler.VM.Sample.JavaScriptConsumer/Broiler.VM.Sample.JavaScriptConsumer.csproj : error NU1102: Unable to find package Broiler.VM.Profile.JavaScript with version (= 0.1.0-preview.4)
/home/user/Broiler.VM/samples/Broiler.VM.Sample.JavaScriptConsumer/Broiler.VM.Sample.JavaScriptConsumer.csproj : error NU1102:   - Found 2 version(s) in local-feed [ Nearest version: 0.1.0-preview.5 ]
/home/user/Broiler.VM/samples/Broiler.VM.Sample.JavaScriptConsumer/Broiler.VM.Sample.JavaScriptConsumer.csproj : error NU1102: Unable to find package Broiler.VM.Profile.JavaScript.Format with version (= 0.1.0-preview.4)
/home/user/Broiler.VM/samples/Broiler.VM.Sample.JavaScriptConsumer/Broiler.VM.Sample.JavaScriptConsumer.csproj : error NU1102:   - Found 2 version(s) in local-feed [ Nearest version: 0.1.0-preview.5 ]
/home/user/Broiler.VM/samples/Broiler.VM.Sample.JavaScriptConsumer/Broiler.VM.Sample.JavaScriptConsumer.csproj : error NU1102: Unable to find package Broiler.VM.Profile.JavaScript.Compiler with version (= 0.1.0-preview.4)
/home/user/Broiler.VM/samples/Broiler.VM.Sample.JavaScriptConsumer/Broiler.VM.Sample.JavaScriptConsumer.csproj : error NU1102:   - Found 2 version(s) in local-feed [ Nearest version: 0.1.0-preview.5 ]
  Failed to restore /home/user/Broiler.VM/samples/Broiler.VM.Sample.JavaScriptConsumer/Broiler.VM.Sample.JavaScriptConsumer.csproj (in 176 ms).
exit code: 1

--- publish the consumer as Native AOT from the candidate ---
Determining projects to restore...
  Restored /home/user/Broiler.VM/samples/Broiler.VM.Sample.JavaScriptConsumer/Broiler.VM.Sample.JavaScriptConsumer.csproj (in 417 ms).
  Broiler.VM.Sample.JavaScriptConsumer -> /home/user/Broiler.VM/samples/Broiler.VM.Sample.JavaScriptConsumer/bin/Release/net10.0/linux-x64/Broiler.VM.Sample.JavaScriptConsumer.dll
  Generating native code
  Broiler.VM.Sample.JavaScriptConsumer -> /tmp/broiler-js-consumer-aot-vgsw6hsg/publish/
exit code: 0
native image size: 7561152 bytes

--- run the Native AOT consumer ---
# broiler-vm-sample-javascript core-contract-version=1
# assembly Broiler.VM.Runtime 0.1.0-preview.6.f9-candidate+6ac061e09f33e669e6406c0cb3b04a519bc8e83a
# assembly Broiler.VM.Profile.JavaScript 0.1.0-preview.6.f9-candidate+6ac061e09f33e669e6406c0cb3b04a519bc8e83a
# assembly Broiler.VM.Profile.JavaScript.Compiler 0.1.0-preview.6.f9-candidate+6ac061e09f33e669e6406c0cb3b04a519bc8e83a
# assembly Broiler.VM.Profile.JavaScript.Intl 0.1.0-preview.6.f9-candidate+6ac061e09f33e669e6406c0cb3b04a519bc8e83a
ok   one-plus-one: answered 2
ok   a-program: answered 1,2,3:{"x":[1,"two"]}
ok   a-syntax-error: refused: 2101:UnexpectedToken at 1:4: `end of source` begins no expression
ok   a-truncated-artifact: verification refused: InvalidArtifact/Truncated
ok   intl-from-its-package: answered 1.234.567,891|January 1, 1970
ok   temporal-from-its-package: answered 2026-11-04
broiler-vm-sample-javascript: 6 checks passed
exit code: 0
