Determining projects to restore...
  Restored /home/user/Broiler.VM/src/compositions/Broiler.VM.Composition.JavaScript.Conformance/Broiler.VM.Composition.JavaScript.Conformance.csproj (in 392 ms).
  Restored /home/user/Broiler.VM/src/Broiler.VM.Ubc/Broiler.VM.Ubc.csproj (in 392 ms).
  Restored /home/user/Broiler.VM/src/compositions/Broiler.VM.Composition.JavaScript.Cli/Broiler.VM.Composition.JavaScript.Cli.csproj (in 392 ms).
  Restored /home/user/Broiler.VM/src/compositions/Broiler.VM.Composition.Calculator/Broiler.VM.Composition.Calculator.csproj (in 392 ms).
  Restored /home/user/Broiler.VM/src/Broiler.VM.Runtime/Broiler.VM.Runtime.csproj (in 4 ms).
  Restored /home/user/Broiler.VM/src/Broiler.VM.Profile.WebAssembly/Broiler.VM.Profile.WebAssembly.csproj (in 4 ms).
  Restored /home/user/Broiler.VM/src/Broiler.VM.Profile.JavaScript/Broiler.VM.Profile.JavaScript.csproj (in 2 ms).
  Restored /home/user/Broiler.VM/src/Broiler.VM.Profile.MachineCode/Broiler.VM.Profile.MachineCode.csproj (in 9 ms).
  Restored /home/user/Broiler.VM/src/Broiler.VM.Profile.JavaScript.Intl/Broiler.VM.Profile.JavaScript.Intl.csproj (in 2 ms).
  Restored /home/user/Broiler.VM/src/Broiler.VM.Profile.JavaScript.Format/Broiler.VM.Profile.JavaScript.Format.csproj (in 2 ms).
  Restored /home/user/Broiler.VM/src/Broiler.VM.Profile.JavaScript.Compiler/Broiler.VM.Profile.JavaScript.Compiler.csproj (in 6 ms).
  Restored /home/user/Broiler.VM/src/Broiler.VM.Abstractions/Broiler.VM.Abstractions.csproj (in 2 ms).
  Restored /home/user/Broiler.VM/src/Broiler.VM.Binary/Broiler.VM.Binary.csproj (in 2 ms).
  Restored /home/user/Broiler.VM/src/Broiler.VM.Emitter.Bytecode/Broiler.VM.Emitter.Bytecode.csproj (in 4 ms).
  Restored /home/user/Broiler.VM/src/compositions/Broiler.VM.Composition.Workbench/Broiler.VM.Composition.Workbench.csproj (in 8 ms).
  Restored /home/user/Broiler.VM/src/compositions/Broiler.VM.Composition.Ubc.Fixture/Broiler.VM.Composition.Ubc.Fixture.csproj (in 6 ms).
  Restored /home/user/Broiler.VM/src/compositions/Broiler.VM.Composition.WebAssembly.Harness/Broiler.VM.Composition.WebAssembly.Harness.csproj (in 10 ms).
  Restored /home/user/Broiler.VM/src/compositions/Broiler.VM.Composition.WebAssembly.Execution/Broiler.VM.Composition.WebAssembly.Execution.csproj (in 9 ms).
  Restored /home/user/Broiler.VM/src/tests/Com.Example.Tally/Com.Example.Tally.csproj (in 4 ms).
  Restored /home/user/Broiler.VM/src/compositions/Broiler.VM.Composition.JavaScript.ExecutionOnly/Broiler.VM.Composition.JavaScript.ExecutionOnly.csproj (in 7 ms).
  Restored /home/user/Broiler.VM/src/tests/Com.Example.Ledger/Com.Example.Ledger.csproj (in 3 ms).
  Restored /home/user/Broiler.VM/src/compositions/Broiler.VM.Composition.JavaScript.SliceCompiler/Broiler.VM.Composition.JavaScript.SliceCompiler.csproj (in 9 ms).
  Restored /home/user/Broiler.VM/src/compositions/Broiler.VM.Composition.PolyglotCli/Broiler.VM.Composition.PolyglotCli.csproj (in 10 ms).
  Restored /home/user/Broiler.VM/src/tests/Com.Example.Calculator/Com.Example.Calculator.csproj (in 3 ms).
  Restored /home/user/Broiler.VM/src/tests/Broiler.VM.Fuzz.Host/Broiler.VM.Fuzz.Host.csproj (in 4 ms).
  Restored /home/user/Broiler.VM/src/tests/Broiler.VM.Soak.Host/Broiler.VM.Soak.Host.csproj (in 8 ms).
  Restored /home/user/Broiler.VM/src/tests/Broiler.VM.Fixtures/Broiler.VM.Fixtures.csproj (in 3 ms).
  Restored /home/user/Broiler.VM/src/tests/Broiler.VM.Bench.Host/Broiler.VM.Bench.Host.csproj (in 8 ms).
  Restored /home/user/Broiler.VM/src/tests/Broiler.VM.Fixtures.Host/Broiler.VM.Fixtures.Host.csproj (in 11 ms).
  Restored /home/user/Broiler.VM/src/tests/Broiler.VM.Contract.Tests/Broiler.VM.Contract.Tests.csproj (in 47 ms).
  Restored /home/user/Broiler.VM/src/tests/Broiler.VM.Architecture.Tests/Broiler.VM.Architecture.Tests.csproj (in 42 ms).
  Broiler.VM.Binary -> /home/user/Broiler.VM/src/Broiler.VM.Binary/bin/Release/net10.0/Broiler.VM.Binary.dll
  Broiler.VM.Abstractions -> /home/user/Broiler.VM/src/Broiler.VM.Abstractions/bin/Release/net10.0/Broiler.VM.Abstractions.dll
  Successfully created package '/tmp/broiler-js-pack-ocj5_wyb/Broiler.VM.Binary.0.1.0-preview.6.f9-candidate.nupkg'.
  Successfully created package '/tmp/broiler-js-pack-ocj5_wyb/Broiler.VM.Binary.0.1.0-preview.6.f9-candidate.snupkg'.
  Successfully created package '/tmp/broiler-js-pack-ocj5_wyb/Broiler.VM.Abstractions.0.1.0-preview.6.f9-candidate.nupkg'.
  Successfully created package '/tmp/broiler-js-pack-ocj5_wyb/Broiler.VM.Abstractions.0.1.0-preview.6.f9-candidate.snupkg'.
  Broiler.VM.Runtime -> /home/user/Broiler.VM/src/Broiler.VM.Runtime/bin/Release/net10.0/Broiler.VM.Runtime.dll
  Successfully created package '/tmp/broiler-js-pack-ocj5_wyb/Broiler.VM.Runtime.0.1.0-preview.6.f9-candidate.nupkg'.
  Successfully created package '/tmp/broiler-js-pack-ocj5_wyb/Broiler.VM.Runtime.0.1.0-preview.6.f9-candidate.snupkg'.
  Broiler.VM.Profile.MachineCode -> /home/user/Broiler.VM/src/Broiler.VM.Profile.MachineCode/bin/Release/net10.0/Broiler.VM.Profile.MachineCode.dll
  Broiler.VM.Ubc -> /home/user/Broiler.VM/src/Broiler.VM.Ubc/bin/Release/net10.0/Broiler.VM.Ubc.dll
  Broiler.VM.Profile.JavaScript.Format -> /home/user/Broiler.VM/src/Broiler.VM.Profile.JavaScript.Format/bin/Release/net10.0/Broiler.VM.Profile.JavaScript.Format.dll
  Broiler.VM.Profile.WebAssembly -> /home/user/Broiler.VM/src/Broiler.VM.Profile.WebAssembly/bin/Release/net10.0/Broiler.VM.Profile.WebAssembly.dll
  Successfully created package '/tmp/broiler-js-pack-ocj5_wyb/Broiler.VM.Profile.MachineCode.0.1.0-preview.6.f9-candidate.nupkg'.
  Successfully created package '/tmp/broiler-js-pack-ocj5_wyb/Broiler.VM.Profile.MachineCode.0.1.0-preview.6.f9-candidate.snupkg'.
  Successfully created package '/tmp/broiler-js-pack-ocj5_wyb/Broiler.VM.Ubc.0.1.0-preview.6.f9-candidate.nupkg'.
  Successfully created package '/tmp/broiler-js-pack-ocj5_wyb/Broiler.VM.Ubc.0.1.0-preview.6.f9-candidate.snupkg'.
  Broiler.VM.Profile.JavaScript.Compiler -> /home/user/Broiler.VM/src/Broiler.VM.Profile.JavaScript.Compiler/bin/Release/net10.0/Broiler.VM.Profile.JavaScript.Compiler.dll
  Broiler.VM.Emitter.Bytecode -> /home/user/Broiler.VM/src/Broiler.VM.Emitter.Bytecode/bin/Release/net10.0/Broiler.VM.Emitter.Bytecode.dll
  Successfully created package '/tmp/broiler-js-pack-ocj5_wyb/Broiler.VM.Profile.JavaScript.Compiler.0.1.0-preview.6.f9-candidate.nupkg'.
  Successfully created package '/tmp/broiler-js-pack-ocj5_wyb/Broiler.VM.Profile.JavaScript.Compiler.0.1.0-preview.6.f9-candidate.snupkg'.
  Successfully created package '/tmp/broiler-js-pack-ocj5_wyb/Broiler.VM.Profile.JavaScript.Format.0.1.0-preview.6.f9-candidate.nupkg'.
  Successfully created package '/tmp/broiler-js-pack-ocj5_wyb/Broiler.VM.Profile.JavaScript.Format.0.1.0-preview.6.f9-candidate.snupkg'.
  Broiler.VM.Profile.JavaScript.Intl -> /home/user/Broiler.VM/src/Broiler.VM.Profile.JavaScript.Intl/bin/Release/net10.0/Broiler.VM.Profile.JavaScript.Intl.dll
  Broiler.VM.Profile.JavaScript -> /home/user/Broiler.VM/src/Broiler.VM.Profile.JavaScript/bin/Release/net10.0/Broiler.VM.Profile.JavaScript.dll
  Successfully created package '/tmp/broiler-js-pack-ocj5_wyb/Broiler.VM.Profile.WebAssembly.0.1.0-preview.6.f9-candidate.nupkg'.
  Successfully created package '/tmp/broiler-js-pack-ocj5_wyb/Broiler.VM.Profile.WebAssembly.0.1.0-preview.6.f9-candidate.snupkg'.
  Successfully created package '/tmp/broiler-js-pack-ocj5_wyb/Broiler.VM.Profile.JavaScript.0.1.0-preview.6.f9-candidate.nupkg'.
  Successfully created package '/tmp/broiler-js-pack-ocj5_wyb/Broiler.VM.Profile.JavaScript.0.1.0-preview.6.f9-candidate.snupkg'.
  Successfully created package '/tmp/broiler-js-pack-ocj5_wyb/Broiler.VM.Profile.JavaScript.Intl.0.1.0-preview.6.f9-candidate.nupkg'.
  Successfully created package '/tmp/broiler-js-pack-ocj5_wyb/Broiler.VM.Profile.JavaScript.Intl.0.1.0-preview.6.f9-candidate.snupkg'.
  Successfully created package '/tmp/broiler-js-pack-ocj5_wyb/Broiler.VM.Emitter.Bytecode.0.1.0-preview.6.f9-candidate.nupkg'.
  Successfully created package '/tmp/broiler-js-pack-ocj5_wyb/Broiler.VM.Emitter.Bytecode.0.1.0-preview.6.f9-candidate.snupkg'.
exit code: 0
--- produced ---
Broiler.VM.Abstractions.0.1.0-preview.6.f9-candidate.nupkg
Broiler.VM.Abstractions.0.1.0-preview.6.f9-candidate.snupkg
Broiler.VM.Binary.0.1.0-preview.6.f9-candidate.nupkg
Broiler.VM.Binary.0.1.0-preview.6.f9-candidate.snupkg
Broiler.VM.Emitter.Bytecode.0.1.0-preview.6.f9-candidate.nupkg
Broiler.VM.Emitter.Bytecode.0.1.0-preview.6.f9-candidate.snupkg
Broiler.VM.Profile.JavaScript.0.1.0-preview.6.f9-candidate.nupkg
Broiler.VM.Profile.JavaScript.0.1.0-preview.6.f9-candidate.snupkg
Broiler.VM.Profile.JavaScript.Compiler.0.1.0-preview.6.f9-candidate.nupkg
Broiler.VM.Profile.JavaScript.Compiler.0.1.0-preview.6.f9-candidate.snupkg
Broiler.VM.Profile.JavaScript.Format.0.1.0-preview.6.f9-candidate.nupkg
Broiler.VM.Profile.JavaScript.Format.0.1.0-preview.6.f9-candidate.snupkg
Broiler.VM.Profile.JavaScript.Intl.0.1.0-preview.6.f9-candidate.nupkg
Broiler.VM.Profile.JavaScript.Intl.0.1.0-preview.6.f9-candidate.snupkg
Broiler.VM.Profile.MachineCode.0.1.0-preview.6.f9-candidate.nupkg
Broiler.VM.Profile.MachineCode.0.1.0-preview.6.f9-candidate.snupkg
Broiler.VM.Profile.WebAssembly.0.1.0-preview.6.f9-candidate.nupkg
Broiler.VM.Profile.WebAssembly.0.1.0-preview.6.f9-candidate.snupkg
Broiler.VM.Runtime.0.1.0-preview.6.f9-candidate.nupkg
Broiler.VM.Runtime.0.1.0-preview.6.f9-candidate.snupkg
Broiler.VM.Ubc.0.1.0-preview.6.f9-candidate.nupkg
Broiler.VM.Ubc.0.1.0-preview.6.f9-candidate.snupkg
