$ git apply docs/evidence/jsp-10-host-001/control-constant-pool.patch
# exit 0
$ dotnet build src/compositions/Broiler.VM.Composition.JavaScript.SliceCompiler -c Release
roiler.VM.Profile.JavaScript -> <root>/src/Broiler.VM.Profile.JavaScript/bin/Release/net10.0/Broiler.VM.Profile.JavaScript.dll
  Broiler.VM.Composition.JavaScript.SliceCompiler -> <root>/src/compositions/Broiler.VM.Composition.JavaScript.SliceCompiler/bin/Release/net10.0/Broiler.VM.Composition.JavaScript.SliceCompiler.dll

Build succeeded.
    0 Warning(s)
    0 Error(s)

Time Elapsed 00:00:02.32
# exit 0
$ dotnet <root>/src/compositions/Broiler.VM.Composition.JavaScript.SliceCompiler/bin/Release/net10.0/Broiler.VM.Composition.JavaScript.SliceCompiler.dll --checks --verbose
FAIL the constant pool's ceiling is refused once, naming it and where it was met: the refusal does not name the ceiling where it was met: 2302:TooManyConstants at 0:0: the constant pool is full: an artifact of this format holds at most 65,535 distinct constants - numbers, strings, BigInts and names together - and this one needs more
broiler-js-slice-compiler: 1 of 589 checks FAILED, 3 not run on this machine and claimed by nothing
# exit 1
$ git apply -R docs/evidence/jsp-10-host-001/control-constant-pool.patch
# exit 0
$ dotnet build src/compositions/Broiler.VM.Composition.JavaScript.SliceCompiler -c Release
roiler.VM.Profile.JavaScript -> <root>/src/Broiler.VM.Profile.JavaScript/bin/Release/net10.0/Broiler.VM.Profile.JavaScript.dll
  Broiler.VM.Composition.JavaScript.SliceCompiler -> <root>/src/compositions/Broiler.VM.Composition.JavaScript.SliceCompiler/bin/Release/net10.0/Broiler.VM.Composition.JavaScript.SliceCompiler.dll

Build succeeded.
    0 Warning(s)
    0 Error(s)

Time Elapsed 00:00:02.60
# exit 0
