$ git apply docs/evidence/jsp-10-host-001/control-encoding.patch
# exit 0
$ dotnet build src/compositions/Broiler.VM.Composition.JavaScript.Cli -c Release
le.JavaScript.Compiler.dll
  Broiler.VM.Profile.JavaScript -> <root>/src/Broiler.VM.Profile.JavaScript/bin/Release/net10.0/Broiler.VM.Profile.JavaScript.dll
  Broiler.VM.Composition.JavaScript.Cli -> <root>/src/compositions/Broiler.VM.Composition.JavaScript.Cli/bin/Release/net10.0/Broiler.VM.Composition.JavaScript.Cli.dll

Build succeeded.
    0 Warning(s)
    0 Error(s)

Time Elapsed 00:00:02.30
# exit 0
$ python3 eng/run-cli-acceptance.py --verbose --expected <scratch>/jsp-10.expected.txt
# judging <root>/src/compositions/Broiler.VM.Composition.JavaScript.Cli/bin/Release/net10.0/Broiler.VM.Composition.JavaScript.Cli
# over 7 command lines from artifacts/jsp-10-host-001/jsp-10.expected.txt
ok   modules/a-top-level-await-in-a-template.mjs
ok   limits/an-ordinary-loop-past-the-default-allowance.js
ok   --fuel 1000000000 limits/an-ordinary-loop-past-the-default-allowance.js
ok   --help
ok   --help
FAIL encoding/utf-16le-with-a-byte-order-mark.js: output does not contain `a UTF-16LE file, by its byte-order mark`
       broiler-js: encoding/utf-16le-with-a-byte-order-mark.js: not valid UTF-8 at byte 0: a host that decoded it with replacement characters would run a program the file does not contain
FAIL encoding/utf-16be-with-a-byte-order-mark.js: output does not contain `a UTF-16BE file, by its byte-order mark`
       broiler-js: encoding/utf-16be-with-a-byte-order-mark.js: not valid UTF-8 at byte 0: a host that decoded it with replacement characters would run a program the file does not contain
# 2 of 7 command lines FAILED
# exit 1
$ git apply -R docs/evidence/jsp-10-host-001/control-encoding.patch
# exit 0
$ dotnet build src/compositions/Broiler.VM.Composition.JavaScript.Cli -c Release
le.JavaScript.Compiler.dll
  Broiler.VM.Profile.JavaScript -> <root>/src/Broiler.VM.Profile.JavaScript/bin/Release/net10.0/Broiler.VM.Profile.JavaScript.dll
  Broiler.VM.Composition.JavaScript.Cli -> <root>/src/compositions/Broiler.VM.Composition.JavaScript.Cli/bin/Release/net10.0/Broiler.VM.Composition.JavaScript.Cli.dll

Build succeeded.
    0 Warning(s)
    0 Error(s)

Time Elapsed 00:00:02.26
# exit 0
