$ broiler-js modules/a-top-level-await-in-a-template.mjs
plain tag-ged outer-inner-3
undefined
# exit 0
$ broiler-js limits/an-ordinary-loop-past-the-default-allowance.js
broiler-js: limits/an-ordinary-loop-past-the-default-allowance.js: the program did not settle within its allowance: AllowanceExhausted on Fuel
# exit 5
$ broiler-js --fuel 1000000000 limits/an-ordinary-loop-past-the-default-allowance.js
4499998500000
# exit 0
$ broiler-js encoding/utf-16le-with-a-byte-order-mark.js
broiler-js: encoding/utf-16le-with-a-byte-order-mark.js: a UTF-16LE file, by its byte-order mark: this host reads UTF-8 only, with or without a byte-order mark, and does not convert
# exit 6
$ broiler-js encoding/utf-16be-with-a-byte-order-mark.js
broiler-js: encoding/utf-16be-with-a-byte-order-mark.js: a UTF-16BE file, by its byte-order mark: this host reads UTF-8 only, with or without a byte-order mark, and does not convert
# exit 6
$ broiler-js encoding/not-utf8.js
broiler-js: encoding/not-utf8.js: not valid UTF-8 at byte 57: a host that decoded it with replacement characters would run a program the file does not contain
# exit 6
$ broiler-js encoding/with-a-byte-order-mark.js
7
# exit 0
$ broiler-js --help (the <path> and --fuel lines)
              read as UTF-8, with or without a byte-order mark, and nothing else:
              byte-order mark says which, and never decoded with replacements.
  --fuel <n>  the instruction allowance per run; the profile's default otherwise,
              50,000,000 instructions, which ORDINARY CODE REACHES: a loop adding up three
              million numbers spends it and exits 5. Raise it with --fuel.
# exit 0
