json /tmp/broiler-js-rc-numeric-native-s58gmw7_/test262.json
broiler-js-conformance: merged 16 test262 shard report(s)
edition ECMA-262 ES2026 (tc39/ecma262@0248456c758431e4bb8e5d26333ff1865123c9cd, spec.html sha256 ce7bc30174061fd8d212270b81cf6511661180c1e174f6911d10ced0581527b0) - archived at src/Broiler.VM.Profile.JavaScript/docs/specification/ecma-262-es2026-spec.html
suite test262@46d54f57ae3a4803c6ebc5f4625dd4b417254ed65058836732f182801e1cfe93
manifest broiler.javascript.numeric at format version 2; harness not loaded; admitted surfaces broiler.javascript.bigint, broiler.javascript.binary, broiler.javascript.dynamic, broiler.javascript.intl, broiler.javascript.modules, broiler.javascript.native, broiler.javascript.shadowrealm, broiler.javascript.shared, broiler.javascript.temporal; declined (none); form native (x86-64-sysv)
partition FNV-1a over the normalized suite-relative path, modulo the shard count, one whole file per shard; merged from 16 shards
selection candidates=53469 selected=53469 merged=53469
# unsupported families: 56 distinct, 94396 variants
#     27613  a call to anything but a function this program declares  e.g. test/annexB/built-ins/Date/prototype/getYear/B.2.4.js [sloppy]
#     10946  an object literal  e.g. test/annexB/built-ins/Array/from/iterator-method-emulates-undefined.js [sloppy]
#      7350  a `new` expression  e.g. test/annexB/built-ins/Date/prototype/getYear/nan.js [sloppy]
#      5692  a class declaration  e.g. test/built-ins/Array/prototype/concat/Array.prototype.concat_non-array.js [sloppy]
#      5589  an Array literal  e.g. test/annexB/language/comments/single-line-html-close-asi.js [sloppy]
#      4969  a String literal  e.g. test/annexB/built-ins/escape/unmodified.js [sloppy]
#      4581  a binding with no initialiser  e.g. test/annexB/built-ins/Date/prototype/setYear/time-clip.js [sloppy]
#      4503  a class expression  e.g. test/built-ins/Function/prototype/toString/class-expression-explicit-ctor.js [sloppy]
#      4304  a BigInt literal  e.g. test/annexB/built-ins/escape/argument_bigint.js [sloppy]
#      3268  a Boolean literal  e.g. test/annexB/language/expressions/assignmenttargettype/callexpression-as-for-in-lhs.js [sloppy]
#      2695  a property access  e.g. test/annexB/built-ins/Date/prototype/getYear/this-not-date.js [sloppy]
#      2176  a generator function  e.g. test/annexB/built-ins/RegExp/RegExp-control-escape-russian-letter.js [sloppy]
#      1211  a function body that can fall off its end  e.g. test/annexB/language/expressions/assignmenttargettype/cover-callexpression-and-asyncarrowhead.js [sloppy]
#      1108  a `throw` statement  e.g. test/annexB/language/comments/multi-line-html-close.js [sloppy]
#      1073  a function expression  e.g. test/annexB/language/expressions/assignment/dstr/object-pattern-emulates-undefined.js [sloppy]
#       982  an assignment to anything but a binding  e.g. test/built-ins/Array/S15.4.1_A1.1_T1.js [sloppy]
#       944  a `try` statement  e.g. test/annexB/language/eval-code/direct/var-env-lower-lex-catch-non-strict.js [sloppy]
#       710  a module graph  e.g. test/built-ins/Proxy/preventExtensions/trap-is-undefined-target-is-proxy.js [module]
#       600  a regular-expression literal  e.g. test/annexB/built-ins/RegExp/RegExp-invalid-control-escape-character-class-range.js [sloppy]
#       581  a `for`-`of` statement  e.g. test/built-ins/Array/prototype/every/resizable-buffer.js [sloppy]
#       567  an async function  e.g. test/annexB/language/statements/for-await-of/iterator-close-return-emulates-undefined-throws-when-called.js [sloppy]
#       479  a destructuring binding  e.g. test/built-ins/Temporal/Duration/prototype/toString/precision.js [sloppy]
#       461  the `null` literal  e.g. test/built-ins/Promise/all/ctx-ctor.js [sloppy]
#       313  an arrow function  e.g. test/built-ins/Array/prototype/copyWithin/resizable-buffer.js [sloppy]
#       236  `this`  e.g. test/built-ins/Array/prototype/every/15.4.4.16-5-1.js [sloppy]
#       189  the `delete` operator  e.g. test/built-ins/Array/prototype/every/15.4.4.16-7-3.js [sloppy]
#       177  the `&&` operator  e.g. test/annexB/language/comments/single-line-html-open.js [sloppy]
#       147  a parameter with a default  e.g. test/built-ins/Array/fromAsync/this-constructor-operations.js [sloppy]
#       138  a destructuring parameter  e.g. test/language/destructuring/binding/initialization-requires-object-coercible-null.js [sloppy]
#       106  the `instanceof` operator  e.g. test/built-ins/Array/prototype/every/15.4.4.16-1-11.js [sloppy]
#       101  a labelled statement  e.g. test/annexB/language/statements/labeled/function-declaration.js [sloppy]
#        92  a nested function declaration  e.g. test/annexB/language/function-code/block-decl-nested-blocks-with-fun-decl.js [sloppy]
#        54  a top-level `var` binding of a Number is refused: it holds `undefined` between the program body's entry and its assignment, and a slab of doubles cannot carry that through an arithmetic instruction without answering a number the interpreter would not  e.g. test/language/asi/S7.9_A7_T1.js [sloppy]
#        52  a dynamic `import()`  e.g. test/language/expressions/dynamic-import/always-create-new-promise.js [sloppy]
#        49  a `switch` statement  e.g. test/annexB/language/global-code/switch-case-global-existing-fn-update.js [sloppy]
#        47  a destructuring assignment  e.g. test/language/expressions/assignment/dstr/ident-name-prop-name-literal-break-escaped.js [sloppy]
#        46  a `for`-`in` statement  e.g. test/built-ins/Boolean/prototype/S15.6.3.1_A4.js [sloppy]
#        44  the `//` operator  e.g. test/annexB/built-ins/RegExp/RegExp-leading-escape-BMP.js [sloppy]
#        38  a template literal  e.g. test/language/expressions/class/private-getter-brand-check-multiple-evaluations-of-class-eval-indirect.js [sloppy]
#        26  the `void` operator  e.g. test/language/expressions/bitwise-not/S11.4.8_A3_T4.js [sloppy]
#        20  a rest parameter  e.g. test/built-ins/Reflect/apply/arguments-list-is-not-array-like-but-still-valid.js [sloppy]
#        16  a `using` declaration  e.g. test/language/statements/using/fn-name-class.js [sloppy]
#        16  a conditional expression  e.g. test/built-ins/Array/prototype/filter/15.4.4.20-9-b-13.js [sloppy]
#        15  a `with` statement  e.g. test/language/comments/hashbang/use-strict.js [raw]
#        12  a comma expression  e.g. test/language/expressions/comma/S11.14_A2.1_T1.js [sloppy]
#        10  the `typeof` operator  e.g. test/language/function-code/10.4.3-1-1-s.js [sloppy]
#         8  code unit 0: bytecode offset 5: a constant this manifest's emitted form has no representation for is loaded  e.g. test/language/comments/multi-line-asi-carriage-return.js [sloppy]
#         6  a tagged template  e.g. test/language/expressions/tagged-template/invalid-escape-sequences.js [sloppy]
#         6  the `&&=` compound assignment  e.g. test/language/expressions/logical-assignment/lgcl-and-assignment-operator-namedevaluation-arrow-function.js [sloppy]
#         6  the `//=` compound assignment  e.g. test/language/expressions/logical-assignment/lgcl-or-assignment-operator-namedevaluation-arrow-function.js [sloppy]
#         6  the `??=` compound assignment  e.g. test/language/expressions/logical-assignment/lgcl-nullish-assignment-operator-namedevaluation-arrow-function.js [sloppy]
#         5  a `return` with no value  e.g. test/language/asi/S7.9.2_A1_T4.js [sloppy]
#         4  code unit 0: bytecode offset 5: a realm binding this artifact does not declare is read, so its value would come from the realm - which is an object graph an emitted frame carries no reference to  e.g. test/language/expressions/postfix-decrement/eval-nostrict.js [sloppy]
#         4  the `in` operator  e.g. test/language/eval-code/indirect/var-env-var-strict.js [sloppy]
#         3  code unit 0: bytecode offset 9: a realm binding this artifact does not declare is assigned  e.g. test/language/expressions/assignmenttargettype/simple-basic-identifierreference-arguments.js [sloppy]
#         2  an optional chain  e.g. test/language/expressions/optional-chaining/short-circuiting.js [sloppy]
# no variant spent an allowance
# failure classification over 2 failing variant(s)
#   by kind: 1 distinct, 2 variants
#           2  the front end refused a source this manifest admits  e.g. test/language/statements/function/S13.2.1_A1_T1.js [sloppy]
#   by area: 1 distinct, 2 variants
#           2  test/language/statements/function  e.g. test/language/statements/function/S13.2.1_A1_T1.js [sloppy]
#   by declared feature (0 of 2 failing variants declare one; a variant with two is in two rows): 0 distinct, 0 taggings over 0 variants
# test262 53469 files, 101723 variants: pass 6172, fail 2, unsupported 94396, exhausted 0, skipped 1153
coverage whole
