# test262 tc39/test262 at ccaac100ff49d81e9ff47a75ff4c60e0bd3f262e
# 56560 files, content 46d54f57ae3a4803c6ebc5f4625dd4b417254ed65058836732f182801e1cfe93 - the checkout answers to test262.pin
# manifest broiler.javascript.slice; form bytecode; declined (none)
# 16 shards across 4 processes, 100000000 fuel and 5000 ms per variant
# retaining every shard's transcript under /tmp/broiler-js-rc-slice-bytecode-v670idv0
--- shard 0 of 16 exited 1; /tmp/broiler-js-rc-slice-bytecode-v670idv0/logs/shard-0000.log
--- shard 2 of 16 exited 1; /tmp/broiler-js-rc-slice-bytecode-v670idv0/logs/shard-0002.log
--- shard 1 of 16 exited 1; /tmp/broiler-js-rc-slice-bytecode-v670idv0/logs/shard-0001.log
--- shard 3 of 16 exited 1; /tmp/broiler-js-rc-slice-bytecode-v670idv0/logs/shard-0003.log
--- shard 4 of 16 exited 1; /tmp/broiler-js-rc-slice-bytecode-v670idv0/logs/shard-0004.log
--- shard 5 of 16 exited 1; /tmp/broiler-js-rc-slice-bytecode-v670idv0/logs/shard-0005.log
--- shard 6 of 16 exited 1; /tmp/broiler-js-rc-slice-bytecode-v670idv0/logs/shard-0006.log
--- shard 7 of 16 exited 1; /tmp/broiler-js-rc-slice-bytecode-v670idv0/logs/shard-0007.log
--- shard 8 of 16 exited 1; /tmp/broiler-js-rc-slice-bytecode-v670idv0/logs/shard-0008.log
--- shard 9 of 16 exited 1; /tmp/broiler-js-rc-slice-bytecode-v670idv0/logs/shard-0009.log
--- shard 10 of 16 exited 1; /tmp/broiler-js-rc-slice-bytecode-v670idv0/logs/shard-0010.log
--- shard 11 of 16 exited 1; /tmp/broiler-js-rc-slice-bytecode-v670idv0/logs/shard-0011.log
--- shard 13 of 16 exited 1; /tmp/broiler-js-rc-slice-bytecode-v670idv0/logs/shard-0013.log
--- shard 14 of 16 exited 1; /tmp/broiler-js-rc-slice-bytecode-v670idv0/logs/shard-0014.log
--- shard 12 of 16 exited 1; /tmp/broiler-js-rc-slice-bytecode-v670idv0/logs/shard-0012.log
--- shard 15 of 16 exited 1; /tmp/broiler-js-rc-slice-bytecode-v670idv0/logs/shard-0015.log
json /tmp/broiler-js-rc-slice-bytecode-v670idv0/test262.json
broiler-js-conformance: merged 16 test262 shard report(s)
edition ECMA-262 ES2026 (tc39/ecma262@0248456c758431e4bb8e5d26333ff1865123c9cd, spec.html sha256 ce7bc30174061fd8d212270b81cf6511661180c1e174f6911d10ced0581527b0) - archived at src/Broiler.VM.Profile.JavaScript/docs/specification/ecma-262-es2026-spec.html
suite test262@46d54f57ae3a4803c6ebc5f4625dd4b417254ed65058836732f182801e1cfe93
manifest broiler.javascript.slice at format version 1; harness not loaded; admitted surfaces broiler.javascript.bigint, broiler.javascript.binary, broiler.javascript.dynamic, broiler.javascript.intl, broiler.javascript.modules, broiler.javascript.native, broiler.javascript.shadowrealm, broiler.javascript.shared, broiler.javascript.temporal; declined (none)
partition FNV-1a over the normalized suite-relative path, modulo the shard count, one whole file per shard; merged from 16 shards
selection candidates=53469 selected=53469 merged=53469
# unsupported families: 42 distinct, 97290 variants
#     33988  a call  e.g. test/annexB/built-ins/Date/prototype/getYear/B.2.4.js [sloppy]
#     11535  an object literal  e.g. test/annexB/built-ins/Array/from/iterator-method-emulates-undefined.js [sloppy]
#     10842  the construct Class  e.g. test/built-ins/Array/prototype/concat/Array.prototype.concat_non-array.js [sloppy]
#      9506  the construct New  e.g. test/annexB/built-ins/Date/prototype/getYear/nan.js [sloppy]
#      7218  a function  e.g. test/annexB/built-ins/String/prototype/substr/start-and-length-as-numbers.js [sloppy]
#      6257  an array literal  e.g. test/built-ins/AggregateError/cause-property.js [sloppy]
#      5031  a string value  e.g. test/annexB/built-ins/escape/to-string-observe.js [sloppy]
#      3186  the construct Generator  e.g. test/annexB/built-ins/RegExp/RegExp-control-escape-russian-letter.js [sloppy]
#      2597  a property access  e.g. test/annexB/built-ins/Date/prototype/getYear/this-not-date.js [sloppy]
#      1081  the construct Try  e.g. test/annexB/language/eval-code/direct/var-env-lower-lex-catch-non-strict.js [sloppy]
#       874  the construct AsyncFunction  e.g. test/annexB/language/statements/for-await-of/iterator-close-return-emulates-undefined-throws-when-called.js [sloppy]
#       773  the construct ForOf  e.g. test/built-ins/Array/prototype/every/resizable-buffer.js [sloppy]
#       626  a regular-expression literal  e.g. test/annexB/built-ins/RegExp/RegExp-invalid-control-escape-character-class-range.js [sloppy]
#       555  the construct Throw  e.g. test/language/asi/S7.9_A11_T1.js [sloppy]
#       481  the construct Destructuring  e.g. test/built-ins/Temporal/Duration/prototype/toString/precision.js [sloppy]
#       468  the construct Null  e.g. test/built-ins/Promise/all/ctx-ctor.js [sloppy]
#       410  an arrow function  e.g. test/built-ins/Array/prototype/copyWithin/resizable-buffer.js [sloppy]
#       369  the construct Update  e.g. test/annexB/built-ins/RegExp/RegExp-leading-escape-BMP.js [sloppy]
#       284  the construct CompoundAssignment  e.g. test/language/expressions/compound-assignment/11.13.2-12-s.js [sloppy]
#       154  the construct Delete  e.g. test/built-ins/Boolean/S15.6.2.1_A4.js [sloppy]
#       138  the construct This  e.g. test/built-ins/Array/prototype/every/15.4.4.16-5-1.js [sloppy]
#       110  loose equality, which is not the strict comparison with a different spelling  e.g. test/built-ins/String/prototype/S15.5.4_A2.js [sloppy]
#       105  the construct Label  e.g. test/annexB/language/statements/labeled/function-declaration.js [sloppy]
#        99  the construct Import  e.g. test/built-ins/Proxy/preventExtensions/trap-is-undefined-target-is-proxy.js [module]
#        80  the construct Export  e.g. test/language/expressions/class/elements/class-name-static-initializer-default-export.js [module]
#        77  the construct Await  e.g. test/language/module-code/top-level-await/await-dynamic-import-rejection.js [module]
#        75  the construct TypeOf  e.g. test/built-ins/String/fromCharCode/S15.5.3.2_A1.js [sloppy]
#        54  the construct ForIn  e.g. test/built-ins/Boolean/prototype/S15.6.3.1_A4.js [sloppy]
#        40  the construct BigInt  e.g. test/built-ins/Map/bigint-number-same-value.js [sloppy]
#        39  the construct Switch  e.g. test/annexB/language/function-code/function-redeclaration-switch.js [sloppy]
#        38  a template literal  e.g. test/language/expressions/class/private-getter-brand-check-multiple-evaluations-of-class-eval-indirect.js [sloppy]
#        38  the construct Void  e.g. test/language/expressions/logical-not/S11.4.9_A3_T4.js [sloppy]
#        31  a computed property access  e.g. test/built-ins/Array/prototype/Symbol.unscopables/array-find-from-last.js [sloppy]
#        28  the construct TaggedTemplate  e.g. test/language/expressions/tagged-template/invalid-escape-sequences.js [sloppy]
#        20  the bitwise-not operator `~`  e.g. test/language/expressions/bitwise-not/S11.4.8_A2.1_T1.js [sloppy]
#        20  the construct With  e.g. test/language/comments/hashbang/use-strict.js [raw]
#        14  the construct NullishCoalescing  e.g. test/language/expressions/coalesce/chainable-with-bitwise-and.js [sloppy]
#        14  the construct Sequence  e.g. test/language/expressions/assignment/fn-name-cover.js [sloppy]
#        13  the construct Instanceof  e.g. test/language/expressions/instanceof/S11.8.6_A2.1_T1.js [sloppy]
#        10  the construct Exponentiation  e.g. test/built-ins/Map/valid-keys.js [sloppy]
#        10  the construct In  e.g. test/language/eval-code/indirect/var-env-var-strict.js [sloppy]
#         2  the construct Debugger  e.g. test/language/statements/debugger/statement.js [sloppy]
# no variant spent an allowance
# failure classification over 1621 failing variant(s)
#   by kind: 2 distinct, 1621 variants
#        1619  the front end refused a source this manifest admits  e.g. test/annexB/language/comments/multi-line-html-close.js [sloppy]
#           2  a declared runtime-phase SyntaxError was not raised  e.g. test/language/global-code/decl-lex-restricted-global.js [sloppy]
#   by area: 142 distinct, 1621 variants
#         219  test/built-ins/Array/prototype  e.g. test/built-ins/Array/prototype/concat/S15.4.4.4_A3_T1.js [sloppy]
#         128  test/language/statements/await-using  e.g. test/language/statements/await-using/Symbol.asyncDispose-getter.js [sloppy]
#         119  test/language/statements/with  e.g. test/language/statements/with/S12.10_A1.10_T1.js [sloppy]
#          90  test/language/statements/using  e.g. test/language/statements/using/Symbol.dispose-getter.js [sloppy]
#          58  test/language/expressions/class  e.g. test/language/expressions/class/async-gen-method-static/yield-star-next-non-object-ignores-then.js [sloppy]
#          58  test/language/statements/class  e.g. test/language/statements/class/async-gen-method-static/yield-star-next-non-object-ignores-then.js [sloppy]
#          55  test/language/expressions/assignment  e.g. test/language/expressions/assignment/dstr/ident-name-prop-name-literal-break-escaped.js [sloppy]
#          53  test/staging/explicit-resource-management  e.g. test/staging/explicit-resource-management/async-disposal-from-sync-method-returning-a-promise.js [sloppy]
#          42  test/built-ins/String/prototype  e.g. test/built-ins/String/prototype/matchAll/regexp-prototype-matchAll-throws.js [sloppy]
#          34  test/built-ins/Object/create  e.g. test/built-ins/Object/create/15.2.3.5-4-117.js [sloppy]
#          28  test/built-ins/Math/pow  e.g. test/built-ins/Math/pow/applying-the-exp-operator_A1.js [sloppy]
#          28  test/built-ins/TypedArray/prototype  e.g. test/built-ins/TypedArray/prototype/sort/BigInt/sortcompare-with-no-tostring.js [sloppy]
#          28  test/built-ins/TypedArrayConstructors/internals  e.g. test/built-ins/TypedArrayConstructors/internals/Get/BigInt/key-is-not-numeric-index.js [sloppy]
#          28  test/language/expressions/exponentiation  e.g. test/language/expressions/exponentiation/applying-the-exp-operator_A1.js [sloppy]
#          23  test/language/expressions/object  e.g. test/language/expressions/object/dstr/async-gen-meth-ary-ptrn-elem-id-iter-val-array-prototype.js [sloppy]
#          20  test/built-ins/RegExp/prototype  e.g. test/built-ins/RegExp/prototype/S15.10.6_A1_T2.js [sloppy]
#          19  test/language/types/number  e.g. test/language/types/number/S8.5_A12.1.js [sloppy]
#          18  test/language/statements/function  e.g. test/language/statements/function/S13.2.1_A1_T1.js [sloppy]
#          16  test/language/expressions/async-generator  e.g. test/language/expressions/async-generator/dstr/ary-ptrn-elem-id-iter-val-array-prototype.js [sloppy]
#          16  test/language/statements/variable  e.g. test/language/statements/variable/12.2.1-10-s.js [sloppy]
#          15  test/language/statements/for-of  e.g. test/language/statements/for-of/dstr/const-ary-ptrn-elem-id-iter-val-array-prototype.js [sloppy]
#          14  test/built-ins/Array  e.g. test/built-ins/Array/S15.4.1_A1.1_T1.js [sloppy]
#          14  test/built-ins/Date  e.g. test/built-ins/Date/S15.9.3.1_A3_T1.2.js [sloppy]
#          14  test/language/expressions/logical-assignment  e.g. test/language/expressions/logical-assignment/lgcl-and-assignment-operator.js [sloppy]
#          14  test/staging/sm/Set  e.g. test/staging/sm/Set/difference.js [sloppy]
#         117  further row(s) not printed here; every one of them is in the report
#   by declared feature (728 of 1621 failing variants declare one; a variant with two is in two rows): 38 distinct, 1384 taggings over 728 variants
#         278  explicit-resource-management  e.g. test/language/statements/await-using/Symbol.asyncDispose-getter.js [sloppy]
#         188  Symbol.iterator  e.g. test/language/expressions/arrow-function/dstr/ary-ptrn-elem-id-iter-val-array-prototype.js [sloppy]
#         184  generators  e.g. test/language/expressions/arrow-function/dstr/ary-ptrn-elem-id-iter-val-array-prototype.js [sloppy]
#         124  destructuring-binding  e.g. test/language/expressions/arrow-function/dstr/ary-ptrn-elem-id-iter-val-array-prototype.js [sloppy]
#          80  async-iteration  e.g. test/language/expressions/async-generator/dstr/ary-ptrn-elem-id-iter-val-array-prototype.js [sloppy]
#          56  TypedArray  e.g. test/built-ins/TypedArray/prototype/sort/BigInt/sortcompare-with-no-tostring.js [sloppy]
#          52  class  e.g. test/language/expressions/class/dstr/async-private-gen-meth-ary-ptrn-elem-id-iter-val-array-prototype.js [sloppy]
#          46  default-parameters  e.g. test/language/expressions/arrow-function/dstr/dflt-ary-ptrn-elem-id-iter-val-array-prototype.js [sloppy]
#          45  destructuring-assignment  e.g. test/language/expressions/assignment/dstr/ident-name-prop-name-literal-break-escaped.js [sloppy]
#          32  BigInt  e.g. test/built-ins/JSON/stringify/value-bigint-tojson.js [sloppy]
#          28  class-methods-private  e.g. test/language/expressions/class/dstr/async-private-gen-meth-ary-ptrn-elem-id-iter-val-array-prototype.js [sloppy]
#          28  class-static-methods-private  e.g. test/language/expressions/class/dstr/async-private-gen-meth-static-ary-ptrn-elem-id-iter-val-array-prototype.js [sloppy]
#          26  Symbol.unscopables  e.g. test/language/expressions/arrow-function/unscopables-with-in-nested-fn.js [sloppy]
#          26  exponentiation  e.g. test/language/expressions/exponentiation/applying-the-exp-operator_A1.js [sloppy]
#          24  Reflect  e.g. test/built-ins/TypedArrayConstructors/internals/HasProperty/BigInt/inherited-property.js [sloppy]
#          24  Symbol.asyncIterator  e.g. test/language/expressions/async-generator/named-yield-star-next-non-object-ignores-then.js [sloppy]
#          24  globalThis  e.g. test/language/expressions/arrow-function/unscopables-with-in-nested-fn.js [sloppy]
#          16  align-detached-buffer-semantics-with-web-reality  e.g. test/built-ins/TypedArrayConstructors/internals/Get/BigInt/key-is-not-numeric-index.js [sloppy]
#          16  class-static-block  e.g. test/language/expressions/class/static-init-await-reference.js [sloppy]
#          14  logical-assignment-operators  e.g. test/language/expressions/logical-assignment/lgcl-and-assignment-operator.js [sloppy]
#          12  coalesce-expression  e.g. test/language/expressions/coalesce/chainable-if-parenthesis-covered-logical-and.js [sloppy]
#           8  async-functions  e.g. test/language/expressions/async-arrow-function/unscopables-with-in-nested-fn.js [sloppy]
#           8  dynamic-import  e.g. test/language/expressions/dynamic-import/assignment-expression/arrow-function.js [sloppy]
#           6  Symbol  e.g. test/built-ins/Promise/prototype/catch/this-value-obj-coercible.js [sloppy]
#           6  arrow-function  e.g. test/built-ins/Promise/all/resolve-not-callable-reject-with-typeerror.js [sloppy]
#          13  further row(s) not printed here; every one of them is in the report
# test262 53469 files, 101723 variants: pass 1659, fail 1621, unsupported 97290, exhausted 0, skipped 1153
coverage whole
# the whole-run report is /tmp/broiler-js-rc-slice-bytecode-v670idv0/test262.report
# the machine-readable report is /tmp/broiler-js-rc-slice-bytecode-v670idv0/test262.json
# this run may be retained: pinned, whole, and its verdicts account for it
exit code: 1
