# test262 tc39/test262 at ccaac100ff49d81e9ff47a75ff4c60e0bd3f262e
# 56560 files, content 46d54f57ae3a4803c6ebc5f4625dd4b417254ed65058836732f182801e1cfe93 - the checkout answers to test262.pin
# manifest broiler.javascript.wide; form bytecode; declined (none)
# 16 shards across 4 processes, 100000000 fuel and 5000 ms per variant
# retaining every shard's transcript under /tmp/broiler-js-rc-wide-bytecode-pw4y0rpp
--- shard 2 of 16 exited 1; /tmp/broiler-js-rc-wide-bytecode-pw4y0rpp/logs/shard-0002.log
--- shard 0 of 16 exited 1; /tmp/broiler-js-rc-wide-bytecode-pw4y0rpp/logs/shard-0000.log
--- shard 3 of 16 exited 1; /tmp/broiler-js-rc-wide-bytecode-pw4y0rpp/logs/shard-0003.log
--- shard 1 of 16 exited 0; /tmp/broiler-js-rc-wide-bytecode-pw4y0rpp/logs/shard-0001.log
--- shard 4 of 16 exited 1; /tmp/broiler-js-rc-wide-bytecode-pw4y0rpp/logs/shard-0004.log
--- shard 7 of 16 exited 1; /tmp/broiler-js-rc-wide-bytecode-pw4y0rpp/logs/shard-0007.log
--- shard 5 of 16 exited 1; /tmp/broiler-js-rc-wide-bytecode-pw4y0rpp/logs/shard-0005.log
--- shard 6 of 16 exited 1; /tmp/broiler-js-rc-wide-bytecode-pw4y0rpp/logs/shard-0006.log
--- shard 9 of 16 exited 1; /tmp/broiler-js-rc-wide-bytecode-pw4y0rpp/logs/shard-0009.log
--- shard 8 of 16 exited 1; /tmp/broiler-js-rc-wide-bytecode-pw4y0rpp/logs/shard-0008.log
--- shard 11 of 16 exited 1; /tmp/broiler-js-rc-wide-bytecode-pw4y0rpp/logs/shard-0011.log
--- shard 10 of 16 exited 1; /tmp/broiler-js-rc-wide-bytecode-pw4y0rpp/logs/shard-0010.log
--- shard 13 of 16 exited 1; /tmp/broiler-js-rc-wide-bytecode-pw4y0rpp/logs/shard-0013.log
--- shard 12 of 16 exited 1; /tmp/broiler-js-rc-wide-bytecode-pw4y0rpp/logs/shard-0012.log
--- shard 14 of 16 exited 1; /tmp/broiler-js-rc-wide-bytecode-pw4y0rpp/logs/shard-0014.log
--- shard 15 of 16 exited 1; /tmp/broiler-js-rc-wide-bytecode-pw4y0rpp/logs/shard-0015.log
json /tmp/broiler-js-rc-wide-bytecode-pw4y0rpp/test262.json
broiler-js-conformance: merged 16 test262 shard report(s)
edition ECMA-262 ES2026 (tc39/ecma262@0248456c758431e4bb8e5d26333ff1865123c9cd, spec.html sha256 ce7bc30174061fd8d212270b81cf6511661180c1e174f6911d10ced0581527b0) - archived at src/Broiler.VM.Profile.JavaScript/docs/specification/ecma-262-es2026-spec.html
suite test262@46d54f57ae3a4803c6ebc5f4625dd4b417254ed65058836732f182801e1cfe93
manifest broiler.javascript.wide at format version 2; harness loaded; admitted surfaces broiler.javascript.bigint, broiler.javascript.binary, broiler.javascript.dynamic, broiler.javascript.intl, broiler.javascript.modules, broiler.javascript.native, broiler.javascript.shadowrealm, broiler.javascript.shared, broiler.javascript.temporal; declined (none)
partition FNV-1a over the normalized suite-relative path, modulo the shard count, one whole file per shard; merged from 16 shards
selection candidates=53469 selected=53469 merged=53469
# this run met no construct outside the manifest
# exhausted dimensions: 5 distinct, 45 variants
#        22  Fuel  e.g. test/built-ins/decodeURI/S15.1.3.1_A2.5_T1.js [sloppy]
#        18  NestedLoadFanOut  e.g. test/annexB/built-ins/RegExp/RegExp-leading-escape-BMP.js [sloppy]
#         2  NestedLoadBytes  e.g. test/staging/sm/RegExp/unicode-class-braced.js [sloppy]
#         2  WallClock  e.g. test/staging/sm/regress/regress-610026.js [sloppy]
#         1  LiveBytes  e.g. test/built-ins/Atomics/waitAsync/no-spurious-wakeup-on-add.js [strict]
# exhausted test/annexB/built-ins/RegExp/RegExp-leading-escape-BMP.js [sloppy] on NestedLoadFanOut
# exhausted test/annexB/built-ins/RegExp/RegExp-leading-escape-BMP.js [strict] on NestedLoadFanOut
# exhausted test/annexB/built-ins/RegExp/RegExp-trailing-escape-BMP.js [sloppy] on NestedLoadFanOut
# exhausted test/annexB/built-ins/RegExp/RegExp-trailing-escape-BMP.js [strict] on NestedLoadFanOut
# exhausted test/built-ins/Atomics/waitAsync/no-spurious-wakeup-on-add.js [strict] on LiveBytes
# exhausted test/built-ins/decodeURI/S15.1.3.1_A2.5_T1.js [sloppy] on Fuel
# exhausted test/built-ins/decodeURI/S15.1.3.1_A2.5_T1.js [strict] on Fuel
# exhausted test/built-ins/decodeURIComponent/S15.1.3.2_A2.5_T1.js [sloppy] on Fuel
# exhausted test/built-ins/decodeURIComponent/S15.1.3.2_A2.5_T1.js [strict] on Fuel
# exhausted test/language/comments/S7.4_A5.js [sloppy] on NestedLoadFanOut
# exhausted test/language/comments/S7.4_A5.js [strict] on NestedLoadFanOut
# exhausted test/language/comments/S7.4_A6.js [sloppy] on NestedLoadFanOut
# exhausted test/language/comments/S7.4_A6.js [strict] on NestedLoadFanOut
# exhausted test/language/literals/regexp/S7.8.5_A1.1_T2.js [sloppy] on NestedLoadFanOut
# exhausted test/language/literals/regexp/S7.8.5_A1.1_T2.js [strict] on NestedLoadFanOut
# exhausted test/language/literals/regexp/S7.8.5_A1.4_T2.js [sloppy] on NestedLoadFanOut
# exhausted test/language/literals/regexp/S7.8.5_A1.4_T2.js [strict] on NestedLoadFanOut
# exhausted test/language/literals/regexp/S7.8.5_A2.1_T2.js [sloppy] on NestedLoadFanOut
# exhausted test/language/literals/regexp/S7.8.5_A2.1_T2.js [strict] on NestedLoadFanOut
# exhausted test/language/literals/regexp/S7.8.5_A2.4_T2.js [sloppy] on NestedLoadFanOut
# exhausted test/language/literals/regexp/S7.8.5_A2.4_T2.js [strict] on NestedLoadFanOut
# exhausted test/staging/sm/Date/dst-offset-caching-1-of-8.js [sloppy] on Fuel
# exhausted test/staging/sm/Date/dst-offset-caching-1-of-8.js [strict] on Fuel
# exhausted test/staging/sm/Date/dst-offset-caching-2-of-8.js [sloppy] on Fuel
# exhausted test/staging/sm/Date/dst-offset-caching-2-of-8.js [strict] on Fuel
# exhausted test/staging/sm/Date/dst-offset-caching-3-of-8.js [sloppy] on Fuel
# exhausted test/staging/sm/Date/dst-offset-caching-3-of-8.js [strict] on Fuel
# exhausted test/staging/sm/Date/dst-offset-caching-4-of-8.js [sloppy] on Fuel
# exhausted test/staging/sm/Date/dst-offset-caching-4-of-8.js [strict] on Fuel
# exhausted test/staging/sm/Date/dst-offset-caching-5-of-8.js [sloppy] on Fuel
# exhausted test/staging/sm/Date/dst-offset-caching-5-of-8.js [strict] on Fuel
# exhausted test/staging/sm/Date/dst-offset-caching-6-of-8.js [sloppy] on Fuel
# exhausted test/staging/sm/Date/dst-offset-caching-6-of-8.js [strict] on Fuel
# exhausted test/staging/sm/Date/dst-offset-caching-7-of-8.js [sloppy] on Fuel
# exhausted test/staging/sm/Date/dst-offset-caching-7-of-8.js [strict] on Fuel
# exhausted test/staging/sm/Date/dst-offset-caching-8-of-8.js [sloppy] on Fuel
# exhausted test/staging/sm/Date/dst-offset-caching-8-of-8.js [strict] on Fuel
# exhausted test/staging/sm/RegExp/unicode-class-braced.js [sloppy] on NestedLoadBytes
# exhausted test/staging/sm/RegExp/unicode-class-braced.js [strict] on NestedLoadBytes
# exhausted test/staging/sm/TypedArray/sort_large_countingsort.js [sloppy] on Fuel
# exhausted test/staging/sm/TypedArray/sort_large_countingsort.js [strict] on Fuel
# exhausted test/staging/sm/class/newTargetEval.js [sloppy] on NestedLoadFanOut
# exhausted test/staging/sm/class/newTargetEval.js [strict] on NestedLoadFanOut
# exhausted test/staging/sm/regress/regress-610026.js [sloppy] on WallClock
# exhausted test/staging/sm/regress/regress-610026.js [strict] on WallClock
# failure classification over 158 failing variant(s)
#   by kind: 6 distinct, 158 variants
#         131  an uncaught Test262Error  e.g. test/intl402/Collator/prototype/resolvedOptions/ignorePunctuation-default.js [sloppy]
#          10  an uncaught TypeError  e.g. test/staging/built-ins/Object/preventExtensions/preventExtensions-variable-length-typed-arrays.js [sloppy]
#          10  the front end refused a source this manifest admits  e.g. test/language/statements/function/S13.2.1_A1_T1.js [sloppy]
#           4  an uncaught Error  e.g. test/staging/sm/Math/expm1-approx.js [sloppy]
#           2  an uncaught SyntaxError  e.g. test/staging/sm/async-functions/await-in-arrow-parameters.js [sloppy]
#           1  a declared runtime-phase ReferenceError was not raised  e.g. test/language/identifier-resolution/assign-to-global-undefined.js [strict]
#   by area: 31 distinct, 158 variants
#          42  test/intl402/NumberFormat/prototype  e.g. test/intl402/NumberFormat/prototype/format/engineering-scientific-zh-TW.js [sloppy]
#          12  test/intl402/RelativeTimeFormat/prototype  e.g. test/intl402/RelativeTimeFormat/prototype/format/pl-pl-style-long.js [sloppy]
#          12  test/staging/sm/RegExp  e.g. test/staging/sm/RegExp/7.8.5-01.js [sloppy]
#          10  test/intl402/DateTimeFormat/prototype  e.g. test/intl402/DateTimeFormat/prototype/format/numbering-system.js [sloppy]
#           9  test/staging/sm/class  e.g. test/staging/sm/class/boundFunctionSubclassing.js [sloppy]
#           8  test/intl402/ListFormat/prototype  e.g. test/intl402/ListFormat/prototype/format/es-es-long.js [sloppy]
#           6  test/staging/sm/Set  e.g. test/staging/sm/Set/difference.js [sloppy]
#           6  test/staging/sm/statements  e.g. test/staging/sm/statements/arrow-function-in-for-statement-head.js [sloppy]
#           4  test/intl402/Collator/prototype  e.g. test/intl402/Collator/prototype/resolvedOptions/ignorePunctuation-default.js [sloppy]
#           4  test/intl402/PluralRules/prototype  e.g. test/intl402/PluralRules/prototype/resolvedOptions/plural-categories-order.js [sloppy]
#           4  test/intl402/Segmenter/constructor  e.g. test/intl402/Segmenter/constructor/constructor/locales-valid.js [sloppy]
#           4  test/staging/built-ins/Object  e.g. test/staging/built-ins/Object/preventExtensions/preventExtensions-variable-length-typed-arrays.js [sloppy]
#           4  test/staging/sm/Function  e.g. test/staging/sm/Function/constructor-binding.js [sloppy]
#           4  test/staging/sm/Math  e.g. test/staging/sm/Math/expm1-approx.js [sloppy]
#           2  test/intl402/DurationFormat/supportedLocalesOf  e.g. test/intl402/DurationFormat/supportedLocalesOf/locales-specific.js [sloppy]
#           2  test/language/expressions/object  e.g. test/language/expressions/object/dstr/object-rest-proxy-gopd-not-called-on-excluded-keys.js [sloppy]
#           2  test/language/statements/function  e.g. test/language/statements/function/S13.2.1_A1_T1.js [sloppy]
#           2  test/staging/built-ins/Reflect  e.g. test/staging/built-ins/Reflect/preventExtensions/preventExtensions-variable-length-typed-arrays.js [sloppy]
#           2  test/staging/sm/Date  e.g. test/staging/sm/Date/non-iso.js [sloppy]
#           2  test/staging/sm/Error  e.g. test/staging/sm/Error/constructor-ordering.js [sloppy]
#           2  test/staging/sm/Map  e.g. test/staging/sm/Map/iterable.js [sloppy]
#           2  test/staging/sm/Reflect  e.g. test/staging/sm/Reflect/argumentsList.js [sloppy]
#           2  test/staging/sm/String  e.g. test/staging/sm/String/string-upper-lower-mapping.js [sloppy]
#           2  test/staging/sm/async-functions  e.g. test/staging/sm/async-functions/await-in-arrow-parameters.js [sloppy]
#           2  test/staging/sm/expressions  e.g. test/staging/sm/expressions/destructuring-pattern-parenthesized.js [sloppy]
#           6  further row(s) not printed here; every one of them is in the report
#   by declared feature (81 of 158 failing variants declare one; a variant with two is in two rows): 15 distinct, 101 taggings over 81 variants
#          40  Intl.NumberFormat-unified  e.g. test/intl402/NumberFormat/prototype/format/engineering-scientific-zh-TW.js [sloppy]
#          12  Intl.RelativeTimeFormat  e.g. test/intl402/RelativeTimeFormat/prototype/format/pl-pl-style-long.js [sloppy]
#           8  Intl.ListFormat  e.g. test/intl402/ListFormat/prototype/format/es-es-long.js [sloppy]
#           6  ArrayBuffer  e.g. test/staging/built-ins/Object/preventExtensions/preventExtensions-variable-length-typed-arrays.js [sloppy]
#           6  SharedArrayBuffer  e.g. test/staging/built-ins/Object/preventExtensions/preventExtensions-variable-length-typed-arrays.js [sloppy]
#           6  resizable-arraybuffer  e.g. test/staging/built-ins/Object/preventExtensions/preventExtensions-variable-length-typed-arrays.js [sloppy]
#           4  Array.prototype.includes  e.g. test/intl402/DateTimeFormat/prototype/format/related-year-zh.js [sloppy]
#           4  Intl.Segmenter  e.g. test/intl402/Segmenter/constructor/constructor/locales-valid.js [sloppy]
#           3  Proxy  e.g. test/language/destructuring/binding/keyed-destructuring-property-reference-target-evaluation-order-with-bindings.js [sloppy]
#           2  Intl.DurationFormat  e.g. test/intl402/DurationFormat/supportedLocalesOf/locales-specific.js [sloppy]
#           2  Symbol  e.g. test/language/expressions/object/dstr/object-rest-proxy-gopd-not-called-on-excluded-keys.js [sloppy]
#           2  Temporal  e.g. test/intl402/DateTimeFormat/prototype/format/temporal-objects-no-time-clip-non-latin-numerals.js [sloppy]
#           2  class  e.g. test/staging/sm/expressions/destructuring-pattern-parenthesized.js [sloppy]
#           2  destructuring-binding  e.g. test/language/expressions/object/dstr/object-rest-proxy-gopd-not-called-on-excluded-keys.js [sloppy]
#           2  object-rest  e.g. test/language/expressions/object/dstr/object-rest-proxy-gopd-not-called-on-excluded-keys.js [sloppy]
# test262 53469 files, 101723 variants: pass 100367, fail 158, unsupported 0, exhausted 45, skipped 1153
coverage whole
# the whole-run report is /tmp/broiler-js-rc-wide-bytecode-pw4y0rpp/test262.report
# the machine-readable report is /tmp/broiler-js-rc-wide-bytecode-pw4y0rpp/test262.json
# this run may be retained: pinned, whole, and its verdicts account for it
broiler-js-conformance: the test262 floor holds at test262@46d54f57ae3a4803c6ebc5f4625dd4b417254ed65058836732f182801e1cfe93 under broiler.javascript.wide: test262 53469 files, 101723 variants: pass 100367, fail 158, unsupported 0, exhausted 45, skipped 1153
exit code: 1
