=== FUZZ: 250000 iterations per seed, seeds 1, 2, 3, 4, 5, 6, 7, 8 ===
--- seed 1 exit=0 ---
Broiler.VM fuzz target: 250000 iterations, seed 1, 87 seed artifacts.
No counterexample found. Outcome histogram:
  InvalidArtifact: 242475
  Normal: 2419
  ResourceExhaustion: 5106

--- seed 2 exit=0 ---
Broiler.VM fuzz target: 250000 iterations, seed 2, 87 seed artifacts.
No counterexample found. Outcome histogram:
  InvalidArtifact: 242416
  Normal: 2437
  ResourceExhaustion: 5147

--- seed 3 exit=0 ---
Broiler.VM fuzz target: 250000 iterations, seed 3, 87 seed artifacts.
No counterexample found. Outcome histogram:
  InvalidArtifact: 242426
  Normal: 2420
  ResourceExhaustion: 5154

--- seed 4 exit=0 ---
Broiler.VM fuzz target: 250000 iterations, seed 4, 87 seed artifacts.
No counterexample found. Outcome histogram:
  InvalidArtifact: 242494
  Normal: 2373
  ResourceExhaustion: 5133

--- seed 5 exit=0 ---
Broiler.VM fuzz target: 250000 iterations, seed 5, 87 seed artifacts.
No counterexample found. Outcome histogram:
  InvalidArtifact: 242350
  Normal: 2489
  ResourceExhaustion: 5161

--- seed 6 exit=0 ---
Broiler.VM fuzz target: 250000 iterations, seed 6, 87 seed artifacts.
No counterexample found. Outcome histogram:
  InvalidArtifact: 242301
  Normal: 2443
  ResourceExhaustion: 5256

--- seed 7 exit=0 ---
Broiler.VM fuzz target: 250000 iterations, seed 7, 87 seed artifacts.
No counterexample found. Outcome histogram:
  InvalidArtifact: 242335
  Normal: 2551
  ResourceExhaustion: 5114

--- seed 8 exit=0 ---
Broiler.VM fuzz target: 250000 iterations, seed 8, 87 seed artifacts.
No counterexample found. Outcome histogram:
  InvalidArtifact: 242370
  Normal: 2438
  ResourceExhaustion: 5192

sessions: 8
iterations: 2000000
sessions reporting a finding: 0
