=== SOAK: 400000 cycles across 4 workers ===

--- JIT ---
# broiler-vm-soak core-contract-version=1 cycles=400000 workers=4 sample-every=20000
# gc server=False latency=Batch
cycles heap-bytes allocated-bytes working-set-bytes gen0 gen1 gen2 elapsed-ms
0 749560 747448 26398720 0 0 0 0
29482 16130248 148296256 47534080 8 1 0 149
40312 4091288 202491976 47542272 12 1 0 181
68606 13177944 344100488 47562752 20 1 0 262
80033 4093616 401277680 47579136 24 1 0 295
102025 14820840 511364384 48058368 30 1 0 380
124260 10159224 622644440 48238592 37 1 0 464
146268 4380040 732797824 48369664 44 1 0 546
162279 1694648 812931752 48394240 49 1 0 605
184586 13943728 924564864 48619520 55 1 0 687
207013 10221784 1036806160 48717824 62 1 0 770
222290 3873968 1113261696 49057792 67 1 0 827
245030 1795816 1227101784 49283072 74 1 0 911
271751 3020368 1360835120 49307648 82 1 0 969
283374 11486800 1418998736 49328128 85 1 0 993
310982 17065032 1557182112 49356800 93 1 0 1048
326930 13998456 1637008176 49491968 98 1 0 1077
348031 3549872 1742609232 49778688 105 1 0 1110
365970 7953040 1829817856 51109888 110 1 0 1136
387485 13212024 1934410384 51167232 116 1 0 1161
400000 7782776 1995209480 51097600 120 1 0 1190
400000 304336 1995209480 51085312 122 3 2 1191 settled
# totals cycles=400000 runtimes=100 invocations=400000 suspensions=100000 resumptions=90908 cancellations=42856 refusals=0 faults=0
broiler-vm-soak: 400000 cycles completed, 21 samples retained
exit code: 0

--- TRIMMED: dotnet publish -r win-x64 ---
Determining projects to restore...
  Restored D:\Broiler.VM\src\tests\Broiler.VM.Soak.Host\Broiler.VM.Soak.Host.csproj (in 243 ms).
  Restored D:\Broiler.VM\src\Broiler.VM.Abstractions\Broiler.VM.Abstractions.csproj (in 243 ms).
  Restored D:\Broiler.VM\src\Broiler.VM.Binary\Broiler.VM.Binary.csproj (in 243 ms).
  Restored D:\Broiler.VM\src\tests\Broiler.VM.Fixtures\Broiler.VM.Fixtures.csproj (in 243 ms).
  Restored D:\Broiler.VM\src\Broiler.VM.Runtime\Broiler.VM.Runtime.csproj (in 243 ms).
  Broiler.VM.Binary -> D:\Broiler.VM\src\Broiler.VM.Binary\bin\Release\net10.0\Broiler.VM.Binary.dll
  Broiler.VM.Abstractions -> D:\Broiler.VM\src\Broiler.VM.Abstractions\bin\Release\net10.0\Broiler.VM.Abstractions.dll
  Broiler.VM.Runtime -> D:\Broiler.VM\src\Broiler.VM.Runtime\bin\Release\net10.0\Broiler.VM.Runtime.dll
  Broiler.VM.Fixtures -> D:\Broiler.VM\src\tests\Broiler.VM.Fixtures\bin\Release\net10.0\Broiler.VM.Fixtures.dll
  Broiler.VM.Soak.Host -> D:\Broiler.VM\src\tests\Broiler.VM.Soak.Host\bin\Release\net10.0\win-x64\Broiler.VM.Soak.Host.dll
  Optimizing assemblies for size. This process might take a while.
  Broiler.VM.Soak.Host -> D:\Broiler.VM\artifacts\publish-soak-trimmed\
image size: 162816 bytes
# broiler-vm-soak core-contract-version=1 cycles=400000 workers=4 sample-every=20000
# gc server=False latency=Batch
cycles heap-bytes allocated-bytes working-set-bytes gen0 gen1 gen2 elapsed-ms
0 716920 714856 27488256 0 0 0 0
24490 7801768 123447672 45764608 7 1 0 237
40151 3202944 201653816 45768704 12 1 0 331
61907 12707064 310536352 46428160 18 1 0 454
85237 13571736 427307608 46436352 25 1 0 578
103128 3753912 516863928 46563328 31 1 0 671
124322 10437816 622922816 46628864 37 1 0 766
155975 2604744 780710584 47001600 47 1 0 827
179456 978488 894854032 47124480 54 1 0 859
205056 9599152 1019286264 47304704 61 1 0 889
234541 4003336 1162616792 47489024 70 1 0 922
264252 16065448 1307048800 47607808 78 1 0 953
293090 7324504 1447231528 47669248 87 1 0 984
322900 3204464 1592130496 47677440 96 1 0 1016
351365 9089488 1730480760 47726592 104 1 0 1046
379236 12110040 1865959720 47747072 112 1 0 1077
400000 13663760 1966865456 47833088 118 1 0 1108
400000 272320 1966865456 47820800 120 3 2 1110 settled
# totals cycles=400000 runtimes=100 invocations=400000 suspensions=100000 resumptions=90908 cancellations=42856 refusals=0 faults=0
broiler-vm-soak: 400000 cycles completed, 17 samples retained
exit code: 0
