$ git apply docs/evidence/jsp-7-001/control-is-error.patch
# exit 0
$ dotnet build src/compositions/Broiler.VM.Composition.JavaScript.Cli -c Release
t.csproj]
<root>/src/Broiler.VM.Profile.JavaScript/JsRealm.RegExp.cs(2366,18): warning CS8618: Non-nullable property 'Matcher' must contain a non-null value when exiting constructor. Consider adding the 'required' modifier or declaring the property as nullable. [<root>/src/Broiler.VM.Profile.JavaScript/Broiler.VM.Profile.JavaScript.csproj]
    3 Warning(s)
    0 Error(s)

Time Elapsed 00:00:04.45
# exit 0
$ python3 eng/run-cli-acceptance.py --verbose --expected <scratch>/jsp-7.expected.txt
# judging <root>/src/compositions/Broiler.VM.Composition.JavaScript.Cli/bin/Release/net10.0/Broiler.VM.Composition.JavaScript.Cli
# over 10 command lines from artifacts/jsp-7-001/jsp-7.expected.txt
ok   runs/annex-b-string-date-and-regexp-members.js
ok   runs/html-like-comments-in-a-script.js
ok   --module refused/an-html-like-comment-in-a-module.mjs
ok   runs/a-for-in-initialiser.js
ok   runs/a-call-as-an-assignment-target.js
ok   refused/a-call-as-an-assignment-target-in-strict-code.js
FAIL runs/the-edition-members-the-realm-lacked.js: output does not contain `true,true,false,false / 1,1,symbol / function false / undefined`
       true,false,false,true / 1,1,symbol / function false / undefined
ok   runs/uint8array-base64-and-hex.js
ok   runs/a-reviver-reads-the-source-text.js
ok   runs/an-error-has-no-stack.js
# 1 of 10 command lines FAILED
# exit 1
$ git apply -R docs/evidence/jsp-7-001/control-is-error.patch
# exit 0
$ dotnet build src/compositions/Broiler.VM.Composition.JavaScript.Cli -c Release
t.csproj]
<root>/src/Broiler.VM.Profile.JavaScript/JsRealm.RegExp.cs(2366,18): warning CS8618: Non-nullable property 'Matcher' must contain a non-null value when exiting constructor. Consider adding the 'required' modifier or declaring the property as nullable. [<root>/src/Broiler.VM.Profile.JavaScript/Broiler.VM.Profile.JavaScript.csproj]
    3 Warning(s)
    0 Error(s)

Time Elapsed 00:00:04.87
# exit 0
