$ git apply docs/evidence/jsp-7-001/control-call-target-update.patch
# exit 0
$ dotnet build src/compositions/Broiler.VM.Composition.JavaScript.Cli -c Release
  Broiler.VM.Profile.JavaScript.Compiler -> <root>/src/Broiler.VM.Profile.JavaScript.Compiler/bin/Release/net10.0/Broiler.VM.Profile.JavaScript.Compiler.dll
  Broiler.VM.Composition.JavaScript.Cli -> <root>/src/compositions/Broiler.VM.Composition.JavaScript.Cli/bin/Release/net10.0/Broiler.VM.Composition.JavaScript.Cli.dll

Build succeeded.
    0 Warning(s)
    0 Error(s)

Time Elapsed 00:00:02.95
# exit 0
$ python3 eng/run-cli-acceptance.py --verbose --expected <scratch>/jsp-7.expected.txt
# judging <root>/src/compositions/Broiler.VM.Composition.JavaScript.Cli/bin/Release/net10.0/Broiler.VM.Composition.JavaScript.Cli
# over 10 command lines from artifacts/jsp-7-001/jsp-7.expected.txt
ok   runs/annex-b-string-date-and-regexp-members.js
ok   runs/html-like-comments-in-a-script.js
ok   --module refused/an-html-like-comment-in-a-module.mjs
ok   runs/a-for-in-initialiser.js
FAIL runs/a-call-as-an-assignment-target.js: exit 3, expected 0; output does not contain `ReferenceError:f / ReferenceError:f / ReferenceError:f / ReferenceError:f / ReferenceError:f`
       broiler-js: runs/a-call-as-an-assignment-target.js: 2205:InvalidAssignmentTarget at 25:17: the operand of an update operator is not a reference
ok   refused/a-call-as-an-assignment-target-in-strict-code.js
ok   runs/the-edition-members-the-realm-lacked.js
ok   runs/uint8array-base64-and-hex.js
ok   runs/a-reviver-reads-the-source-text.js
ok   runs/an-error-has-no-stack.js
# 1 of 10 command lines FAILED
# exit 1
$ git apply -R docs/evidence/jsp-7-001/control-call-target-update.patch
# exit 0
$ dotnet build src/compositions/Broiler.VM.Composition.JavaScript.Cli -c Release
cript/bin/Release/net10.0/Broiler.VM.Profile.JavaScript.dll
  Broiler.VM.Runtime -> <root>/src/Broiler.VM.Runtime/bin/Release/net10.0/Broiler.VM.Runtime.dll
  Broiler.VM.Composition.JavaScript.Cli -> <root>/src/compositions/Broiler.VM.Composition.JavaScript.Cli/bin/Release/net10.0/Broiler.VM.Composition.JavaScript.Cli.dll

Build succeeded.
    0 Warning(s)
    0 Error(s)

Time Elapsed 00:00:02.84
# exit 0
