$ dotnet <root>/src/compositions/Broiler.VM.Composition.WebAssembly.Harness/bin/Release/net10.0/Broiler.VM.Composition.WebAssembly.Harness.dll --primitives src/tests/corpus/ubc-2/primitives.txt
# module: 99 bytes, hand-encoded in this root
verification Normal/NormalCompleted
types                  1
functions              1
tables                 1
memories               1
globals                1
exports                2
element segments       1
data segments          1
custom sections        1 (skipped)
start function         -1
declares data count    False
total code bytes       6
execution bounds       computed by validation
  export[0]          "add" Function #0
  export[1]          "mem" Memory #0
  body[0]            0 locals, 6 code bytes
instantiation          Normal/NormalCompleted
invocation             Normal/NormalCompleted, add(2, 3) = 5

# retained corpus: not replayed - no --corpus <directory> was given, and the retained one is at src/tests/wasm/corpus

# execution: 166 checks
# execution: 166 of 166 checks passed
# differential: 43 checks
# differential: 43 of 43 checks passed

# primitive-differential: 123 numeric primitive rows of broiler.webassembly.slice table version 1, NaN canonicalised yes, inputs from src/tests/corpus/ubc-2/primitives.txt
# primitive-differential: 111 of 111 rows outside the control agreed
# primitive-differential control: 12 rows, the float comparisons 0x5B-0x66, against the profile's reference arms
# primitive-differential control: 12 of 12 rows agreed
broiler-wasm-harness: every check passed, core contract version 1
# exit 0
