$ git apply docs/evidence/jsp-mech-001/control-name-field.patch
# exit 0
$ dotnet build src/compositions/Broiler.VM.Composition.JavaScript.Cli -c Release
0.0/Broiler.VM.Runtime.dll
  Broiler.VM.Profile.JavaScript -> <root>/src/Broiler.VM.Profile.JavaScript/bin/Release/net10.0/Broiler.VM.Profile.JavaScript.dll
  Broiler.VM.Composition.JavaScript.Cli -> <root>/src/compositions/Broiler.VM.Composition.JavaScript.Cli/bin/Release/net10.0/Broiler.VM.Composition.JavaScript.Cli.dll

Build succeeded.
    0 Warning(s)
    0 Error(s)

Time Elapsed 00:00:04.67
# exit 0
$ python3 eng/run-cli-acceptance.py --verbose --expected <scratch>/jsp-mech.expected.txt
# judging <root>/src/compositions/Broiler.VM.Composition.JavaScript.Cli/bin/Release/net10.0/Broiler.VM.Composition.JavaScript.Cli
# over 10 command lines from artifacts/jsp-mech-001/jsp-mech.expected.txt
ok   runs/apply-reads-its-length-with-tolength.js
ok   runs/a-super-key-converted-once.js
ok   runs/delete-through-a-primitive-base.js
ok   runs/a-for-in-that-observes-deletion.js
ok   runs/a-string-object-keeps-its-own-keys.js
ok   runs/a-collection-subclass-uses-its-own-adder.js
ok   runs/a-symbol-held-weakly.js
ok   runs/function-prototype-has-instance.js
ok   runs/an-object-spread-copies-symbol-keys.js
FAIL runs/a-function-named-by-a-computed-key-or-a-field.js: output does not contain `computed / [sym] / arrow / key value / field / arrow / #hidden / shared / computed / [sym] / counted 1`
       computed / [sym] / arrow / key value /  /  /  /  / computed / [sym] / counted 1
# 1 of 10 command lines FAILED
# exit 1
$ git apply -R docs/evidence/jsp-mech-001/control-name-field.patch
# exit 0
$ dotnet build src/compositions/Broiler.VM.Composition.JavaScript.Cli -c Release
0.0/Broiler.VM.Runtime.dll
  Broiler.VM.Profile.JavaScript -> <root>/src/Broiler.VM.Profile.JavaScript/bin/Release/net10.0/Broiler.VM.Profile.JavaScript.dll
  Broiler.VM.Composition.JavaScript.Cli -> <root>/src/compositions/Broiler.VM.Composition.JavaScript.Cli/bin/Release/net10.0/Broiler.VM.Composition.JavaScript.Cli.dll

Build succeeded.
    0 Warning(s)
    0 Error(s)

Time Elapsed 00:00:04.49
# exit 0
