$ git apply docs/evidence/jsp-mech-001/control-apply-length.patch
# exit 0
$ dotnet build src/compositions/Broiler.VM.Composition.JavaScript.Cli -c Release
le.JavaScript.Compiler.dll
  Broiler.VM.Profile.JavaScript -> <root>/src/Broiler.VM.Profile.JavaScript/bin/Release/net10.0/Broiler.VM.Profile.JavaScript.dll
  Broiler.VM.Composition.JavaScript.Cli -> <root>/src/compositions/Broiler.VM.Composition.JavaScript.Cli/bin/Release/net10.0/Broiler.VM.Composition.JavaScript.Cli.dll

Build succeeded.
    0 Warning(s)
    0 Error(s)

Time Elapsed 00:00:05.28
# exit 0
$ python3 eng/run-cli-acceptance.py --verbose --expected <scratch>/jsp-mech.expected.txt
# judging <root>/src/compositions/Broiler.VM.Composition.JavaScript.Cli/bin/Release/net10.0/Broiler.VM.Composition.JavaScript.Cli
# over 10 command lines from artifacts/jsp-mech-001/jsp-mech.expected.txt
FAIL runs/apply-reads-its-length-with-tolength.js: exit 1, expected 0; output does not contain `-Infinity / 1 / 2 / RangeError`
       broiler-js: runs/apply-reads-its-length-with-tolength.js: uncaught RangeError: the argument list is longer than this profile admits
ok   runs/a-super-key-converted-once.js
ok   runs/delete-through-a-primitive-base.js
ok   runs/a-for-in-that-observes-deletion.js
ok   runs/a-string-object-keeps-its-own-keys.js
ok   runs/a-collection-subclass-uses-its-own-adder.js
ok   runs/a-symbol-held-weakly.js
ok   runs/function-prototype-has-instance.js
ok   runs/an-object-spread-copies-symbol-keys.js
ok   runs/a-function-named-by-a-computed-key-or-a-field.js
# 1 of 10 command lines FAILED
# exit 1
$ git apply -R docs/evidence/jsp-mech-001/control-apply-length.patch
# exit 0
$ dotnet build src/compositions/Broiler.VM.Composition.JavaScript.Cli -c Release
le.JavaScript.Compiler.dll
  Broiler.VM.Profile.JavaScript -> <root>/src/Broiler.VM.Profile.JavaScript/bin/Release/net10.0/Broiler.VM.Profile.JavaScript.dll
  Broiler.VM.Composition.JavaScript.Cli -> <root>/src/compositions/Broiler.VM.Composition.JavaScript.Cli/bin/Release/net10.0/Broiler.VM.Composition.JavaScript.Cli.dll

Build succeeded.
    0 Warning(s)
    0 Error(s)

Time Elapsed 00:00:05.12
# exit 0
