$ git apply docs/evidence/jsp-mech-001/control-string-order.patch
# exit 0
$ dotnet build src/compositions/Broiler.VM.Composition.JavaScript.Cli -c Release
0.0/Broiler.VM.Runtime.dll
  Broiler.VM.Profile.JavaScript -> <root>/src/Broiler.VM.Profile.JavaScript/bin/Release/net10.0/Broiler.VM.Profile.JavaScript.dll
  Broiler.VM.Composition.JavaScript.Cli -> <root>/src/compositions/Broiler.VM.Composition.JavaScript.Cli/bin/Release/net10.0/Broiler.VM.Composition.JavaScript.Cli.dll

Build succeeded.
    0 Warning(s)
    0 Error(s)

Time Elapsed 00:00:04.89
# exit 0
$ python3 eng/run-cli-acceptance.py --verbose --expected <scratch>/jsp-mech.expected.txt
# judging <root>/src/compositions/Broiler.VM.Composition.JavaScript.Cli/bin/Release/net10.0/Broiler.VM.Composition.JavaScript.Cli
# over 10 command lines from artifacts/jsp-mech-001/jsp-mech.expected.txt
ok   runs/apply-reads-its-length-with-tolength.js
ok   runs/a-super-key-converted-once.js
ok   runs/delete-through-a-primitive-base.js
ok   runs/a-for-in-that-observes-deletion.js
FAIL runs/a-string-object-keeps-its-own-keys.js: output does not contain `0,1,length / 0,1,5,7,length,x / 6 / TypeError`
       0,1,length / 0,1,length,5,7,x / 6 / TypeError
ok   runs/a-collection-subclass-uses-its-own-adder.js
ok   runs/a-symbol-held-weakly.js
ok   runs/function-prototype-has-instance.js
ok   runs/an-object-spread-copies-symbol-keys.js
ok   runs/a-function-named-by-a-computed-key-or-a-field.js
# 1 of 10 command lines FAILED
# exit 1
$ git apply -R docs/evidence/jsp-mech-001/control-string-order.patch
# exit 0
$ dotnet build src/compositions/Broiler.VM.Composition.JavaScript.Cli -c Release
VM.Profile.MachineCode.dll
  Broiler.VM.Profile.JavaScript -> <root>/src/Broiler.VM.Profile.JavaScript/bin/Release/net10.0/Broiler.VM.Profile.JavaScript.dll
  Broiler.VM.Composition.JavaScript.Cli -> <root>/src/compositions/Broiler.VM.Composition.JavaScript.Cli/bin/Release/net10.0/Broiler.VM.Composition.JavaScript.Cli.dll

Build succeeded.
    0 Warning(s)
    0 Error(s)

Time Elapsed 00:00:05.02
# exit 0
