# population B, the base run (ubc-4-001/base-run.log) against the run after (after-run.log)

[corpus] 290 members at the base, 290 after
[execution] 117 members at the base, 117 after
    (f) #18 float-comparison: 5:f32eqf32:8:3F800000f32:8:40000000: Normal/NormalCompleted i32 0
        base: float-comparison: 5:f32eqf32:8:3F800000f32:8:40000000: ProfileFault/ProfileContractViolation, no results payload
    (f) #19 float-comparison: 5:f32nef32:8:3F800000f32:8:40000000: Normal/NormalCompleted i32 1
        base: float-comparison: 5:f32nef32:8:3F800000f32:8:40000000: ProfileFault/ProfileContractViolation, no results payload
    (f) #20 float-comparison: 5:f32ltf32:8:3F800000f32:8:40000000: Normal/NormalCompleted i32 1
        base: float-comparison: 5:f32ltf32:8:3F800000f32:8:40000000: ProfileFault/ProfileContractViolation, no results payload
    (f) #21 float-comparison: 5:f32gtf32:8:3F800000f32:8:40000000: Normal/NormalCompleted i32 0
        base: float-comparison: 5:f32gtf32:8:3F800000f32:8:40000000: ProfileFault/ProfileContractViolation, no results payload
    (f) #22 float-comparison: 5:f32lef32:8:3F800000f32:8:40000000: Normal/NormalCompleted i32 1
        base: float-comparison: 5:f32lef32:8:3F800000f32:8:40000000: ProfileFault/ProfileContractViolation, no results payload
    (f) #23 float-comparison: 5:f32gef32:8:3F800000f32:8:40000000: Normal/NormalCompleted i32 0
        base: float-comparison: 5:f32gef32:8:3F800000f32:8:40000000: ProfileFault/ProfileContractViolation, no results payload
    (f) #24 float-comparison: 5:f32eqf32:8:40000000f32:8:40000000: Normal/NormalCompleted i32 1
        base: float-comparison: 5:f32eqf32:8:40000000f32:8:40000000: ProfileFault/ProfileContractViolation, no results payload
    (f) #25 float-comparison: 5:f32nef32:8:40000000f32:8:40000000: Normal/NormalCompleted i32 0
        base: float-comparison: 5:f32nef32:8:40000000f32:8:40000000: ProfileFault/ProfileContractViolation, no results payload
    (f) #26 float-comparison: 5:f32ltf32:8:40000000f32:8:40000000: Normal/NormalCompleted i32 0
        base: float-comparison: 5:f32ltf32:8:40000000f32:8:40000000: ProfileFault/ProfileContractViolation, no results payload
    (f) #27 float-comparison: 5:f32gtf32:8:40000000f32:8:40000000: Normal/NormalCompleted i32 0
        base: float-comparison: 5:f32gtf32:8:40000000f32:8:40000000: ProfileFault/ProfileContractViolation, no results payload
    (f) #28 float-comparison: 5:f32lef32:8:40000000f32:8:40000000: Normal/NormalCompleted i32 1
        base: float-comparison: 5:f32lef32:8:40000000f32:8:40000000: ProfileFault/ProfileContractViolation, no results payload
    (f) #29 float-comparison: 5:f32gef32:8:40000000f32:8:40000000: Normal/NormalCompleted i32 1
        base: float-comparison: 5:f32gef32:8:40000000f32:8:40000000: ProfileFault/ProfileContractViolation, no results payload
    (f) #30 float-comparison: 5:f32eqf32:8:FFC00000f32:8:3F800000: Normal/NormalCompleted i32 0
        base: float-comparison: 5:f32eqf32:8:FFC00000f32:8:3F800000: ProfileFault/ProfileContractViolation, no results payload
    (f) #31 float-comparison: 5:f32nef32:8:FFC00000f32:8:3F800000: Normal/NormalCompleted i32 1
        base: float-comparison: 5:f32nef32:8:FFC00000f32:8:3F800000: ProfileFault/ProfileContractViolation, no results payload
    (f) #32 float-comparison: 5:f32ltf32:8:FFC00000f32:8:3F800000: Normal/NormalCompleted i32 0
        base: float-comparison: 5:f32ltf32:8:FFC00000f32:8:3F800000: ProfileFault/ProfileContractViolation, no results payload
    (f) #33 float-comparison: 5:f32gtf32:8:FFC00000f32:8:3F800000: Normal/NormalCompleted i32 0
        base: float-comparison: 5:f32gtf32:8:FFC00000f32:8:3F800000: ProfileFault/ProfileContractViolation, no results payload
    (f) #34 float-comparison: 5:f32lef32:8:FFC00000f32:8:3F800000: Normal/NormalCompleted i32 0
        base: float-comparison: 5:f32lef32:8:FFC00000f32:8:3F800000: ProfileFault/ProfileContractViolation, no results payload
    (f) #35 float-comparison: 5:f32gef32:8:FFC00000f32:8:3F800000: Normal/NormalCompleted i32 0
        base: float-comparison: 5:f32gef32:8:FFC00000f32:8:3F800000: ProfileFault/ProfileContractViolation, no results payload
    (f) #36 float-comparison: 5:f32eqf32:8:80000000f32:8:00000000: Normal/NormalCompleted i32 1
        base: float-comparison: 5:f32eqf32:8:80000000f32:8:00000000: ProfileFault/ProfileContractViolation, no results payload
    (f) #37 float-comparison: 5:f32nef32:8:80000000f32:8:00000000: Normal/NormalCompleted i32 0
        base: float-comparison: 5:f32nef32:8:80000000f32:8:00000000: ProfileFault/ProfileContractViolation, no results payload
    (f) #38 float-comparison: 5:f32ltf32:8:80000000f32:8:00000000: Normal/NormalCompleted i32 0
        base: float-comparison: 5:f32ltf32:8:80000000f32:8:00000000: ProfileFault/ProfileContractViolation, no results payload
    (f) #39 float-comparison: 5:f32gtf32:8:80000000f32:8:00000000: Normal/NormalCompleted i32 0
        base: float-comparison: 5:f32gtf32:8:80000000f32:8:00000000: ProfileFault/ProfileContractViolation, no results payload
    (f) #40 float-comparison: 5:f32lef32:8:80000000f32:8:00000000: Normal/NormalCompleted i32 1
        base: float-comparison: 5:f32lef32:8:80000000f32:8:00000000: ProfileFault/ProfileContractViolation, no results payload
    (f) #41 float-comparison: 5:f32gef32:8:80000000f32:8:00000000: Normal/NormalCompleted i32 1
        base: float-comparison: 5:f32gef32:8:80000000f32:8:00000000: ProfileFault/ProfileContractViolation, no results payload
    (f) #42 float-comparison: 5:f64eqf64:16:3FF0000000000000f64:16:4000000000000000: Normal/NormalCompleted i32 0
        base: float-comparison: 5:f64eqf64:16:3FF0000000000000f64:16:4000000000000000: ProfileFault/ProfileContractViolation, no results payload
    (f) #43 float-comparison: 5:f64nef64:16:3FF0000000000000f64:16:4000000000000000: Normal/NormalCompleted i32 1
        base: float-comparison: 5:f64nef64:16:3FF0000000000000f64:16:4000000000000000: ProfileFault/ProfileContractViolation, no results payload
    (f) #44 float-comparison: 5:f64ltf64:16:3FF0000000000000f64:16:4000000000000000: Normal/NormalCompleted i32 1
        base: float-comparison: 5:f64ltf64:16:3FF0000000000000f64:16:4000000000000000: ProfileFault/ProfileContractViolation, no results payload
    (f) #45 float-comparison: 5:f64gtf64:16:3FF0000000000000f64:16:4000000000000000: Normal/NormalCompleted i32 0
        base: float-comparison: 5:f64gtf64:16:3FF0000000000000f64:16:4000000000000000: ProfileFault/ProfileContractViolation, no results payload
    (f) #46 float-comparison: 5:f64lef64:16:3FF0000000000000f64:16:4000000000000000: Normal/NormalCompleted i32 1
        base: float-comparison: 5:f64lef64:16:3FF0000000000000f64:16:4000000000000000: ProfileFault/ProfileContractViolation, no results payload
    (f) #47 float-comparison: 5:f64gef64:16:3FF0000000000000f64:16:4000000000000000: Normal/NormalCompleted i32 0
        base: float-comparison: 5:f64gef64:16:3FF0000000000000f64:16:4000000000000000: ProfileFault/ProfileContractViolation, no results payload
    (f) #48 float-comparison: 5:f64eqf64:16:4000000000000000f64:16:4000000000000000: Normal/NormalCompleted i32 1
        base: float-comparison: 5:f64eqf64:16:4000000000000000f64:16:4000000000000000: ProfileFault/ProfileContractViolation, no results payload
    (f) #49 float-comparison: 5:f64nef64:16:4000000000000000f64:16:4000000000000000: Normal/NormalCompleted i32 0
        base: float-comparison: 5:f64nef64:16:4000000000000000f64:16:4000000000000000: ProfileFault/ProfileContractViolation, no results payload
    (f) #50 float-comparison: 5:f64ltf64:16:4000000000000000f64:16:4000000000000000: Normal/NormalCompleted i32 0
        base: float-comparison: 5:f64ltf64:16:4000000000000000f64:16:4000000000000000: ProfileFault/ProfileContractViolation, no results payload
    (f) #51 float-comparison: 5:f64gtf64:16:4000000000000000f64:16:4000000000000000: Normal/NormalCompleted i32 0
        base: float-comparison: 5:f64gtf64:16:4000000000000000f64:16:4000000000000000: ProfileFault/ProfileContractViolation, no results payload
    (f) #52 float-comparison: 5:f64lef64:16:4000000000000000f64:16:4000000000000000: Normal/NormalCompleted i32 1
        base: float-comparison: 5:f64lef64:16:4000000000000000f64:16:4000000000000000: ProfileFault/ProfileContractViolation, no results payload
    (f) #53 float-comparison: 5:f64gef64:16:4000000000000000f64:16:4000000000000000: Normal/NormalCompleted i32 1
        base: float-comparison: 5:f64gef64:16:4000000000000000f64:16:4000000000000000: ProfileFault/ProfileContractViolation, no results payload
    (f) #54 float-comparison: 5:f64eqf64:16:3FF0000000000000f64:16:FFF8000000000000: Normal/NormalCompleted i32 0
        base: float-comparison: 5:f64eqf64:16:3FF0000000000000f64:16:FFF8000000000000: ProfileFault/ProfileContractViolation, no results payload
    (f) #55 float-comparison: 5:f64nef64:16:3FF0000000000000f64:16:FFF8000000000000: Normal/NormalCompleted i32 1
        base: float-comparison: 5:f64nef64:16:3FF0000000000000f64:16:FFF8000000000000: ProfileFault/ProfileContractViolation, no results payload
    (f) #56 float-comparison: 5:f64ltf64:16:3FF0000000000000f64:16:FFF8000000000000: Normal/NormalCompleted i32 0
        base: float-comparison: 5:f64ltf64:16:3FF0000000000000f64:16:FFF8000000000000: ProfileFault/ProfileContractViolation, no results payload
    (f) #57 float-comparison: 5:f64gtf64:16:3FF0000000000000f64:16:FFF8000000000000: Normal/NormalCompleted i32 0
        base: float-comparison: 5:f64gtf64:16:3FF0000000000000f64:16:FFF8000000000000: ProfileFault/ProfileContractViolation, no results payload
    (f) #58 float-comparison: 5:f64lef64:16:3FF0000000000000f64:16:FFF8000000000000: Normal/NormalCompleted i32 0
        base: float-comparison: 5:f64lef64:16:3FF0000000000000f64:16:FFF8000000000000: ProfileFault/ProfileContractViolation, no results payload
    (f) #59 float-comparison: 5:f64gef64:16:3FF0000000000000f64:16:FFF8000000000000: Normal/NormalCompleted i32 0
        base: float-comparison: 5:f64gef64:16:3FF0000000000000f64:16:FFF8000000000000: ProfileFault/ProfileContractViolation, no results payload
    (f) #60 float-comparison: 5:f64eqf64:16:8000000000000000f64:16:0000000000000000: Normal/NormalCompleted i32 1
        base: float-comparison: 5:f64eqf64:16:8000000000000000f64:16:0000000000000000: ProfileFault/ProfileContractViolation, no results payload
    (f) #61 float-comparison: 5:f64nef64:16:8000000000000000f64:16:0000000000000000: Normal/NormalCompleted i32 0
        base: float-comparison: 5:f64nef64:16:8000000000000000f64:16:0000000000000000: ProfileFault/ProfileContractViolation, no results payload
    (f) #62 float-comparison: 5:f64ltf64:16:8000000000000000f64:16:0000000000000000: Normal/NormalCompleted i32 0
        base: float-comparison: 5:f64ltf64:16:8000000000000000f64:16:0000000000000000: ProfileFault/ProfileContractViolation, no results payload
    (f) #63 float-comparison: 5:f64gtf64:16:8000000000000000f64:16:0000000000000000: Normal/NormalCompleted i32 0
        base: float-comparison: 5:f64gtf64:16:8000000000000000f64:16:0000000000000000: ProfileFault/ProfileContractViolation, no results payload
    (f) #64 float-comparison: 5:f64lef64:16:8000000000000000f64:16:0000000000000000: Normal/NormalCompleted i32 1
        base: float-comparison: 5:f64lef64:16:8000000000000000f64:16:0000000000000000: ProfileFault/ProfileContractViolation, no results payload
    (f) #65 float-comparison: 5:f64gef64:16:8000000000000000f64:16:0000000000000000: Normal/NormalCompleted i32 1
        base: float-comparison: 5:f64gef64:16:8000000000000000f64:16:0000000000000000: ProfileFault/ProfileContractViolation, no results payload
[differential] 43 members at the base, 43 after

# unchanged 402, class (f) 48, class (r) 0, outside both 0
# population A: not judged - the specification's suite is not pinned and has no reader (the owner's decision of 2026-09-25); under the rule its precondition is unmet
# the rule's decision: NOT MET - population A cannot be judged; population B differs only in class (f), retained as partial evidence named as such
