# collect-integrity: $ python eng/wasm-corpus-integrity.py --corpus <scratch> -- dotnet src/compositions/Broiler.VM.Composition.WebAssembly.Harness/bin/Release/net10.0/Broiler.VM.Composition.WebAssembly.Harness.dll --corpus <scratch>
# collect-integrity: <scratch> is a copy of src/tests/wasm/corpus made for this run
THE WEBASSEMBLY RETAINED CORPUS, CHECKED AGAINST ITS MANIFEST AND THEN MOVED.

A corpus is only evidence while the thing that reads it would notice if the bytes moved.
Three passes: the manifest's own shape, every file against its recorded digest in both
directions, and four entries flipped by one byte and required to fail the replay.

corpus:  <scratch>
replay:  dotnet src/compositions/Broiler.VM.Composition.WebAssembly.Harness/bin/Release/net10.0/Broiler.VM.Composition.WebAssembly.Harness.dll --corpus <scratch>

[manifest shape] PASS
    rows:      290
    columns:   10
    derived:   96
    recorded:  194

[hashes] PASS
    files re-hashed and matched: 290 of 290

[control-canonical-module-with-a-padded-section-length] PASS
    file:      <scratch>\control-canonical-module-with-a-padded-section-length.wasm
    mutation:  the last byte, exclusive-or 0xFF
    injected:  exit 1
    reverted:  exit 0
    noticed:   THE DIGEST ALONE - the verification answer did not move
      FAIL control-canonical-module-with-a-padded-section-length: hash MISMATCH

[preamble-wrong-magic] PASS
    file:      <scratch>\preamble-wrong-magic.wasm
    mutation:  the last byte, exclusive-or 0xFF
    injected:  exit 1
    reverted:  exit 0
    noticed:   THE DIGEST ALONE - the verification answer did not move
      FAIL preamble-wrong-magic: hash MISMATCH

[validation-an-operand-stack-underflow-in-reachable-code] PASS
    file:      <scratch>\validation-an-operand-stack-underflow-in-reachable-code.wasm
    mutation:  the last byte, exclusive-or 0xFF
    injected:  exit 1
    reverted:  exit 0
    noticed:   THE DIGEST ALONE - the verification answer did not move
      FAIL validation-an-operand-stack-underflow-in-reachable-code: hash MISMATCH

[ceiling-a-vector-length-above-the-declared-count-ceiling] PASS
    file:      <scratch>\ceiling-a-vector-length-above-the-declared-count-ceiling.wasm
    mutation:  the last byte, exclusive-or 0xFF
    injected:  exit 1
    reverted:  exit 0
    noticed:   the verification answer moved, and the digest as well
      FAIL ceiling-a-vector-length-above-the-declared-count-ceiling: hash MISMATCH; expected ResourceExhaustion/CeilingReached/0/DeclaredCount/Artifact, observed InvalidArtifact/MalformedEncoding/2201/-/-; invariant exhausts: must exhaust a named dimension, and answered InvalidArtifact/MalformedEncoding/2201/-/-

entries mutated: 4; detected: 4

# collect-integrity: exit 0

# collect-integrity: after the run the copy is identical to src/tests/wasm/corpus byte for byte
