--- fixture TRIMMED ---
  Determining projects to restore...
  Restored D:\wt\ubc-4\src\Broiler.VM.Ubc\Broiler.VM.Ubc.csproj (in 251 ms).
  Restored D:\wt\ubc-4\src\tests\Com.Example.Ledger\Com.Example.Ledger.csproj (in 251 ms).
  Restored D:\wt\ubc-4\src\tests\Com.Example.Tally\Com.Example.Tally.csproj (in 252 ms).
  Restored D:\wt\ubc-4\src\Broiler.VM.Binary\Broiler.VM.Binary.csproj (in 252 ms).
  Restored D:\wt\ubc-4\src\Broiler.VM.Emitter.Bytecode\Broiler.VM.Emitter.Bytecode.csproj (in 251 ms).
  Restored D:\wt\ubc-4\src\Broiler.VM.Abstractions\Broiler.VM.Abstractions.csproj (in 252 ms).
  Restored D:\wt\ubc-4\src\Broiler.VM.Runtime\Broiler.VM.Runtime.csproj (in 252 ms).
  Restored D:\wt\ubc-4\src\compositions\Broiler.VM.Composition.Ubc.Fixture\Broiler.VM.Composition.Ubc.Fixture.csproj (in 251 ms).
  Broiler.VM.Binary -> D:\wt\ubc-4\src\Broiler.VM.Binary\bin\Release\net10.0\Broiler.VM.Binary.dll
  Broiler.VM.Abstractions -> D:\wt\ubc-4\src\Broiler.VM.Abstractions\bin\Release\net10.0\Broiler.VM.Abstractions.dll
  Broiler.VM.Runtime -> D:\wt\ubc-4\src\Broiler.VM.Runtime\bin\Release\net10.0\Broiler.VM.Runtime.dll
  Com.Example.Ledger -> D:\wt\ubc-4\src\tests\Com.Example.Ledger\bin\Release\net10.0\Com.Example.Ledger.dll
  Broiler.VM.Ubc -> D:\wt\ubc-4\src\Broiler.VM.Ubc\bin\Release\net10.0\Broiler.VM.Ubc.dll
  Com.Example.Tally -> D:\wt\ubc-4\src\tests\Com.Example.Tally\bin\Release\net10.0\Com.Example.Tally.dll
  Broiler.VM.Emitter.Bytecode -> D:\wt\ubc-4\src\Broiler.VM.Emitter.Bytecode\bin\Release\net10.0\Broiler.VM.Emitter.Bytecode.dll
  Broiler.VM.Composition.Ubc.Fixture -> D:\wt\ubc-4\src\compositions\Broiler.VM.Composition.Ubc.Fixture\bin\Release\net10.0\win-x64\Broiler.VM.Composition.Ubc.Fixture.dll
  Optimizing assemblies for size. This process might take a while.
  Broiler.VM.Composition.Ubc.Fixture -> D:\wt\ubc-4\artifacts\publish-ubc4-fixture-trimmed\

exit 0

--- fixture NATIVE AOT: dotnet publish src/compositions/Broiler.VM.Composition.Ubc.Fixture -c Release -r win-x64 -p:PublishAot=true -p:IlcUseEnvironmentalTools=true -o artifacts\publish-ubc4-fixture-aot ---
  Determining projects to restore...
  Restored D:\wt\ubc-4\src\Broiler.VM.Abstractions\Broiler.VM.Abstractions.csproj (in 266 ms).
  Restored D:\wt\ubc-4\src\Broiler.VM.Runtime\Broiler.VM.Runtime.csproj (in 266 ms).
  Restored D:\wt\ubc-4\src\Broiler.VM.Binary\Broiler.VM.Binary.csproj (in 266 ms).
  Restored D:\wt\ubc-4\src\tests\Com.Example.Tally\Com.Example.Tally.csproj (in 266 ms).
  Restored D:\wt\ubc-4\src\Broiler.VM.Emitter.Bytecode\Broiler.VM.Emitter.Bytecode.csproj (in 266 ms).
  Restored D:\wt\ubc-4\src\tests\Com.Example.Ledger\Com.Example.Ledger.csproj (in 266 ms).
  Restored D:\wt\ubc-4\src\Broiler.VM.Ubc\Broiler.VM.Ubc.csproj (in 266 ms).
  Restored D:\wt\ubc-4\src\compositions\Broiler.VM.Composition.Ubc.Fixture\Broiler.VM.Composition.Ubc.Fixture.csproj (in 266 ms).
  Broiler.VM.Binary -> D:\wt\ubc-4\src\Broiler.VM.Binary\bin\Release\net10.0\Broiler.VM.Binary.dll
  Broiler.VM.Abstractions -> D:\wt\ubc-4\src\Broiler.VM.Abstractions\bin\Release\net10.0\Broiler.VM.Abstractions.dll
  Broiler.VM.Runtime -> D:\wt\ubc-4\src\Broiler.VM.Runtime\bin\Release\net10.0\Broiler.VM.Runtime.dll
  Broiler.VM.Ubc -> D:\wt\ubc-4\src\Broiler.VM.Ubc\bin\Release\net10.0\Broiler.VM.Ubc.dll
  Com.Example.Ledger -> D:\wt\ubc-4\src\tests\Com.Example.Ledger\bin\Release\net10.0\Com.Example.Ledger.dll
  Com.Example.Tally -> D:\wt\ubc-4\src\tests\Com.Example.Tally\bin\Release\net10.0\Com.Example.Tally.dll
  Broiler.VM.Emitter.Bytecode -> D:\wt\ubc-4\src\Broiler.VM.Emitter.Bytecode\bin\Release\net10.0\Broiler.VM.Emitter.Bytecode.dll
  Broiler.VM.Composition.Ubc.Fixture -> D:\wt\ubc-4\src\compositions\Broiler.VM.Composition.Ubc.Fixture\bin\Release\net10.0\win-x64\Broiler.VM.Composition.Ubc.Fixture.dll
  Generating native code
  Broiler.VM.Composition.Ubc.Fixture -> D:\wt\ubc-4\artifacts\publish-ubc4-fixture-aot\
Der Befehl "vswhere.exe" ist entweder falsch geschrieben oder
konnte nicht gefunden werden.

exit 0

--- execution TRIMMED ---
  Determining projects to restore...
  Restored D:\wt\ubc-4\src\Broiler.VM.Binary\Broiler.VM.Binary.csproj (in 249 ms).
  Restored D:\wt\ubc-4\src\Broiler.VM.Abstractions\Broiler.VM.Abstractions.csproj (in 249 ms).
  Restored D:\wt\ubc-4\src\Broiler.VM.Runtime\Broiler.VM.Runtime.csproj (in 249 ms).
  Restored D:\wt\ubc-4\src\Broiler.VM.Ubc\Broiler.VM.Ubc.csproj (in 249 ms).
  Restored D:\wt\ubc-4\src\Broiler.VM.Profile.WebAssembly\Broiler.VM.Profile.WebAssembly.csproj (in 249 ms).
  Restored D:\wt\ubc-4\src\Broiler.VM.Emitter.Bytecode\Broiler.VM.Emitter.Bytecode.csproj (in 249 ms).
  Restored D:\wt\ubc-4\src\compositions\Broiler.VM.Composition.WebAssembly.Execution\Broiler.VM.Composition.WebAssembly.Execution.csproj (in 249 ms).
  Broiler.VM.Binary -> D:\wt\ubc-4\src\Broiler.VM.Binary\bin\Release\net10.0\Broiler.VM.Binary.dll
  Broiler.VM.Abstractions -> D:\wt\ubc-4\src\Broiler.VM.Abstractions\bin\Release\net10.0\Broiler.VM.Abstractions.dll
  Broiler.VM.Runtime -> D:\wt\ubc-4\src\Broiler.VM.Runtime\bin\Release\net10.0\Broiler.VM.Runtime.dll
  Broiler.VM.Ubc -> D:\wt\ubc-4\src\Broiler.VM.Ubc\bin\Release\net10.0\Broiler.VM.Ubc.dll
  Broiler.VM.Emitter.Bytecode -> D:\wt\ubc-4\src\Broiler.VM.Emitter.Bytecode\bin\Release\net10.0\Broiler.VM.Emitter.Bytecode.dll
  Broiler.VM.Profile.WebAssembly -> D:\wt\ubc-4\src\Broiler.VM.Profile.WebAssembly\bin\Release\net10.0\Broiler.VM.Profile.WebAssembly.dll
  Broiler.VM.Composition.WebAssembly.Execution -> D:\wt\ubc-4\src\compositions\Broiler.VM.Composition.WebAssembly.Execution\bin\Release\net10.0\win-x64\Broiler.VM.Composition.WebAssembly.Execution.dll
  Optimizing assemblies for size. This process might take a while.
  Broiler.VM.Composition.WebAssembly.Execution -> D:\wt\ubc-4\artifacts\publish-ubc4-execution-trimmed\

exit 0

--- execution NATIVE AOT: dotnet publish src/compositions/Broiler.VM.Composition.WebAssembly.Execution -c Release -r win-x64 -p:PublishAot=true -p:IlcUseEnvironmentalTools=true -o artifacts\publish-ubc4-execution-aot ---
  Determining projects to restore...
  Restored D:\wt\ubc-4\src\Broiler.VM.Abstractions\Broiler.VM.Abstractions.csproj (in 263 ms).
  Restored D:\wt\ubc-4\src\Broiler.VM.Runtime\Broiler.VM.Runtime.csproj (in 263 ms).
  Restored D:\wt\ubc-4\src\Broiler.VM.Profile.WebAssembly\Broiler.VM.Profile.WebAssembly.csproj (in 263 ms).
  Restored D:\wt\ubc-4\src\Broiler.VM.Binary\Broiler.VM.Binary.csproj (in 263 ms).
  Restored D:\wt\ubc-4\src\Broiler.VM.Ubc\Broiler.VM.Ubc.csproj (in 263 ms).
  Restored D:\wt\ubc-4\src\compositions\Broiler.VM.Composition.WebAssembly.Execution\Broiler.VM.Composition.WebAssembly.Execution.csproj (in 263 ms).
  Restored D:\wt\ubc-4\src\Broiler.VM.Emitter.Bytecode\Broiler.VM.Emitter.Bytecode.csproj (in 263 ms).
  Broiler.VM.Binary -> D:\wt\ubc-4\src\Broiler.VM.Binary\bin\Release\net10.0\Broiler.VM.Binary.dll
  Broiler.VM.Abstractions -> D:\wt\ubc-4\src\Broiler.VM.Abstractions\bin\Release\net10.0\Broiler.VM.Abstractions.dll
  Broiler.VM.Runtime -> D:\wt\ubc-4\src\Broiler.VM.Runtime\bin\Release\net10.0\Broiler.VM.Runtime.dll
  Broiler.VM.Ubc -> D:\wt\ubc-4\src\Broiler.VM.Ubc\bin\Release\net10.0\Broiler.VM.Ubc.dll
  Broiler.VM.Emitter.Bytecode -> D:\wt\ubc-4\src\Broiler.VM.Emitter.Bytecode\bin\Release\net10.0\Broiler.VM.Emitter.Bytecode.dll
  Broiler.VM.Profile.WebAssembly -> D:\wt\ubc-4\src\Broiler.VM.Profile.WebAssembly\bin\Release\net10.0\Broiler.VM.Profile.WebAssembly.dll
  Broiler.VM.Composition.WebAssembly.Execution -> D:\wt\ubc-4\src\compositions\Broiler.VM.Composition.WebAssembly.Execution\bin\Release\net10.0\win-x64\Broiler.VM.Composition.WebAssembly.Execution.dll
  Generating native code
  Broiler.VM.Composition.WebAssembly.Execution -> D:\wt\ubc-4\artifacts\publish-ubc4-execution-aot\
Der Befehl "vswhere.exe" ist entweder falsch geschrieben oder
konnte nicht gefunden werden.

exit 0

--- harness TRIMMED ---
  Determining projects to restore...
  Restored D:\wt\ubc-4\src\Broiler.VM.Runtime\Broiler.VM.Runtime.csproj (in 250 ms).
  Restored D:\wt\ubc-4\src\Broiler.VM.Binary\Broiler.VM.Binary.csproj (in 250 ms).
  Restored D:\wt\ubc-4\src\Broiler.VM.Abstractions\Broiler.VM.Abstractions.csproj (in 250 ms).
  Restored D:\wt\ubc-4\src\Broiler.VM.Emitter.Bytecode\Broiler.VM.Emitter.Bytecode.csproj (in 250 ms).
  Restored D:\wt\ubc-4\src\Broiler.VM.Ubc\Broiler.VM.Ubc.csproj (in 250 ms).
  Restored D:\wt\ubc-4\src\Broiler.VM.Profile.WebAssembly\Broiler.VM.Profile.WebAssembly.csproj (in 250 ms).
  Restored D:\wt\ubc-4\src\compositions\Broiler.VM.Composition.WebAssembly.Harness\Broiler.VM.Composition.WebAssembly.Harness.csproj (in 250 ms).
  Broiler.VM.Binary -> D:\wt\ubc-4\src\Broiler.VM.Binary\bin\Release\net10.0\Broiler.VM.Binary.dll
  Broiler.VM.Abstractions -> D:\wt\ubc-4\src\Broiler.VM.Abstractions\bin\Release\net10.0\Broiler.VM.Abstractions.dll
  Broiler.VM.Runtime -> D:\wt\ubc-4\src\Broiler.VM.Runtime\bin\Release\net10.0\Broiler.VM.Runtime.dll
  Broiler.VM.Ubc -> D:\wt\ubc-4\src\Broiler.VM.Ubc\bin\Release\net10.0\Broiler.VM.Ubc.dll
  Broiler.VM.Emitter.Bytecode -> D:\wt\ubc-4\src\Broiler.VM.Emitter.Bytecode\bin\Release\net10.0\Broiler.VM.Emitter.Bytecode.dll
  Broiler.VM.Profile.WebAssembly -> D:\wt\ubc-4\src\Broiler.VM.Profile.WebAssembly\bin\Release\net10.0\Broiler.VM.Profile.WebAssembly.dll
  Broiler.VM.Composition.WebAssembly.Harness -> D:\wt\ubc-4\src\compositions\Broiler.VM.Composition.WebAssembly.Harness\bin\Release\net10.0\win-x64\Broiler.VM.Composition.WebAssembly.Harness.dll
  Optimizing assemblies for size. This process might take a while.
  Broiler.VM.Composition.WebAssembly.Harness -> D:\wt\ubc-4\artifacts\publish-ubc4-harness-trimmed\

exit 0

--- harness NATIVE AOT: dotnet publish src/compositions/Broiler.VM.Composition.WebAssembly.Harness -c Release -r win-x64 -p:PublishAot=true -p:IlcUseEnvironmentalTools=true -o artifacts\publish-ubc4-harness-aot ---
  Determining projects to restore...
  Restored D:\wt\ubc-4\src\Broiler.VM.Abstractions\Broiler.VM.Abstractions.csproj (in 266 ms).
  Restored D:\wt\ubc-4\src\Broiler.VM.Binary\Broiler.VM.Binary.csproj (in 266 ms).
  Restored D:\wt\ubc-4\src\Broiler.VM.Runtime\Broiler.VM.Runtime.csproj (in 266 ms).
  Restored D:\wt\ubc-4\src\Broiler.VM.Ubc\Broiler.VM.Ubc.csproj (in 266 ms).
  Restored D:\wt\ubc-4\src\Broiler.VM.Emitter.Bytecode\Broiler.VM.Emitter.Bytecode.csproj (in 266 ms).
  Restored D:\wt\ubc-4\src\Broiler.VM.Profile.WebAssembly\Broiler.VM.Profile.WebAssembly.csproj (in 266 ms).
  Restored D:\wt\ubc-4\src\compositions\Broiler.VM.Composition.WebAssembly.Harness\Broiler.VM.Composition.WebAssembly.Harness.csproj (in 266 ms).
  Broiler.VM.Binary -> D:\wt\ubc-4\src\Broiler.VM.Binary\bin\Release\net10.0\Broiler.VM.Binary.dll
  Broiler.VM.Abstractions -> D:\wt\ubc-4\src\Broiler.VM.Abstractions\bin\Release\net10.0\Broiler.VM.Abstractions.dll
  Broiler.VM.Runtime -> D:\wt\ubc-4\src\Broiler.VM.Runtime\bin\Release\net10.0\Broiler.VM.Runtime.dll
  Broiler.VM.Ubc -> D:\wt\ubc-4\src\Broiler.VM.Ubc\bin\Release\net10.0\Broiler.VM.Ubc.dll
  Broiler.VM.Emitter.Bytecode -> D:\wt\ubc-4\src\Broiler.VM.Emitter.Bytecode\bin\Release\net10.0\Broiler.VM.Emitter.Bytecode.dll
  Broiler.VM.Profile.WebAssembly -> D:\wt\ubc-4\src\Broiler.VM.Profile.WebAssembly\bin\Release\net10.0\Broiler.VM.Profile.WebAssembly.dll
  Broiler.VM.Composition.WebAssembly.Harness -> D:\wt\ubc-4\src\compositions\Broiler.VM.Composition.WebAssembly.Harness\bin\Release\net10.0\win-x64\Broiler.VM.Composition.WebAssembly.Harness.dll
  Generating native code
  Broiler.VM.Composition.WebAssembly.Harness -> D:\wt\ubc-4\artifacts\publish-ubc4-harness-aot\
Der Befehl "vswhere.exe" ist entweder falsch geschrieben oder
konnte nicht gefunden werden.

exit 0

--- polyglotcli TRIMMED ---
  Determining projects to restore...
  Restored D:\wt\ubc-4\src\Broiler.VM.Abstractions\Broiler.VM.Abstractions.csproj (in 259 ms).
  Restored D:\wt\ubc-4\src\Broiler.VM.Binary\Broiler.VM.Binary.csproj (in 259 ms).
  Restored D:\wt\ubc-4\src\Broiler.VM.Runtime\Broiler.VM.Runtime.csproj (in 259 ms).
  Restored D:\wt\ubc-4\src\Broiler.VM.Ubc\Broiler.VM.Ubc.csproj (in 259 ms).
  Restored D:\wt\ubc-4\src\Broiler.VM.Profile.JavaScript.Compiler\Broiler.VM.Profile.JavaScript.Compiler.csproj (in 259 ms).
  Restored D:\wt\ubc-4\src\Broiler.VM.Profile.JavaScript.Format\Broiler.VM.Profile.JavaScript.Format.csproj (in 259 ms).
  Restored D:\wt\ubc-4\src\Broiler.VM.Profile.JavaScript\Broiler.VM.Profile.JavaScript.csproj (in 259 ms).
  Restored D:\wt\ubc-4\src\Broiler.VM.Profile.WebAssembly\Broiler.VM.Profile.WebAssembly.csproj (in 259 ms).
  Restored D:\wt\ubc-4\src\Broiler.VM.Emitter.Bytecode\Broiler.VM.Emitter.Bytecode.csproj (in 259 ms).
  Restored D:\wt\ubc-4\src\compositions\Broiler.VM.Composition.PolyglotCli\Broiler.VM.Composition.PolyglotCli.csproj (in 259 ms).
  Broiler.VM.Binary -> D:\wt\ubc-4\src\Broiler.VM.Binary\bin\Release\net10.0\Broiler.VM.Binary.dll
  Broiler.VM.Abstractions -> D:\wt\ubc-4\src\Broiler.VM.Abstractions\bin\Release\net10.0\Broiler.VM.Abstractions.dll
  Broiler.VM.Runtime -> D:\wt\ubc-4\src\Broiler.VM.Runtime\bin\Release\net10.0\Broiler.VM.Runtime.dll
  Broiler.VM.Ubc -> D:\wt\ubc-4\src\Broiler.VM.Ubc\bin\Release\net10.0\Broiler.VM.Ubc.dll
  Broiler.VM.Emitter.Bytecode -> D:\wt\ubc-4\src\Broiler.VM.Emitter.Bytecode\bin\Release\net10.0\Broiler.VM.Emitter.Bytecode.dll
  Broiler.VM.Profile.WebAssembly -> D:\wt\ubc-4\src\Broiler.VM.Profile.WebAssembly\bin\Release\net10.0\Broiler.VM.Profile.WebAssembly.dll
  Broiler.VM.Profile.JavaScript.Format -> D:\wt\ubc-4\src\Broiler.VM.Profile.JavaScript.Format\bin\Release\net10.0\Broiler.VM.Profile.JavaScript.Format.dll
  Broiler.VM.Profile.JavaScript.Compiler -> D:\wt\ubc-4\src\Broiler.VM.Profile.JavaScript.Compiler\bin\Release\net10.0\Broiler.VM.Profile.JavaScript.Compiler.dll
  Broiler.VM.Profile.JavaScript -> D:\wt\ubc-4\src\Broiler.VM.Profile.JavaScript\bin\Release\net10.0\Broiler.VM.Profile.JavaScript.dll
  Broiler.VM.Composition.PolyglotCli -> D:\wt\ubc-4\src\compositions\Broiler.VM.Composition.PolyglotCli\bin\Release\net10.0\win-x64\Broiler.VM.Composition.PolyglotCli.dll
  Optimizing assemblies for size. This process might take a while.
  Broiler.VM.Composition.PolyglotCli -> D:\wt\ubc-4\artifacts\publish-ubc4-polyglotcli-trimmed\

exit 0

--- polyglotcli NATIVE AOT: dotnet publish src/compositions/Broiler.VM.Composition.PolyglotCli -c Release -r win-x64 -p:PublishAot=true -p:IlcUseEnvironmentalTools=true -o artifacts\publish-ubc4-polyglotcli-aot ---
  Determining projects to restore...
  Restored D:\wt\ubc-4\src\Broiler.VM.Abstractions\Broiler.VM.Abstractions.csproj (in 275 ms).
  Restored D:\wt\ubc-4\src\Broiler.VM.Profile.JavaScript.Compiler\Broiler.VM.Profile.JavaScript.Compiler.csproj (in 275 ms).
  Restored D:\wt\ubc-4\src\Broiler.VM.Ubc\Broiler.VM.Ubc.csproj (in 275 ms).
  Restored D:\wt\ubc-4\src\Broiler.VM.Runtime\Broiler.VM.Runtime.csproj (in 275 ms).
  Restored D:\wt\ubc-4\src\Broiler.VM.Binary\Broiler.VM.Binary.csproj (in 275 ms).
  Restored D:\wt\ubc-4\src\Broiler.VM.Profile.WebAssembly\Broiler.VM.Profile.WebAssembly.csproj (in 275 ms).
  Restored D:\wt\ubc-4\src\Broiler.VM.Emitter.Bytecode\Broiler.VM.Emitter.Bytecode.csproj (in 275 ms).
  Restored D:\wt\ubc-4\src\Broiler.VM.Profile.JavaScript.Format\Broiler.VM.Profile.JavaScript.Format.csproj (in 275 ms).
  Restored D:\wt\ubc-4\src\Broiler.VM.Profile.JavaScript\Broiler.VM.Profile.JavaScript.csproj (in 275 ms).
  Restored D:\wt\ubc-4\src\compositions\Broiler.VM.Composition.PolyglotCli\Broiler.VM.Composition.PolyglotCli.csproj (in 275 ms).
  Broiler.VM.Binary -> D:\wt\ubc-4\src\Broiler.VM.Binary\bin\Release\net10.0\Broiler.VM.Binary.dll
  Broiler.VM.Abstractions -> D:\wt\ubc-4\src\Broiler.VM.Abstractions\bin\Release\net10.0\Broiler.VM.Abstractions.dll
  Broiler.VM.Runtime -> D:\wt\ubc-4\src\Broiler.VM.Runtime\bin\Release\net10.0\Broiler.VM.Runtime.dll
  Broiler.VM.Ubc -> D:\wt\ubc-4\src\Broiler.VM.Ubc\bin\Release\net10.0\Broiler.VM.Ubc.dll
  Broiler.VM.Emitter.Bytecode -> D:\wt\ubc-4\src\Broiler.VM.Emitter.Bytecode\bin\Release\net10.0\Broiler.VM.Emitter.Bytecode.dll
  Broiler.VM.Profile.WebAssembly -> D:\wt\ubc-4\src\Broiler.VM.Profile.WebAssembly\bin\Release\net10.0\Broiler.VM.Profile.WebAssembly.dll
  Broiler.VM.Profile.JavaScript.Format -> D:\wt\ubc-4\src\Broiler.VM.Profile.JavaScript.Format\bin\Release\net10.0\Broiler.VM.Profile.JavaScript.Format.dll
  Broiler.VM.Profile.JavaScript.Compiler -> D:\wt\ubc-4\src\Broiler.VM.Profile.JavaScript.Compiler\bin\Release\net10.0\Broiler.VM.Profile.JavaScript.Compiler.dll
  Broiler.VM.Profile.JavaScript -> D:\wt\ubc-4\src\Broiler.VM.Profile.JavaScript\bin\Release\net10.0\Broiler.VM.Profile.JavaScript.dll
  Broiler.VM.Composition.PolyglotCli -> D:\wt\ubc-4\src\compositions\Broiler.VM.Composition.PolyglotCli\bin\Release\net10.0\win-x64\Broiler.VM.Composition.PolyglotCli.dll
  Generating native code
  Broiler.VM.Composition.PolyglotCli -> D:\wt\ubc-4\artifacts\publish-ubc4-polyglotcli-aot\
Der Befehl "vswhere.exe" ist entweder falsch geschrieben oder
konnte nicht gefunden werden.

exit 0
