# broiler-vm-bench core-contract-version=1 repetitions=7 warmup=3
# gc server=False latency=Batch processors=16
startup first-verification-ms=409.8
image process-bytes=162816 deployment-bytes=1110848 core-bytes=168448 runtime-identifier=win-x64 aot=False
  independence before runtimes-created=231 invoke-bytes=10280 asynclocal-bytes=72
headroom guest-loads-per-runtime=64 stopped-by=ResourceExhaustion/AllowanceExhausted/NestedLoadFanOut/Instance loads-per-runtime-in-lane=1 lane-iterations=300
# verify-throughput: verification of a large artifact against a raw pass over the same bytes
measurement verify-throughput unit=byte candidate-ns=603994.5 control-ns=2100.0 difference-ns=601894.5 per-byte-ns=76.2954 aa-ns=2513.5 valid=yes candidate-alloc=33688 control-alloc=0 gen0=0 gen1=0 gen2=0 iterations=200 repetitions=7
  rep verify-throughput 0 candidate-ns=609301.0 control-ns=2602.5 aa-ns=604219.0 candidate-alloc=33688 control-alloc=0
  rep verify-throughput 1 candidate-ns=601086.5 control-ns=2032.5 aa-ns=598156.0 candidate-alloc=33688 control-alloc=0
  rep verify-throughput 2 candidate-ns=592961.0 control-ns=2093.5 aa-ns=602684.0 candidate-alloc=33688 control-alloc=0
  rep verify-throughput 3 candidate-ns=607259.5 control-ns=2050.0 aa-ns=593416.0 candidate-alloc=33688 control-alloc=0
  rep verify-throughput 4 candidate-ns=605573.0 control-ns=2108.0 aa-ns=601481.0 candidate-alloc=33688 control-alloc=0
  rep verify-throughput 5 candidate-ns=603994.5 control-ns=2100.0 aa-ns=598632.0 candidate-alloc=33688 control-alloc=0
  rep verify-throughput 6 candidate-ns=597117.5 control-ns=2101.5 aa-ns=665247.5 candidate-alloc=33688 control-alloc=0
# verify-per-declared-count: verifying a four-thousand-constant pool against a two-thousand-constant one
measurement verify-per-declared-count unit=constant candidate-ns=819131.5 control-ns=348934.5 difference-ns=470197.0 per-constant-ns=235.0985 aa-ns=30298.0 valid=yes candidate-alloc=33688 control-alloc=17688 gen0=0 gen1=0 gen2=0 iterations=200 repetitions=7
  rep verify-per-declared-count 0 candidate-ns=629522.0 control-ns=297882.5 aa-ns=594214.5 candidate-alloc=33688 control-alloc=17688
  rep verify-per-declared-count 1 candidate-ns=598586.0 control-ns=307864.5 aa-ns=680213.0 candidate-alloc=33688 control-alloc=17688
  rep verify-per-declared-count 2 candidate-ns=611449.0 control-ns=323756.0 aa-ns=788833.5 candidate-alloc=33688 control-alloc=17688
  rep verify-per-declared-count 3 candidate-ns=819131.5 control-ns=348934.5 aa-ns=798152.0 candidate-alloc=33688 control-alloc=17688
  rep verify-per-declared-count 4 candidate-ns=850626.0 control-ns=358029.5 aa-ns=792006.0 candidate-alloc=33688 control-alloc=17688
  rep verify-per-declared-count 5 candidate-ns=875942.0 control-ns=408439.5 aa-ns=925198.5 candidate-alloc=33688 control-alloc=17688
  rep verify-per-declared-count 6 candidate-ns=825460.0 control-ns=435858.5 aa-ns=784777.0 candidate-alloc=33688 control-alloc=17688
# catalog-construction: building a two-profile catalog against building the same two descriptors into an array
measurement catalog-construction unit=profile candidate-ns=3518.8 control-ns=79.5 difference-ns=3439.4 per-profile-ns=1719.7000 aa-ns=254.7 valid=yes candidate-alloc=3040 control-alloc=112 gen0=0 gen1=0 gen2=0 iterations=2000 repetitions=7
  rep catalog-construction 0 candidate-ns=3572.1 control-ns=98.3 aa-ns=4393.4 candidate-alloc=3040 control-alloc=112
  rep catalog-construction 1 candidate-ns=3539.4 control-ns=81.3 aa-ns=3264.2 candidate-alloc=3040 control-alloc=112
  rep catalog-construction 2 candidate-ns=3529.4 control-ns=54.5 aa-ns=3515.2 candidate-alloc=3040 control-alloc=112
  rep catalog-construction 3 candidate-ns=3513.7 control-ns=77.7 aa-ns=3515.9 candidate-alloc=3040 control-alloc=112
  rep catalog-construction 4 candidate-ns=3510.1 control-ns=76.3 aa-ns=2715.0 candidate-alloc=3040 control-alloc=112
  rep catalog-construction 5 candidate-ns=3486.6 control-ns=79.5 aa-ns=2924.0 candidate-alloc=3040 control-alloc=112
  rep catalog-construction 6 candidate-ns=3518.8 control-ns=81.0 aa-ns=3183.3 candidate-alloc=3040 control-alloc=112
# catalog-lookup: resolving a profile by identity against comparing the same identity
measurement catalog-lookup unit=lookup candidate-ns=14.1 control-ns=6.0 difference-ns=8.0 per-lookup-ns=8.0210 aa-ns=0.1 valid=yes candidate-alloc=0 control-alloc=0 gen0=0 gen1=0 gen2=0 iterations=200000 repetitions=7
  rep catalog-lookup 0 candidate-ns=25.6 control-ns=8.4 aa-ns=25.8 candidate-alloc=0 control-alloc=0
  rep catalog-lookup 1 candidate-ns=15.8 control-ns=5.0 aa-ns=13.6 candidate-alloc=0 control-alloc=0
  rep catalog-lookup 2 candidate-ns=13.9 control-ns=4.9 aa-ns=13.8 candidate-alloc=0 control-alloc=0
  rep catalog-lookup 3 candidate-ns=14.0 control-ns=6.1 aa-ns=13.8 candidate-alloc=0 control-alloc=0
  rep catalog-lookup 4 candidate-ns=13.7 control-ns=4.9 aa-ns=19.2 candidate-alloc=0 control-alloc=0
  rep catalog-lookup 5 candidate-ns=14.1 control-ns=6.0 aa-ns=14.0 candidate-alloc=0 control-alloc=0
  rep catalog-lookup 6 candidate-ns=15.0 control-ns=6.1 aa-ns=18.1 candidate-alloc=0 control-alloc=0
# runtime-create-dispose: creating and disposing a two-profile runtime against a one-profile runtime
measurement runtime-create-dispose unit=profile candidate-ns=2606.1 control-ns=1598.7 difference-ns=1007.4 per-profile-ns=1007.4000 aa-ns=350.9 valid=yes candidate-alloc=6608 control-alloc=4792 gen0=0 gen1=0 gen2=0 iterations=2000 repetitions=7
  rep runtime-create-dispose 0 candidate-ns=4550.9 control-ns=2142.6 aa-ns=2121.8 candidate-alloc=6608 control-alloc=4792
  rep runtime-create-dispose 1 candidate-ns=2416.3 control-ns=1467.2 aa-ns=2168.2 candidate-alloc=6608 control-alloc=4792
  rep runtime-create-dispose 2 candidate-ns=2043.1 control-ns=1589.5 aa-ns=2218.9 candidate-alloc=6608 control-alloc=4792
  rep runtime-create-dispose 3 candidate-ns=2191.2 control-ns=1422.0 aa-ns=2446.7 candidate-alloc=6608 control-alloc=4792
  rep runtime-create-dispose 4 candidate-ns=3365.4 control-ns=1881.8 aa-ns=2415.6 candidate-alloc=6608 control-alloc=4792
  rep runtime-create-dispose 5 candidate-ns=2606.1 control-ns=1598.7 aa-ns=2255.2 candidate-alloc=6608 control-alloc=4792
  rep runtime-create-dispose 6 candidate-ns=3056.9 control-ns=2497.0 aa-ns=2765.5 candidate-alloc=6608 control-alloc=4792
# meter-per-instruction: one invocation with fuel charging against the same executor with charging off
measurement meter-per-instruction unit=instruction candidate-ns=30457.1 control-ns=17712.1 difference-ns=12745.0 per-instruction-ns=49.7851 aa-ns=44.5 valid=yes candidate-alloc=1552 control-alloc=1552 gen0=1 gen1=0 gen2=0 iterations=20000 repetitions=7
  rep meter-per-instruction 0 candidate-ns=41219.3 control-ns=23634.9 aa-ns=41515.6 candidate-alloc=1552 control-alloc=1552
  rep meter-per-instruction 1 candidate-ns=41577.7 control-ns=22584.9 aa-ns=42595.2 candidate-alloc=1552 control-alloc=1552
  rep meter-per-instruction 2 candidate-ns=31110.1 control-ns=18765.9 aa-ns=30412.6 candidate-alloc=1552 control-alloc=1552
  rep meter-per-instruction 3 candidate-ns=29992.5 control-ns=17501.3 aa-ns=30238.2 candidate-alloc=1552 control-alloc=1552
  rep meter-per-instruction 4 candidate-ns=30457.1 control-ns=17619.6 aa-ns=30358.5 candidate-alloc=1552 control-alloc=1552
  rep meter-per-instruction 5 candidate-ns=29971.4 control-ns=17712.1 aa-ns=29912.8 candidate-alloc=1552 control-alloc=1552
  rep meter-per-instruction 6 candidate-ns=29740.6 control-ns=17594.6 aa-ns=30605.8 candidate-alloc=1552 control-alloc=1552
# host-call: an artifact that makes one host call against the same shape without one
measurement host-call unit=call candidate-ns=1360.2 control-ns=1179.3 difference-ns=180.9 per-call-ns=180.9200 aa-ns=0.2 valid=yes candidate-alloc=1824 control-alloc=1552 gen0=2 gen1=0 gen2=0 iterations=20000 repetitions=7
  rep host-call 0 candidate-ns=1359.4 control-ns=1198.1 aa-ns=1796.4 candidate-alloc=1824 control-alloc=1552
  rep host-call 1 candidate-ns=1359.5 control-ns=1168.4 aa-ns=1339.9 candidate-alloc=1824 control-alloc=1552
  rep host-call 2 candidate-ns=1359.0 control-ns=1169.4 aa-ns=1419.1 candidate-alloc=1824 control-alloc=1552
  rep host-call 3 candidate-ns=1376.4 control-ns=1243.9 aa-ns=1360.5 candidate-alloc=1824 control-alloc=1552
  rep host-call 4 candidate-ns=1360.2 control-ns=1206.4 aa-ns=1345.3 candidate-alloc=1824 control-alloc=1552
  rep host-call 5 candidate-ns=1367.9 control-ns=1176.1 aa-ns=1343.1 candidate-alloc=1824 control-alloc=1552
  rep host-call 6 candidate-ns=1365.6 control-ns=1179.3 aa-ns=1360.9 candidate-alloc=1824 control-alloc=1552
# diagnostics-capture: building a fully identified diagnostics record against its minimal form
measurement diagnostics-capture unit=record candidate-ns=131.1 control-ns=29.8 difference-ns=101.3 per-record-ns=101.2635 aa-ns=2.1 valid=yes candidate-alloc=56 control-alloc=0 gen0=0 gen1=0 gen2=0 iterations=200000 repetitions=7
  rep diagnostics-capture 0 candidate-ns=128.6 control-ns=30.2 aa-ns=128.6 candidate-alloc=56 control-alloc=0
  rep diagnostics-capture 1 candidate-ns=151.5 control-ns=30.4 aa-ns=128.8 candidate-alloc=56 control-alloc=0
  rep diagnostics-capture 2 candidate-ns=132.0 control-ns=29.8 aa-ns=128.1 candidate-alloc=56 control-alloc=0
  rep diagnostics-capture 3 candidate-ns=131.1 control-ns=29.8 aa-ns=129.0 candidate-alloc=56 control-alloc=0
  rep diagnostics-capture 4 candidate-ns=131.0 control-ns=29.6 aa-ns=129.6 candidate-alloc=56 control-alloc=0
  rep diagnostics-capture 5 candidate-ns=130.0 control-ns=31.6 aa-ns=134.7 candidate-alloc=56 control-alloc=0
  rep diagnostics-capture 6 candidate-ns=131.4 control-ns=29.6 aa-ns=131.7 candidate-alloc=56 control-alloc=0
# guest-load-mediation: mediated guest-initiated loads against the same loads performed by the host itself
measurement guest-load-mediation unit=load candidate-ns=8898.7 control-ns=7501.7 difference-ns=1397.0 per-load-ns=1397.0000 aa-ns=74.0 valid=yes candidate-alloc=12312 control-alloc=11976 gen0=0 gen1=0 gen2=0 iterations=300 repetitions=7
  rep guest-load-mediation 0 candidate-ns=8898.7 control-ns=8088.3 aa-ns=9182.3 candidate-alloc=12312 control-alloc=11976
  rep guest-load-mediation 1 candidate-ns=9610.3 control-ns=7540.0 aa-ns=8405.7 candidate-alloc=12312 control-alloc=11976
  rep guest-load-mediation 2 candidate-ns=8416.0 control-ns=7491.3 aa-ns=8824.7 candidate-alloc=12312 control-alloc=11976
  rep guest-load-mediation 3 candidate-ns=9177.7 control-ns=7482.7 aa-ns=8393.7 candidate-alloc=12312 control-alloc=11976
  rep guest-load-mediation 4 candidate-ns=8430.0 control-ns=7501.7 aa-ns=9017.7 candidate-alloc=12312 control-alloc=11976
  rep guest-load-mediation 5 candidate-ns=9032.0 control-ns=7537.7 aa-ns=8514.0 candidate-alloc=12312 control-alloc=11976
  rep guest-load-mediation 6 candidate-ns=8842.7 control-ns=7501.0 aa-ns=8861.3 candidate-alloc=12312 control-alloc=11976
# envelope-read: projecting a typed payload out of a result against reading its category alone
measurement envelope-read unit=projection candidate-ns=19.8 control-ns=2.4 difference-ns=17.4 per-projection-ns=17.4430 aa-ns=0.2 valid=yes candidate-alloc=0 control-alloc=0 gen0=0 gen1=0 gen2=0 iterations=200000 repetitions=7
  rep envelope-read 0 candidate-ns=19.5 control-ns=2.0 aa-ns=19.1 candidate-alloc=0 control-alloc=0
  rep envelope-read 1 candidate-ns=19.8 control-ns=2.5 aa-ns=19.6 candidate-alloc=0 control-alloc=0
  rep envelope-read 2 candidate-ns=20.3 control-ns=2.3 aa-ns=20.2 candidate-alloc=0 control-alloc=0
  rep envelope-read 3 candidate-ns=19.9 control-ns=2.5 aa-ns=18.3 candidate-alloc=0 control-alloc=0
  rep envelope-read 4 candidate-ns=19.3 control-ns=2.2 aa-ns=18.6 candidate-alloc=0 control-alloc=0
  rep envelope-read 5 candidate-ns=21.1 control-ns=2.4 aa-ns=21.2 candidate-alloc=0 control-alloc=0
  rep envelope-read 6 candidate-ns=18.3 control-ns=2.4 aa-ns=20.0 candidate-alloc=0 control-alloc=0
  fan-out loads=0 mediated-ns=6680 mediated-bytes=10280 direct-ns=5822 direct-bytes=10280 mediation-ns=857 mediation-bytes=0
  fan-out loads=1 mediated-ns=8520 mediated-bytes=12312 direct-ns=7446 direct-bytes=11976 mediation-ns=1075 mediation-bytes=336
  fan-out loads=2 mediated-ns=10890 mediated-bytes=14344 direct-ns=9122 direct-bytes=13672 mediation-ns=1768 mediation-bytes=672
  fan-out loads=3 mediated-ns=13317 mediated-bytes=16384 direct-ns=13286 direct-bytes=15376 mediation-ns=32 mediation-bytes=1008
  fan-out loads=4 mediated-ns=15894 mediated-bytes=18416 direct-ns=13142 direct-bytes=17072 mediation-ns=2752 mediation-bytes=1344
  fan-out loads=6 mediated-ns=20897 mediated-bytes=22480 direct-ns=17116 direct-bytes=20464 mediation-ns=3782 mediation-bytes=2016
  fan-out loads=8 mediated-ns=26222 mediated-bytes=26552 direct-ns=19427 direct-bytes=23864 mediation-ns=6795 mediation-bytes=2688
fan-out series=0,1,2,3,4,6,8 iterations=200 note=mediation-cost-rises-with-loads-per-operation
  independence after runtimes-created=72847 invoke-bytes=10280 asynclocal-bytes=72
independence held=yes invoke-bytes=10280->10280 asynclocal-bytes=72->72 runtimes-created=72847
  plateau round=0 cycles=4000 resident-bytes=48791552 managed-bytes=304168
  plateau round=1 cycles=8000 resident-bytes=48693248 managed-bytes=304168
  plateau round=2 cycles=12000 resident-bytes=48680960 managed-bytes=304168
  plateau round=3 cycles=16000 resident-bytes=48680960 managed-bytes=304168
  plateau round=4 cycles=20000 resident-bytes=48680960 managed-bytes=304168
  plateau round=5 cycles=24000 resident-bytes=48680960 managed-bytes=304168
plateau rounds=6 cycles-per-round=4000 settled-bytes=48693248 final-bytes=48680960 growth-bytes=-12288 held=yes
# elapsed-ms=25268 measurements=10 invalid=0
broiler-vm-bench: 10 measurements, every A/A lane inside its effect
