=== FEED CONSUMER: restore from a feed, run, and roll back ===

--- pack 0.1.0-preview.1 to the feed ---
Determining projects to restore...
  Restored /home/user/Broiler.Browser/Broiler.VM/src/compositions/Broiler.VM.Composition.Workbench/Broiler.VM.Composition.Workbench.csproj (in 279 ms).
  Restored /home/user/Broiler.Browser/Broiler.VM/src/tests/Broiler.VM.Fixtures/Broiler.VM.Fixtures.csproj (in 282 ms).
  Restored /home/user/Broiler.Browser/Broiler.VM/src/tests/Broiler.VM.Soak.Host/Broiler.VM.Soak.Host.csproj (in 350 ms).
  Restored /home/user/Broiler.Browser/Broiler.VM/src/compositions/Broiler.VM.Composition.Calculator/Broiler.VM.Composition.Calculator.csproj (in 275 ms).
  Restored /home/user/Broiler.Browser/Broiler.VM/src/Broiler.VM.Runtime/Broiler.VM.Runtime.csproj (in 3 ms).
  Restored /home/user/Broiler.Browser/Broiler.VM/src/tests/Com.Example.Ledger/Com.Example.Ledger.csproj (in 4 ms).
  Restored /home/user/Broiler.Browser/Broiler.VM/src/Broiler.VM.Binary/Broiler.VM.Binary.csproj (in 2 ms).
  Restored /home/user/Broiler.Browser/Broiler.VM/src/tests/Com.Example.Calculator/Com.Example.Calculator.csproj (in 5 ms).
  Restored /home/user/Broiler.Browser/Broiler.VM/src/Broiler.VM.Abstractions/Broiler.VM.Abstractions.csproj (in 2 ms).
  5 of 14 projects are up-to-date for restore.
  Broiler.VM.Binary -> /home/user/Broiler.Browser/Broiler.VM/src/Broiler.VM.Binary/bin/Release/net10.0/Broiler.VM.Binary.dll
  Broiler.VM.Abstractions -> /home/user/Broiler.Browser/Broiler.VM/src/Broiler.VM.Abstractions/bin/Release/net10.0/Broiler.VM.Abstractions.dll
  Successfully created package '/home/user/Broiler.Browser/Broiler.VM/artifacts/feed/Broiler.VM.Binary.0.1.0-preview.1.nupkg'.
  Successfully created package '/home/user/Broiler.Browser/Broiler.VM/artifacts/feed/Broiler.VM.Binary.0.1.0-preview.1.snupkg'.
  Successfully created package '/home/user/Broiler.Browser/Broiler.VM/artifacts/feed/Broiler.VM.Abstractions.0.1.0-preview.1.nupkg'.
  Successfully created package '/home/user/Broiler.Browser/Broiler.VM/artifacts/feed/Broiler.VM.Abstractions.0.1.0-preview.1.snupkg'.
  Broiler.VM.Runtime -> /home/user/Broiler.Browser/Broiler.VM/src/Broiler.VM.Runtime/bin/Release/net10.0/Broiler.VM.Runtime.dll
  Successfully created package '/home/user/Broiler.Browser/Broiler.VM/artifacts/feed/Broiler.VM.Runtime.0.1.0-preview.1.nupkg'.
  Successfully created package '/home/user/Broiler.Browser/Broiler.VM/artifacts/feed/Broiler.VM.Runtime.0.1.0-preview.1.snupkg'.
exit code: 0

--- pack 0.1.0-preview.2 to the feed ---
Determining projects to restore...
  Restored /home/user/Broiler.Browser/Broiler.VM/src/Broiler.VM.Binary/Broiler.VM.Binary.csproj (in 326 ms).
  Restored /home/user/Broiler.Browser/Broiler.VM/src/tests/Com.Example.Ledger/Com.Example.Ledger.csproj (in 326 ms).
  Restored /home/user/Broiler.Browser/Broiler.VM/src/tests/Com.Example.Calculator/Com.Example.Calculator.csproj (in 326 ms).
  Restored /home/user/Broiler.Browser/Broiler.VM/src/Broiler.VM.Runtime/Broiler.VM.Runtime.csproj (in 326 ms).
  Restored /home/user/Broiler.Browser/Broiler.VM/src/Broiler.VM.Abstractions/Broiler.VM.Abstractions.csproj (in 4 ms).
  Restored /home/user/Broiler.Browser/Broiler.VM/src/tests/Broiler.VM.Fixtures.Host/Broiler.VM.Fixtures.Host.csproj (in 23 ms).
  Restored /home/user/Broiler.Browser/Broiler.VM/src/tests/Broiler.VM.Bench.Host/Broiler.VM.Bench.Host.csproj (in 22 ms).
  Restored /home/user/Broiler.Browser/Broiler.VM/src/compositions/Broiler.VM.Composition.Calculator/Broiler.VM.Composition.Calculator.csproj (in 7 ms).
  Restored /home/user/Broiler.Browser/Broiler.VM/src/compositions/Broiler.VM.Composition.Workbench/Broiler.VM.Composition.Workbench.csproj (in 8 ms).
  Restored /home/user/Broiler.Browser/Broiler.VM/src/tests/Broiler.VM.Fuzz.Host/Broiler.VM.Fuzz.Host.csproj (in 3 ms).
  Restored /home/user/Broiler.Browser/Broiler.VM/src/tests/Broiler.VM.Soak.Host/Broiler.VM.Soak.Host.csproj (in 6 ms).
  Restored /home/user/Broiler.Browser/Broiler.VM/src/tests/Broiler.VM.Contract.Tests/Broiler.VM.Contract.Tests.csproj (in 46 ms).
  Restored /home/user/Broiler.Browser/Broiler.VM/src/tests/Broiler.VM.Architecture.Tests/Broiler.VM.Architecture.Tests.csproj (in 42 ms).
  Restored /home/user/Broiler.Browser/Broiler.VM/src/tests/Broiler.VM.Fixtures/Broiler.VM.Fixtures.csproj (in 3 ms).
  Broiler.VM.Binary -> /home/user/Broiler.Browser/Broiler.VM/src/Broiler.VM.Binary/bin/Release/net10.0/Broiler.VM.Binary.dll
  Broiler.VM.Abstractions -> /home/user/Broiler.Browser/Broiler.VM/src/Broiler.VM.Abstractions/bin/Release/net10.0/Broiler.VM.Abstractions.dll
  Successfully created package '/home/user/Broiler.Browser/Broiler.VM/artifacts/feed/Broiler.VM.Binary.0.1.0-preview.2.nupkg'.
  Successfully created package '/home/user/Broiler.Browser/Broiler.VM/artifacts/feed/Broiler.VM.Binary.0.1.0-preview.2.snupkg'.
  Successfully created package '/home/user/Broiler.Browser/Broiler.VM/artifacts/feed/Broiler.VM.Abstractions.0.1.0-preview.2.nupkg'.
  Successfully created package '/home/user/Broiler.Browser/Broiler.VM/artifacts/feed/Broiler.VM.Abstractions.0.1.0-preview.2.snupkg'.
  Broiler.VM.Runtime -> /home/user/Broiler.Browser/Broiler.VM/src/Broiler.VM.Runtime/bin/Release/net10.0/Broiler.VM.Runtime.dll
  Successfully created package '/home/user/Broiler.Browser/Broiler.VM/artifacts/feed/Broiler.VM.Runtime.0.1.0-preview.2.nupkg'.
  Successfully created package '/home/user/Broiler.Browser/Broiler.VM/artifacts/feed/Broiler.VM.Runtime.0.1.0-preview.2.snupkg'.
exit code: 0

--- feed contents ---
Broiler.VM.Abstractions.0.1.0-preview.1.nupkg
Broiler.VM.Abstractions.0.1.0-preview.1.snupkg
Broiler.VM.Abstractions.0.1.0-preview.2.nupkg
Broiler.VM.Abstractions.0.1.0-preview.2.snupkg
Broiler.VM.Binary.0.1.0-preview.1.nupkg
Broiler.VM.Binary.0.1.0-preview.1.snupkg
Broiler.VM.Binary.0.1.0-preview.2.nupkg
Broiler.VM.Binary.0.1.0-preview.2.snupkg
Broiler.VM.Runtime.0.1.0-preview.1.nupkg
Broiler.VM.Runtime.0.1.0-preview.1.snupkg
Broiler.VM.Runtime.0.1.0-preview.2.nupkg
Broiler.VM.Runtime.0.1.0-preview.2.snupkg

--- restore and run against 0.1.0-preview.2 ---
# broiler-vm-sample core-contract-version=1
package Broiler.VM.Abstractions 0.1.0-preview.2+e8a8cb7614a3999a58f79e8e27b8e9948de1f628
package Broiler.VM.Binary 0.1.0-preview.2+e8a8cb7614a3999a58f79e8e27b8e9948de1f628
package Broiler.VM.Runtime 0.1.0-preview.2+e8a8cb7614a3999a58f79e8e27b8e9948de1f628
check counts ok 40 plus 2 steps = 42
check refuses-another-format ok InvalidArtifact/MalformedEncoding
check refuses-unknown-version ok InvalidArtifact/UnsupportedProfileFormatVersion, twice
check bounds-the-work ok ResourceExhaustion/AllowanceExhausted (Fuel/Runtime)
broiler-vm-sample: 4 checks, all from packages on a feed
exit code: 0

--- ROLL BACK and run against 0.1.0-preview.1 ---
# broiler-vm-sample core-contract-version=1
package Broiler.VM.Abstractions 0.1.0-preview.1+e8a8cb7614a3999a58f79e8e27b8e9948de1f628
package Broiler.VM.Binary 0.1.0-preview.1+e8a8cb7614a3999a58f79e8e27b8e9948de1f628
package Broiler.VM.Runtime 0.1.0-preview.1+e8a8cb7614a3999a58f79e8e27b8e9948de1f628
check counts ok 40 plus 2 steps = 42
check refuses-another-format ok InvalidArtifact/MalformedEncoding
check refuses-unknown-version ok InvalidArtifact/UnsupportedProfileFormatVersion, twice
check bounds-the-work ok ResourceExhaustion/AllowanceExhausted (Fuel/Runtime)
broiler-vm-sample: 4 checks, all from packages on a feed
exit code: 0

--- publish the consumer as Native AOT and run it ---
Determining projects to restore...
  Restored /home/user/Broiler.Browser/Broiler.VM/samples/Broiler.VM.Sample.FeedConsumer/Broiler.VM.Sample.FeedConsumer.csproj (in 211 ms).
  Broiler.VM.Sample.FeedConsumer -> /home/user/Broiler.Browser/Broiler.VM/samples/Broiler.VM.Sample.FeedConsumer/bin/Release/net10.0/linux-x64/Broiler.VM.Sample.FeedConsumer.dll
  Generating native code
  Broiler.VM.Sample.FeedConsumer -> /home/user/Broiler.Browser/Broiler.VM/artifacts/publish-sample-aot/
native image size: 2048520 bytes
# broiler-vm-sample core-contract-version=1
package Broiler.VM.Abstractions 0.1.0-preview.2+e8a8cb7614a3999a58f79e8e27b8e9948de1f628
package Broiler.VM.Binary 0.1.0-preview.2+e8a8cb7614a3999a58f79e8e27b8e9948de1f628
package Broiler.VM.Runtime 0.1.0-preview.2+e8a8cb7614a3999a58f79e8e27b8e9948de1f628
check counts ok 40 plus 2 steps = 42
check refuses-another-format ok InvalidArtifact/MalformedEncoding
check refuses-unknown-version ok InvalidArtifact/UnsupportedProfileFormatVersion, twice
check bounds-the-work ok ResourceExhaustion/AllowanceExhausted (Fuel/Runtime)
broiler-vm-sample: 4 checks, all from packages on a feed
exit code: 0
