$ git apply docs/evidence/wa-spec-005/control-partial-merge.patch
# exit 0
$ dotnet build src/compositions/Broiler.VM.Composition.WebAssembly.Harness -c Release
e.WebAssembly.dll
  Broiler.VM.Emitter.Bytecode -> <root>/src/Broiler.VM.Emitter.Bytecode/bin/Release/net10.0/Broiler.VM.Emitter.Bytecode.dll
  Broiler.VM.Composition.WebAssembly.Harness -> <root>/src/compositions/Broiler.VM.Composition.WebAssembly.Harness/bin/Release/net10.0/Broiler.VM.Composition.WebAssembly.Harness.dll

Build succeeded.
    0 Warning(s)
    0 Error(s)

Time Elapsed 00:00:02.85
# exit 0
$ dotnet <root>/src/compositions/Broiler.VM.Composition.WebAssembly.Harness/bin/Release/net10.0/Broiler.VM.Composition.WebAssembly.Harness.dll --merge <scratch>/missing
# tooling ok   sharding-assigns-each-script-the-shard-its-recorded-hash-gives: 5 names, each in its recorded shard of four and of seven
# tooling ok   scope-refuses-a-manifest-naming-a-file-the-suite-does-not-contain: a scope manifest naming a file the suite does not contain: <fixture> names absent.wast
# tooling ok   scope-refuses-a-manifest-naming-a-file-twice: scope manifest <fixture> names a.wast twice
# tooling ok   merge-sums-a-complete-set-and-proves-it-covers-the-selection: 2 scripts, malformed passed 12 and failed 1
# tooling FAIL merge-reports-a-missing-shard-as-incomplete-coverage: merged it
# tooling ok   merge-names-a-field-that-differs-between-shards: inconsistent shard configuration: limits is "Fuel=1" in 0.report and "Fuel=2" in 1.report
# tooling ok   merge-classifies-a-report-cut-short-as-a-shard-that-did-not-finish: shard report 1.report ends before its closing line: the shard did not finish, and what it reported is not a total
# tooling ok   merge-refuses-a-script-reported-by-a-shard-that-does-not-own-it: inconsistent shard configuration: shard 0 is reported by 0.report and 1.report; inconsistent shard configuration: 1.report ran fixture-5.wast, which shard 1 owns and not shard 0
# tooling ok   queue-confirms-a-listed-script-that-still-fails: no disagreement
# tooling ok   queue-reports-a-listed-script-that-passes-now: the queue lists b.wast, and every command of it passes now: it leaves the queue in a change carrying its regression
# tooling ok   queue-does-not-keep-a-hand-written-entry-the-run-cannot-confirm: the queue lists written-by-hand.wast, which this run's selection does not hold, so the entry is not confirmed and does not survive
# tooling ok   queue-reports-a-failure-it-does-not-list: c.wast fails 1 commands, and the queue does not list it: a failure joins the queue by a run writing it
# tooling ok   queue-leaves-another-shards-script-to-the-merge: no disagreement
# tooling: 13 checks, 1 NOT as declared
broiler-wasm-harness: the tooling's regression suite failed, so nothing was merged
# exit 3
$ git apply -R docs/evidence/wa-spec-005/control-partial-merge.patch
# exit 0
$ dotnet build src/compositions/Broiler.VM.Composition.WebAssembly.Harness -c Release
code.dll
  Broiler.VM.Profile.WebAssembly -> <root>/src/Broiler.VM.Profile.WebAssembly/bin/Release/net10.0/Broiler.VM.Profile.WebAssembly.dll
  Broiler.VM.Composition.WebAssembly.Harness -> <root>/src/compositions/Broiler.VM.Composition.WebAssembly.Harness/bin/Release/net10.0/Broiler.VM.Composition.WebAssembly.Harness.dll

Build succeeded.
    0 Warning(s)
    0 Error(s)

Time Elapsed 00:00:03.26
# exit 0
