## a merge missing one shard's report: exit 4, expected 4, as expected
$ dotnet <root>/src/compositions/Broiler.VM.Composition.WebAssembly.Harness/bin/Release/net10.0/Broiler.VM.Composition.WebAssembly.Harness.dll --merge <scratch>/missing
# tooling ok   sharding-assigns-each-script-the-shard-its-recorded-hash-gives: 5 names, each in its recorded shard of four and of seven
# tooling ok   scope-refuses-a-manifest-naming-a-file-the-suite-does-not-contain: a scope manifest naming a file the suite does not contain: <fixture> names absent.wast
# tooling ok   scope-refuses-a-manifest-naming-a-file-twice: scope manifest <fixture> names a.wast twice
# tooling ok   merge-sums-a-complete-set-and-proves-it-covers-the-selection: 2 scripts, malformed passed 12 and failed 1
# tooling ok   merge-reports-a-missing-shard-as-incomplete-coverage: incomplete coverage: shard 1 of 2 has no report; incomplete coverage: the shards ran 1 scripts of the 2 the pipeline selected before sharding
# tooling ok   merge-names-a-field-that-differs-between-shards: inconsistent shard configuration: limits is "Fuel=1" in 0.report and "Fuel=2" in 1.report
# tooling ok   merge-classifies-a-report-cut-short-as-a-shard-that-did-not-finish: shard report 1.report ends before its closing line: the shard did not finish, and what it reported is not a total; incomplete coverage: shard 1 of 2 has no report; incomplete coverage: the shards ran 1 scripts of the 2 the pipeline selected before sharding
# tooling ok   merge-refuses-a-script-reported-by-a-shard-that-does-not-own-it: inconsistent shard configuration: shard 0 is reported by 0.report and 1.report; incomplete coverage: shard 1 of 2 has no report; inconsistent shard configuration: 1.report ran fixture-5.wast, which shard 1 owns and not shard 0
# tooling ok   queue-confirms-a-listed-script-that-still-fails: no disagreement
# tooling ok   queue-reports-a-listed-script-that-passes-now: the queue lists b.wast, and every command of it passes now: it leaves the queue in a change carrying its regression
# tooling ok   queue-does-not-keep-a-hand-written-entry-the-run-cannot-confirm: the queue lists written-by-hand.wast, which this run's selection does not hold, so the entry is not confirmed and does not survive
# tooling ok   queue-reports-a-failure-it-does-not-list: c.wast fails 1 commands, and the queue does not list it: a failure joins the queue by a run writing it
# tooling ok   queue-leaves-another-shards-script-to-the-merge: no disagreement
# tooling: 13 checks, every one as declared
# merge: CONFIGURATION FAILURE incomplete coverage: shard 3 of 4 has no report
# merge: CONFIGURATION FAILURE incomplete coverage: the shards ran 56 scripts of the 73 the pipeline selected before sharding
# exit 4
## a merge of reports run under different limits: exit 4, expected 4, as expected
$ dotnet <root>/src/compositions/Broiler.VM.Composition.WebAssembly.Harness/bin/Release/net10.0/Broiler.VM.Composition.WebAssembly.Harness.dll --merge <scratch>/inconsistent
# tooling ok   sharding-assigns-each-script-the-shard-its-recorded-hash-gives: 5 names, each in its recorded shard of four and of seven
# tooling ok   scope-refuses-a-manifest-naming-a-file-the-suite-does-not-contain: a scope manifest naming a file the suite does not contain: <fixture> names absent.wast
# tooling ok   scope-refuses-a-manifest-naming-a-file-twice: scope manifest <fixture> names a.wast twice
# tooling ok   merge-sums-a-complete-set-and-proves-it-covers-the-selection: 2 scripts, malformed passed 12 and failed 1
# tooling ok   merge-reports-a-missing-shard-as-incomplete-coverage: incomplete coverage: shard 1 of 2 has no report; incomplete coverage: the shards ran 1 scripts of the 2 the pipeline selected before sharding
# tooling ok   merge-names-a-field-that-differs-between-shards: inconsistent shard configuration: limits is "Fuel=1" in 0.report and "Fuel=2" in 1.report
# tooling ok   merge-classifies-a-report-cut-short-as-a-shard-that-did-not-finish: shard report 1.report ends before its closing line: the shard did not finish, and what it reported is not a total; incomplete coverage: shard 1 of 2 has no report; incomplete coverage: the shards ran 1 scripts of the 2 the pipeline selected before sharding
# tooling ok   merge-refuses-a-script-reported-by-a-shard-that-does-not-own-it: inconsistent shard configuration: shard 0 is reported by 0.report and 1.report; incomplete coverage: shard 1 of 2 has no report; inconsistent shard configuration: 1.report ran fixture-5.wast, which shard 1 owns and not shard 0
# tooling ok   queue-confirms-a-listed-script-that-still-fails: no disagreement
# tooling ok   queue-reports-a-listed-script-that-passes-now: the queue lists b.wast, and every command of it passes now: it leaves the queue in a change carrying its regression
# tooling ok   queue-does-not-keep-a-hand-written-entry-the-run-cannot-confirm: the queue lists written-by-hand.wast, which this run's selection does not hold, so the entry is not confirmed and does not survive
# tooling ok   queue-reports-a-failure-it-does-not-list: c.wast fails 1 commands, and the queue does not list it: a failure joins the queue by a run writing it
# tooling ok   queue-leaves-another-shards-script-to-the-merge: no disagreement
# tooling: 13 checks, every one as declared
# merge: CONFIGURATION FAILURE inconsistent shard configuration: limits is "Fuel=50000000 WallClock=10000 AllocatedBytes=67108864 HostCalls=1000000 NestedLoadFanOut=4096 NestedLoadBytes=16777216 VerifierWork=100000000 LiveBytes=67108864 CallDepth=1024 NestedLoadDepth=4 ArtifactBytes=33554432 SectionCount=64 DeclaredCount=4194304 StructuralDepth=256 LiveRuntimes=18446744073709551615" in 0.report and "Fuel=40000000 WallClock=10000 AllocatedBytes=67108864 HostCalls=1000000 NestedLoadFanOut=4096 NestedLoadBytes=16777216 VerifierWork=100000000 LiveBytes=67108864 CallDepth=1024 NestedLoadDepth=4 ArtifactBytes=33554432 SectionCount=64 DeclaredCount=4194304 StructuralDepth=256 LiveRuntimes=18446744073709551615" in 2.report
# exit 4
## a merge of a report cut short, a shard that did not finish: exit 4, expected 4, as expected
$ dotnet <root>/src/compositions/Broiler.VM.Composition.WebAssembly.Harness/bin/Release/net10.0/Broiler.VM.Composition.WebAssembly.Harness.dll --merge <scratch>/unfinished
# tooling ok   sharding-assigns-each-script-the-shard-its-recorded-hash-gives: 5 names, each in its recorded shard of four and of seven
# tooling ok   scope-refuses-a-manifest-naming-a-file-the-suite-does-not-contain: a scope manifest naming a file the suite does not contain: <fixture> names absent.wast
# tooling ok   scope-refuses-a-manifest-naming-a-file-twice: scope manifest <fixture> names a.wast twice
# tooling ok   merge-sums-a-complete-set-and-proves-it-covers-the-selection: 2 scripts, malformed passed 12 and failed 1
# tooling ok   merge-reports-a-missing-shard-as-incomplete-coverage: incomplete coverage: shard 1 of 2 has no report; incomplete coverage: the shards ran 1 scripts of the 2 the pipeline selected before sharding
# tooling ok   merge-names-a-field-that-differs-between-shards: inconsistent shard configuration: limits is "Fuel=1" in 0.report and "Fuel=2" in 1.report
# tooling ok   merge-classifies-a-report-cut-short-as-a-shard-that-did-not-finish: shard report 1.report ends before its closing line: the shard did not finish, and what it reported is not a total; incomplete coverage: shard 1 of 2 has no report; incomplete coverage: the shards ran 1 scripts of the 2 the pipeline selected before sharding
# tooling ok   merge-refuses-a-script-reported-by-a-shard-that-does-not-own-it: inconsistent shard configuration: shard 0 is reported by 0.report and 1.report; incomplete coverage: shard 1 of 2 has no report; inconsistent shard configuration: 1.report ran fixture-5.wast, which shard 1 owns and not shard 0
# tooling ok   queue-confirms-a-listed-script-that-still-fails: no disagreement
# tooling ok   queue-reports-a-listed-script-that-passes-now: the queue lists b.wast, and every command of it passes now: it leaves the queue in a change carrying its regression
# tooling ok   queue-does-not-keep-a-hand-written-entry-the-run-cannot-confirm: the queue lists written-by-hand.wast, which this run's selection does not hold, so the entry is not confirmed and does not survive
# tooling ok   queue-reports-a-failure-it-does-not-list: c.wast fails 1 commands, and the queue does not list it: a failure joins the queue by a run writing it
# tooling ok   queue-leaves-another-shards-script-to-the-merge: no disagreement
# tooling: 13 checks, every one as declared
# merge: CONFIGURATION FAILURE shard report 1.report ends before its closing line: the shard did not finish, and what it reported is not a total
# merge: CONFIGURATION FAILURE incomplete coverage: shard 1 of 4 has no report
# merge: CONFIGURATION FAILURE incomplete coverage: the shards ran 56 scripts of the 73 the pipeline selected before sharding
# exit 4
## a scope manifest naming a script the suite does not contain: exit 4, expected 4, as expected
$ dotnet <root>/src/compositions/Broiler.VM.Composition.WebAssembly.Harness/bin/Release/net10.0/Broiler.VM.Composition.WebAssembly.Harness.dll --spec <scratch>/suite/test/core --expect src/tests/wasm/spec/wasm-spec.pin --scope <scratch>/absent.scope
# spec: CONFIGURATION FAILURE a scope manifest naming a file the suite does not contain: absent.scope names absent.wast
# exit 4
## a ratchet held by one shard: exit 4, expected 4, as expected
$ dotnet <root>/src/compositions/Broiler.VM.Composition.WebAssembly.Harness/bin/Release/net10.0/Broiler.VM.Composition.WebAssembly.Harness.dll --spec <scratch>/suite/test/core --expect src/tests/wasm/spec/wasm-spec.pin --scope src/tests/wasm/spec/wasm-spec.slice.scope --shard 1/4 --ratchet src/tests/wasm/spec/wasm-spec.ratchet
# spec: CONFIGURATION FAILURE a ratchet is held, and a ratchet or a queue written, by a whole selection: run unsharded, or give them to --merge
# exit 4
## a queue holding a hand-written entry for a script the suite does not have: exit 1, expected 1, as expected
$ dotnet <root>/src/compositions/Broiler.VM.Composition.WebAssembly.Harness/bin/Release/net10.0/Broiler.VM.Composition.WebAssembly.Harness.dll --merge <scratch>/shards --queue <scratch>/written-by-hand.queue
# tooling ok   sharding-assigns-each-script-the-shard-its-recorded-hash-gives: 5 names, each in its recorded shard of four and of seven
# tooling ok   scope-refuses-a-manifest-naming-a-file-the-suite-does-not-contain: a scope manifest naming a file the suite does not contain: <fixture> names absent.wast
# tooling ok   scope-refuses-a-manifest-naming-a-file-twice: scope manifest <fixture> names a.wast twice
# tooling ok   merge-sums-a-complete-set-and-proves-it-covers-the-selection: 2 scripts, malformed passed 12 and failed 1
# tooling ok   merge-reports-a-missing-shard-as-incomplete-coverage: incomplete coverage: shard 1 of 2 has no report; incomplete coverage: the shards ran 1 scripts of the 2 the pipeline selected before sharding
# tooling ok   merge-names-a-field-that-differs-between-shards: inconsistent shard configuration: limits is "Fuel=1" in 0.report and "Fuel=2" in 1.report
# tooling ok   merge-classifies-a-report-cut-short-as-a-shard-that-did-not-finish: shard report 1.report ends before its closing line: the shard did not finish, and what it reported is not a total; incomplete coverage: shard 1 of 2 has no report; incomplete coverage: the shards ran 1 scripts of the 2 the pipeline selected before sharding
# tooling ok   merge-refuses-a-script-reported-by-a-shard-that-does-not-own-it: inconsistent shard configuration: shard 0 is reported by 0.report and 1.report; incomplete coverage: shard 1 of 2 has no report; inconsistent shard configuration: 1.report ran fixture-5.wast, which shard 1 owns and not shard 0
# tooling ok   queue-confirms-a-listed-script-that-still-fails: no disagreement
# tooling ok   queue-reports-a-listed-script-that-passes-now: the queue lists b.wast, and every command of it passes now: it leaves the queue in a change carrying its regression
# tooling ok   queue-does-not-keep-a-hand-written-entry-the-run-cannot-confirm: the queue lists written-by-hand.wast, which this run's selection does not hold, so the entry is not confirmed and does not survive
# tooling ok   queue-reports-a-failure-it-does-not-list: c.wast fails 1 commands, and the queue does not list it: a failure joins the queue by a run writing it
# tooling ok   queue-leaves-another-shards-script-to-the-merge: no disagreement
# tooling: 13 checks, every one as declared
# merge: 4 shard reports of 4, revision 977f97014c962f7bd1291fcc6d28b41a924882bf, 73 scripts of the 73 selected before sharding: the whole selection
# merge: effective limits Fuel=50000000 WallClock=10000 AllocatedBytes=67108864 HostCalls=1000000 NestedLoadFanOut=4096 NestedLoadBytes=16777216 VerifierWork=100000000 LiveBytes=67108864 CallDepth=1024 NestedLoadDepth=4 ArtifactBytes=33554432 SectionCount=64 DeclaredCount=4194304 StructuralDepth=256 LiveRuntimes=18446744073709551615
# merge: family malformed: selected 1091, executed 661, passed 658, failed 3, skipped 430, timed out 0
# merge: family invalid: selected 989, executed 989, passed 979, failed 10, skipped 0, timed out 0
# merge: family unlinkable: selected 95, executed 95, passed 18, failed 77, skipped 0, timed out 0
# merge: family uninstantiable: selected 0, executed 0, passed 0, failed 0, skipped 0, timed out 0
# merge: family trap: selected 460, executed 460, passed 438, failed 22, skipped 0, timed out 0
# merge: family exception: selected 0, executed 0, passed 0, failed 0, skipped 0, timed out 0
# merge: family exhaustion: selected 15, executed 15, passed 4, failed 11, skipped 0, timed out 0
# merge: family return: selected 15788, executed 15788, passed 15651, failed 137, skipped 0, timed out 0
# spec: QUEUE the queue lists written-by-hand.wast, which this run's selection does not hold, so the entry is not confirmed and does not survive
# spec: queue <scratch>/written-by-hand.queue: 15 of 16 entries judged by this run; 1 disagreements
# exit 1
## a queue listing a script that passes: exit 1, expected 1, as expected
$ dotnet <root>/src/compositions/Broiler.VM.Composition.WebAssembly.Harness/bin/Release/net10.0/Broiler.VM.Composition.WebAssembly.Harness.dll --merge <scratch>/shards --queue <scratch>/passing.queue
# tooling ok   sharding-assigns-each-script-the-shard-its-recorded-hash-gives: 5 names, each in its recorded shard of four and of seven
# tooling ok   scope-refuses-a-manifest-naming-a-file-the-suite-does-not-contain: a scope manifest naming a file the suite does not contain: <fixture> names absent.wast
# tooling ok   scope-refuses-a-manifest-naming-a-file-twice: scope manifest <fixture> names a.wast twice
# tooling ok   merge-sums-a-complete-set-and-proves-it-covers-the-selection: 2 scripts, malformed passed 12 and failed 1
# tooling ok   merge-reports-a-missing-shard-as-incomplete-coverage: incomplete coverage: shard 1 of 2 has no report; incomplete coverage: the shards ran 1 scripts of the 2 the pipeline selected before sharding
# tooling ok   merge-names-a-field-that-differs-between-shards: inconsistent shard configuration: limits is "Fuel=1" in 0.report and "Fuel=2" in 1.report
# tooling ok   merge-classifies-a-report-cut-short-as-a-shard-that-did-not-finish: shard report 1.report ends before its closing line: the shard did not finish, and what it reported is not a total; incomplete coverage: shard 1 of 2 has no report; incomplete coverage: the shards ran 1 scripts of the 2 the pipeline selected before sharding
# tooling ok   merge-refuses-a-script-reported-by-a-shard-that-does-not-own-it: inconsistent shard configuration: shard 0 is reported by 0.report and 1.report; incomplete coverage: shard 1 of 2 has no report; inconsistent shard configuration: 1.report ran fixture-5.wast, which shard 1 owns and not shard 0
# tooling ok   queue-confirms-a-listed-script-that-still-fails: no disagreement
# tooling ok   queue-reports-a-listed-script-that-passes-now: the queue lists b.wast, and every command of it passes now: it leaves the queue in a change carrying its regression
# tooling ok   queue-does-not-keep-a-hand-written-entry-the-run-cannot-confirm: the queue lists written-by-hand.wast, which this run's selection does not hold, so the entry is not confirmed and does not survive
# tooling ok   queue-reports-a-failure-it-does-not-list: c.wast fails 1 commands, and the queue does not list it: a failure joins the queue by a run writing it
# tooling ok   queue-leaves-another-shards-script-to-the-merge: no disagreement
# tooling: 13 checks, every one as declared
# merge: 4 shard reports of 4, revision 977f97014c962f7bd1291fcc6d28b41a924882bf, 73 scripts of the 73 selected before sharding: the whole selection
# merge: effective limits Fuel=50000000 WallClock=10000 AllocatedBytes=67108864 HostCalls=1000000 NestedLoadFanOut=4096 NestedLoadBytes=16777216 VerifierWork=100000000 LiveBytes=67108864 CallDepth=1024 NestedLoadDepth=4 ArtifactBytes=33554432 SectionCount=64 DeclaredCount=4194304 StructuralDepth=256 LiveRuntimes=18446744073709551615
# merge: family malformed: selected 1091, executed 661, passed 658, failed 3, skipped 430, timed out 0
# merge: family invalid: selected 989, executed 989, passed 979, failed 10, skipped 0, timed out 0
# merge: family unlinkable: selected 95, executed 95, passed 18, failed 77, skipped 0, timed out 0
# merge: family uninstantiable: selected 0, executed 0, passed 0, failed 0, skipped 0, timed out 0
# merge: family trap: selected 460, executed 460, passed 438, failed 22, skipped 0, timed out 0
# merge: family exception: selected 0, executed 0, passed 0, failed 0, skipped 0, timed out 0
# merge: family exhaustion: selected 15, executed 15, passed 4, failed 11, skipped 0, timed out 0
# merge: family return: selected 15788, executed 15788, passed 15651, failed 137, skipped 0, timed out 0
# spec: QUEUE the queue lists address.wast, and every command of it passes now: it leaves the queue in a change carrying its regression
# spec: queue <scratch>/passing.queue: 16 of 16 entries judged by this run; 1 disagreements
# exit 1
## a queue missing a script that fails: exit 1, expected 1, as expected
$ dotnet <root>/src/compositions/Broiler.VM.Composition.WebAssembly.Harness/bin/Release/net10.0/Broiler.VM.Composition.WebAssembly.Harness.dll --merge <scratch>/shards --queue <scratch>/unlisted.queue
# tooling ok   sharding-assigns-each-script-the-shard-its-recorded-hash-gives: 5 names, each in its recorded shard of four and of seven
# tooling ok   scope-refuses-a-manifest-naming-a-file-the-suite-does-not-contain: a scope manifest naming a file the suite does not contain: <fixture> names absent.wast
# tooling ok   scope-refuses-a-manifest-naming-a-file-twice: scope manifest <fixture> names a.wast twice
# tooling ok   merge-sums-a-complete-set-and-proves-it-covers-the-selection: 2 scripts, malformed passed 12 and failed 1
# tooling ok   merge-reports-a-missing-shard-as-incomplete-coverage: incomplete coverage: shard 1 of 2 has no report; incomplete coverage: the shards ran 1 scripts of the 2 the pipeline selected before sharding
# tooling ok   merge-names-a-field-that-differs-between-shards: inconsistent shard configuration: limits is "Fuel=1" in 0.report and "Fuel=2" in 1.report
# tooling ok   merge-classifies-a-report-cut-short-as-a-shard-that-did-not-finish: shard report 1.report ends before its closing line: the shard did not finish, and what it reported is not a total; incomplete coverage: shard 1 of 2 has no report; incomplete coverage: the shards ran 1 scripts of the 2 the pipeline selected before sharding
# tooling ok   merge-refuses-a-script-reported-by-a-shard-that-does-not-own-it: inconsistent shard configuration: shard 0 is reported by 0.report and 1.report; incomplete coverage: shard 1 of 2 has no report; inconsistent shard configuration: 1.report ran fixture-5.wast, which shard 1 owns and not shard 0
# tooling ok   queue-confirms-a-listed-script-that-still-fails: no disagreement
# tooling ok   queue-reports-a-listed-script-that-passes-now: the queue lists b.wast, and every command of it passes now: it leaves the queue in a change carrying its regression
# tooling ok   queue-does-not-keep-a-hand-written-entry-the-run-cannot-confirm: the queue lists written-by-hand.wast, which this run's selection does not hold, so the entry is not confirmed and does not survive
# tooling ok   queue-reports-a-failure-it-does-not-list: c.wast fails 1 commands, and the queue does not list it: a failure joins the queue by a run writing it
# tooling ok   queue-leaves-another-shards-script-to-the-merge: no disagreement
# tooling: 13 checks, every one as declared
# merge: 4 shard reports of 4, revision 977f97014c962f7bd1291fcc6d28b41a924882bf, 73 scripts of the 73 selected before sharding: the whole selection
# merge: effective limits Fuel=50000000 WallClock=10000 AllocatedBytes=67108864 HostCalls=1000000 NestedLoadFanOut=4096 NestedLoadBytes=16777216 VerifierWork=100000000 LiveBytes=67108864 CallDepth=1024 NestedLoadDepth=4 ArtifactBytes=33554432 SectionCount=64 DeclaredCount=4194304 StructuralDepth=256 LiveRuntimes=18446744073709551615
# merge: family malformed: selected 1091, executed 661, passed 658, failed 3, skipped 430, timed out 0
# merge: family invalid: selected 989, executed 989, passed 979, failed 10, skipped 0, timed out 0
# merge: family unlinkable: selected 95, executed 95, passed 18, failed 77, skipped 0, timed out 0
# merge: family uninstantiable: selected 0, executed 0, passed 0, failed 0, skipped 0, timed out 0
# merge: family trap: selected 460, executed 460, passed 438, failed 22, skipped 0, timed out 0
# merge: family exception: selected 0, executed 0, passed 0, failed 0, skipped 0, timed out 0
# merge: family exhaustion: selected 15, executed 15, passed 4, failed 11, skipped 0, timed out 0
# merge: family return: selected 15788, executed 15788, passed 15651, failed 137, skipped 0, timed out 0
# spec: QUEUE imports.wast fails 129 commands, and the queue does not list it: a failure joins the queue by a run writing it
# spec: queue <scratch>/unlisted.queue: 14 of 14 entries judged by this run; 1 disagreements
# exit 1
