$ git apply docs/evidence/ubc-4-004/control-retired-order.patch
# exit 0
$ dotnet build src/compositions/Broiler.VM.Composition.WebAssembly.Harness -c Release
code.dll
  Broiler.VM.Profile.WebAssembly -> <root>/src/Broiler.VM.Profile.WebAssembly/bin/Release/net10.0/Broiler.VM.Profile.WebAssembly.dll
  Broiler.VM.Composition.WebAssembly.Harness -> <root>/src/compositions/Broiler.VM.Composition.WebAssembly.Harness/bin/Release/net10.0/Broiler.VM.Composition.WebAssembly.Harness.dll

Build succeeded.
    0 Warning(s)
    0 Error(s)

Time Elapsed 00:00:03.72
# exit 0
$ dotnet src/compositions/Broiler.VM.Composition.WebAssembly.Harness/bin/Release/net10.0/Broiler.VM.Composition.WebAssembly.Harness.dll --verbose
# module: 99 bytes, hand-encoded in this root
verification Normal/NormalCompleted
types                  1
functions              1
tables                 1
memories               1
globals                1
exports                2
element segments       1
data segments          1
custom sections        1 (skipped)
start function         -1
declares data count    False
total code bytes       6
execution bounds       computed by validation
  export[0]          "add" Function #0
  export[1]          "mem" Memory #0
  body[0]            0 locals, 6 code bytes
instantiation          Normal/NormalCompleted
invocation             Normal/NormalCompleted, add(2, 3) = 5

# retained corpus: not replayed - no --corpus <directory> was given, and the retained one is at src/tests/wasm/corpus

# execution: 166 checks
ok   numeric: verification: Normal/NormalCompleted, 273 bytes
ok   numeric: instantiation: Normal/NormalCompleted
ok   numeric: 3:addi32:1:7i32:2:35: Normal/NormalCompleted i32 42
ok   numeric: 4:divsi32:2:-7i32:1:2: Normal/NormalCompleted i32 -3
ok   numeric: 4:remsi32:2:-7i32:1:2: Normal/NormalCompleted i32 -1
ok   numeric: 3:shli32:1:1i32:1:4: Normal/NormalCompleted i32 16
ok   numeric: 4:rotli32:11:-2147483647i32:1:1: Normal/NormalCompleted i32 3
ok   numeric: 6:i64muli64:2:11i64:1:3: Normal/NormalCompleted i64 33
ok   numeric: 6:i64shri64:2:-1i64:2:60: Normal/NormalCompleted i64 15
ok   numeric: 6:f32divf32:8:3F800000f32:8:40800000: Normal/NormalCompleted f32 0.25 (0x3E800000)
ok   numeric: 6:f32minf32:8:80000000f32:8:00000000: Normal/NormalCompleted f32 -0 (0x80000000)
ok   numeric: 6:f64addf64:16:3FF8000000000000f64:16:4002000000000000: Normal/NormalCompleted f64 3.75 (0x400E000000000000)
ok   numeric: 7:f64sqrtf64:16:4000000000000000: Normal/NormalCompleted f64 1.4142135623730951 (0x3FF6A09E667F3BCD)
ok   numeric: 5:truncf64:16:C00F333333333333: Normal/NormalCompleted i32 -3
ok   numeric: 4:convi32:2:-5: Normal/NormalCompleted f64 -5 (0xC014000000000000)
ok   float-comparison: verification: Normal/NormalCompleted, 236 bytes
ok   float-comparison: instantiation: Normal/NormalCompleted
ok   float-comparison: 5:f32eqf32:8:3F800000f32:8:40000000: Normal/NormalCompleted i32 0
ok   float-comparison: 5:f32nef32:8:3F800000f32:8:40000000: Normal/NormalCompleted i32 1
ok   float-comparison: 5:f32ltf32:8:3F800000f32:8:40000000: Normal/NormalCompleted i32 1
ok   float-comparison: 5:f32gtf32:8:3F800000f32:8:40000000: Normal/NormalCompleted i32 0
ok   float-comparison: 5:f32lef32:8:3F800000f32:8:40000000: Normal/NormalCompleted i32 1
ok   float-comparison: 5:f32gef32:8:3F800000f32:8:40000000: Normal/NormalCompleted i32 0
ok   float-comparison: 5:f32eqf32:8:40000000f32:8:40000000: Normal/NormalCompleted i32 1
ok   float-comparison: 5:f32nef32:8:40000000f32:8:40000000: Normal/NormalCompleted i32 0
ok   float-comparison: 5:f32ltf32:8:40000000f32:8:40000000: Normal/NormalCompleted i32 0
ok   float-comparison: 5:f32gtf32:8:40000000f32:8:40000000: Normal/NormalCompleted i32 0
ok   float-comparison: 5:f32lef32:8:40000000f32:8:40000000: Normal/NormalCompleted i32 1
ok   float-comparison: 5:f32gef32:8:40000000f32:8:40000000: Normal/NormalCompleted i32 1
ok   float-comparison: 5:f32eqf32:8:FFC00000f32:8:3F800000: Normal/NormalCompleted i32 0
ok   float-comparison: 5:f32nef32:8:FFC00000f32:8:3F800000: Normal/NormalCompleted i32 1
ok   float-comparison: 5:f32ltf32:8:FFC00000f32:8:3F800000: Normal/NormalCompleted i32 0
ok   float-comparison: 5:f32gtf32:8:FFC00000f32:8:3F800000: Normal/NormalCompleted i32 0
ok   float-comparison: 5:f32lef32:8:FFC00000f32:8:3F800000: Normal/NormalCompleted i32 0
ok   float-comparison: 5:f32gef32:8:FFC00000f32:8:3F800000: Normal/NormalCompleted i32 0
ok   float-comparison: 5:f32eqf32:8:80000000f32:8:00000000: Normal/NormalCompleted i32 1
ok   float-comparison: 5:f32nef32:8:80000000f32:8:00000000: Normal/NormalCompleted i32 0
ok   float-comparison: 5:f32ltf32:8:80000000f32:8:00000000: Normal/NormalCompleted i32 0
ok   float-comparison: 5:f32gtf32:8:80000000f32:8:00000000: Normal/NormalCompleted i32 0
ok   float-comparison: 5:f32lef32:8:80000000f32:8:00000000: Normal/NormalCompleted i32 1
ok   float-comparison: 5:f32gef32:8:80000000f32:8:00000000: Normal/NormalCompleted i32 1
ok   float-comparison: 5:f64eqf64:16:3FF0000000000000f64:16:4000000000000000: Normal/NormalCompleted i32 0
ok   float-comparison: 5:f64nef64:16:3FF0000000000000f64:16:4000000000000000: Normal/NormalCompleted i32 1
ok   float-comparison: 5:f64ltf64:16:3FF0000000000000f64:16:4000000000000000: Normal/NormalCompleted i32 1
ok   float-comparison: 5:f64gtf64:16:3FF0000000000000f64:16:4000000000000000: Normal/NormalCompleted i32 0
ok   float-comparison: 5:f64lef64:16:3FF0000000000000f64:16:4000000000000000: Normal/NormalCompleted i32 1
ok   float-comparison: 5:f64gef64:16:3FF0000000000000f64:16:4000000000000000: Normal/NormalCompleted i32 0
ok   float-comparison: 5:f64eqf64:16:4000000000000000f64:16:4000000000000000: Normal/NormalCompleted i32 1
ok   float-comparison: 5:f64nef64:16:4000000000000000f64:16:4000000000000000: Normal/NormalCompleted i32 0
ok   float-comparison: 5:f64ltf64:16:4000000000000000f64:16:4000000000000000: Normal/NormalCompleted i32 0
ok   float-comparison: 5:f64gtf64:16:4000000000000000f64:16:4000000000000000: Normal/NormalCompleted i32 0
ok   float-comparison: 5:f64lef64:16:4000000000000000f64:16:4000000000000000: Normal/NormalCompleted i32 1
ok   float-comparison: 5:f64gef64:16:4000000000000000f64:16:4000000000000000: Normal/NormalCompleted i32 1
ok   float-comparison: 5:f64eqf64:16:3FF0000000000000f64:16:FFF8000000000000: Normal/NormalCompleted i32 0
ok   float-comparison: 5:f64nef64:16:3FF0000000000000f64:16:FFF8000000000000: Normal/NormalCompleted i32 1
ok   float-comparison: 5:f64ltf64:16:3FF0000000000000f64:16:FFF8000000000000: Normal/NormalCompleted i32 0
ok   float-comparison: 5:f64gtf64:16:3FF0000000000000f64:16:FFF8000000000000: Normal/NormalCompleted i32 0
ok   float-comparison: 5:f64lef64:16:3FF0000000000000f64:16:FFF8000000000000: Normal/NormalCompleted i32 0
ok   float-comparison: 5:f64gef64:16:3FF0000000000000f64:16:FFF8000000000000: Normal/NormalCompleted i32 0
ok   float-comparison: 5:f64eqf64:16:8000000000000000f64:16:0000000000000000: Normal/NormalCompleted i32 1
ok   float-comparison: 5:f64nef64:16:8000000000000000f64:16:0000000000000000: Normal/NormalCompleted i32 0
ok   float-comparison: 5:f64ltf64:16:8000000000000000f64:16:0000000000000000: Normal/NormalCompleted i32 0
ok   float-comparison: 5:f64gtf64:16:8000000000000000f64:16:0000000000000000: Normal/NormalCompleted i32 0
ok   float-comparison: 5:f64lef64:16:8000000000000000f64:16:0000000000000000: Normal/NormalCompleted i32 1
ok   float-comparison: 5:f64gef64:16:8000000000000000f64:16:0000000000000000: Normal/NormalCompleted i32 1
ok   control: verification: Normal/NormalCompleted, 174 bytes
ok   control: instantiation: Normal/NormalCompleted
ok   control: 3:sumi32:1:5: Normal/NormalCompleted i32 15
ok   control: 3:sumi32:1:0: Normal/NormalCompleted i32 0
ok   control: 8:classifyi32:1:0: Normal/NormalCompleted i32 10
ok   control: 8:classifyi32:1:1: Normal/NormalCompleted i32 20
ok   control: 8:classifyi32:1:2: Normal/NormalCompleted i32 30
ok   control: 8:classifyi32:1:7: Normal/NormalCompleted i32 99
ok   control: 3:iffi32:1:1: Normal/NormalCompleted i32 111
ok   control: 3:iffi32:1:0: Normal/NormalCompleted i32 222
ok   control: 3:seli32:1:1: Normal/NormalCompleted i32 5
ok   control: 3:seli32:1:0: Normal/NormalCompleted i32 6
ok   control: 3:teei32:1:4: Normal/NormalCompleted i32 24
ok   memory: verification: Normal/NormalCompleted, 142 bytes
ok   memory: instantiation: Normal/NormalCompleted
ok   memory: 9:roundtrip: Normal/NormalCompleted i32 123456
ok   memory: 8:readbytei32:1:0: Normal/NormalCompleted i32 65
ok   memory: 8:readbytei32:1:2: Normal/NormalCompleted i32 67
ok   memory: 4:size: Normal/NormalCompleted i32 1
ok   memory: 4:growi32:1:1: Normal/NormalCompleted i32 1
ok   memory: 4:size: Normal/NormalCompleted i32 2
ok   memory: 4:growi32:4:2000: Normal/NormalCompleted i32 -1
ok   memory: 4:size: Normal/NormalCompleted i32 2
ok   memory: 3:oob: ProfileFault/ProfileFaultUnspecified trap=OutOfBoundsMemoryAccess/3005 expected trap=OutOfBoundsMemoryAccess
ok   retention: instantiation retains its minimum page and four bytes a table entry: Normal/NormalCompleted; live bytes +65548
ok   retention: grow(2) retains the two pages it added: Normal/NormalCompleted i32 1; live bytes +196620
ok   retention: grow(2000), past the page ceiling, retains nothing: Normal/NormalCompleted i32 -1; live bytes +196620
ok   retention: size after both: Normal/NormalCompleted i32 3; live bytes +196620
ok   retention: disposal gives every byte back: disposal Accepted; live bytes +0
ok   retention-refused-by-live-bytes: instantiation under an instance ceiling half a page over what it takes: Normal/NormalCompleted; live bytes +65548
ok   retention-refused-by-live-bytes: grow(0) answers the size, retains nothing, and runs the loop after it: Normal/NormalCompleted i32 1; fuel 250006 over 50000 iterations; live bytes +65548
FAIL retention-refused-by-live-bytes: grow(1) is refused by that ceiling, retains nothing, and runs nothing after it: ResourceExhaustion/CeilingReached/LiveBytes/Instance; fuel 250007; live bytes +65548
ok   retention-refused-by-live-bytes: the instance is faulted after the refusal and still holds its bytes: InvalidState/TerminalFault; live bytes +65548
ok   retention-refused-by-live-bytes: disposal gives every byte back: disposal Accepted; live bytes +0
ok   retention-refused-by-allocated-bytes: instantiation under an instance ceiling half a page over what it takes: Normal/NormalCompleted; live bytes +65548
ok   retention-refused-by-allocated-bytes: grow(0) answers the size, retains nothing, and runs the loop after it: Normal/NormalCompleted i32 1; fuel 250006 over 50000 iterations; live bytes +65548
FAIL retention-refused-by-allocated-bytes: grow(1) is refused by that ceiling, retains nothing, and runs nothing after it: ResourceExhaustion/AllowanceExhausted/AllocatedBytes/Instance; fuel 250007; live bytes +65548
ok   retention-refused-by-allocated-bytes: the instance is faulted after the refusal and still holds its bytes: InvalidState/TerminalFault; live bytes +65548
ok   retention-refused-by-allocated-bytes: disposal gives every byte back: disposal Accepted; live bytes +0
ok   calls: verification: Normal/NormalCompleted, 138 bytes
ok   calls: instantiation: Normal/NormalCompleted
ok   calls: 6:direct: Normal/NormalCompleted i32 8
ok   calls: 8:indirecti32:2:21i32:1:0: Normal/NormalCompleted i32 42
ok   calls: 8:indirecti32:2:21i32:1:1: ProfileFault/ProfileFaultUnspecified trap=IndirectCallTypeMismatch/3008 expected trap=IndirectCallTypeMismatch
ok   calls: 8:indirecti32:2:21i32:1:2: ProfileFault/ProfileFaultUnspecified trap=UninitializedElement/3009 expected trap=UninitializedElement
ok   calls: 8:indirecti32:2:21i32:1:9: ProfileFault/ProfileFaultUnspecified trap=OutOfBoundsTableAccess/3006 expected trap=OutOfBoundsTableAccess
ok   calls: 4:deepi32:3:100: Normal/NormalCompleted i32 5050
ok   traps: verification: Normal/NormalCompleted, 83 bytes
ok   traps: instantiation: Normal/NormalCompleted
ok   traps: 7:unreach: ProfileFault/ProfileFaultUnspecified trap=Unreachable/3001 expected trap=Unreachable
ok   traps: 4:divsi32:1:1i32:1:0: ProfileFault/ProfileFaultUnspecified trap=IntegerDivideByZero/3002 expected trap=IntegerDivideByZero
ok   traps: 4:divsi32:11:-2147483648i32:2:-1: ProfileFault/ProfileFaultUnspecified trap=IntegerOverflow/3003 expected trap=IntegerOverflow
ok   traps: 4:divsi32:11:-2147483648i32:1:1: Normal/NormalCompleted i32 -2147483648
ok   traps: 7:badconvf64:16:FFF8000000000000: ProfileFault/ProfileFaultUnspecified trap=InvalidConversionToInteger/3004 expected trap=InvalidConversionToInteger
ok   traps: 7:badconvf64:16:7E37E43C8800759C: ProfileFault/ProfileFaultUnspecified trap=IntegerOverflow/3003 expected trap=IntegerOverflow
ok   globals-and-start: verification: Normal/NormalCompleted, 87 bytes
ok   globals-and-start: instantiation: Normal/NormalCompleted
ok   globals-and-start: 10:readglobal: Normal/NormalCompleted i32 777
ok   globals-and-start: 4:bump: Normal/NormalCompleted i32 778
ok   globals-and-start: 4:bump: Normal/NormalCompleted i32 779
ok   a-trapping-start-function-publishes-no-instance: ProfileFault/ProfileFaultUnspecified trap=Unreachable instance-published=False
ok   an-overrunning-data-segment-publishes-no-instance: ProfileFault/ProfileFaultUnspecified trap=OutOfBoundsMemoryAccess instance-published=False
ok   entry-point-encoding: verification: Normal/NormalCompleted, 63 bytes
ok   entry-point-encoding: instantiation: Normal/NormalCompleted
ok   entry-point-encoding: 6:f(i32)i32:2:41: Normal/NormalCompleted i32 42
ok   entry-point-encoding: 7:a:3:i32: Normal/NormalCompleted i32 5
ok   an-unknown-entry-point-is-a-typed-fault-and-not-a-trap: ProfileFault/ProfileFaultUnspecified problem=UnknownExport
ok   a-100-kib-body-of-nops: verification: Normal/NormalCompleted, 102441 bytes
ok   a-100-kib-body-of-nops: instantiation: Normal/NormalCompleted
ok   a-100-kib-body-of-nops: 4:nops: Normal/NormalCompleted i32 42
ok   a-100-kib-body-of-constant-and-drop-pairs: verification: Normal/NormalCompleted, 102441 bytes
ok   a-100-kib-body-of-constant-and-drop-pairs: instantiation: Normal/NormalCompleted
ok   a-100-kib-body-of-constant-and-drop-pairs: 5:pairs: Normal/NormalCompleted i32 43
ok   three-40-kib-bodies: verification: Normal/NormalCompleted, 122957 bytes
ok   three-40-kib-bodies: instantiation: Normal/NormalCompleted
ok   three-40-kib-bodies: 6:share1: Normal/NormalCompleted i32 1
ok   three-40-kib-bodies: 6:share2: Normal/NormalCompleted i32 2
ok   three-40-kib-bodies: 6:share3: Normal/NormalCompleted i32 3
ok   a-100-kib-data-segment: verification: Normal/NormalCompleted, 102462 bytes
ok   a-100-kib-data-segment: instantiation: Normal/NormalCompleted
ok   a-100-kib-data-segment: 8:readbytei32:1:0: Normal/NormalCompleted i32 3
ok   a-100-kib-data-segment: 8:readbytei32:6:102399: Normal/NormalCompleted i32 252
ok   a-100-kib-custom-section: verification: Normal/NormalCompleted, 102448 bytes
ok   a-100-kib-custom-section: instantiation: Normal/NormalCompleted
ok   a-100-kib-custom-section: 4:five: Normal/NormalCompleted i32 5
ok   a-100-kib-export-name: verification: Normal/NormalCompleted, 102445 bytes
ok   a-100-kib-export-name: instantiation: Normal/NormalCompleted
ok   a-100-kib-export-name: 5:short: Normal/NormalCompleted i32 6
ok   an-eight-byte-global-initialiser-read-one-unit-short-of-a-poll: constant at offset 65535; Normal/NormalCompleted f64 6.02214076E+23 (0x44DFE185CA57C517)
ok   an-eight-byte-immediate-validated-one-unit-short-of-a-poll: constant at offset 65535; Normal/NormalCompleted i32 9
ok   a-70000-entry-element-segment-and-a-start-function: verification: Normal/NormalCompleted, 70115 bytes
ok   a-70000-entry-element-segment-and-a-start-function: instantiation: Normal/NormalCompleted
ok   a-70000-entry-element-segment-and-a-start-function: 7:started: Normal/NormalCompleted i32 7
ok   a-70000-entry-element-segment-and-a-start-function: 5:probei32:1:0: Normal/NormalCompleted i32 7
ok   a-70000-entry-element-segment-and-a-start-function: 5:probei32:5:69999: Normal/NormalCompleted i32 7
ok   a-70000-entry-element-segment-and-a-start-function: 5:probei32:5:70000: ProfileFault/ProfileFaultUnspecified trap=OutOfBoundsTableAccess/3006 expected trap=OutOfBoundsTableAccess
ok   a-6-mib-data-segment-and-a-start-function: verification: Normal/NormalCompleted, 6291568 bytes
ok   a-6-mib-data-segment-and-a-start-function: instantiation: Normal/NormalCompleted
ok   a-6-mib-data-segment-and-a-start-function: 7:started: Normal/NormalCompleted i32 252
ok   a-6-mib-data-segment-and-a-start-function: 8:readbytei32:1:0: Normal/NormalCompleted i32 3
ok   a-6-mib-data-segment-and-a-start-function: 8:readbytei32:7:6291455: Normal/NormalCompleted i32 252
# execution: 164 of 166 checks passed
# differential: 43 checks
ok   integer: the module verifies and instantiates: 600 bytes
ok   i32.add: 361 cases agreed with the oracle
ok   i32.sub: 361 cases agreed with the oracle
ok   i32.mul: 361 cases agreed with the oracle
ok   i32.div_s: 361 cases agreed with the oracle
ok   i32.div_u: 361 cases agreed with the oracle
ok   i32.rem_s: 361 cases agreed with the oracle
ok   i32.rem_u: 361 cases agreed with the oracle
ok   i32.and: 361 cases agreed with the oracle
ok   i32.or: 361 cases agreed with the oracle
ok   i32.xor: 361 cases agreed with the oracle
ok   i32.shl: 361 cases agreed with the oracle
ok   i32.shr_s: 361 cases agreed with the oracle
ok   i32.shr_u: 361 cases agreed with the oracle
ok   i32.rotl: 361 cases agreed with the oracle
ok   i32.rotr: 361 cases agreed with the oracle
ok   i32.clz: 19 cases agreed with the oracle
ok   i32.ctz: 19 cases agreed with the oracle
ok   i32.popcnt: 19 cases agreed with the oracle
ok   i32.eqz: 19 cases agreed with the oracle
ok   i64.i64add: 256 cases agreed with the oracle
ok   i64.i64mul: 256 cases agreed with the oracle
ok   i64.i64div_s: 256 cases agreed with the oracle
ok   i64.i64div_u: 256 cases agreed with the oracle
ok   i64.i64rem_s: 256 cases agreed with the oracle
ok   i64.i64rem_u: 256 cases agreed with the oracle
ok   i64.i64shl: 256 cases agreed with the oracle
ok   i64.i64shr_s: 256 cases agreed with the oracle
ok   i64.i64shr_u: 256 cases agreed with the oracle
ok   i64.i64rotl: 256 cases agreed with the oracle
ok   i64.i64rotr: 256 cases agreed with the oracle
ok   i64.i64clz: 16 cases agreed with the oracle
ok   i64.i64ctz: 16 cases agreed with the oracle
ok   i64.i64popcnt: 16 cases agreed with the oracle
ok   floating-point: the module verifies and instantiates: 268 bytes
ok   f64 binary operations against hand-derived bit patterns: 27 cases agreed with the oracle
ok   f64 unary operations against hand-derived bit patterns: 21 cases agreed with the oracle
ok   f64 operations that must produce a NaN: 8 cases agreed with the oracle
ok   algorithm: the module verifies and instantiates: 300 bytes
ok   an iterative Fibonacci against the same loop in C#: 41 cases agreed with the oracle
ok   Euclid's algorithm against the same loop in C#: 189 cases agreed with the oracle
ok   a memory write-then-read scan against the same sum in C#: 65 cases agreed with the oracle
ok   an indirect dispatch against the three functions written in C#: 20 cases agreed with the oracle
# differential: 43 of 43 checks passed
broiler-wasm-harness: 2 checks FAILED
# exit 1
$ git apply -R docs/evidence/ubc-4-004/control-retired-order.patch
# exit 0
$ dotnet build src/compositions/Broiler.VM.Composition.WebAssembly.Harness -c Release
code.dll
  Broiler.VM.Profile.WebAssembly -> <root>/src/Broiler.VM.Profile.WebAssembly/bin/Release/net10.0/Broiler.VM.Profile.WebAssembly.dll
  Broiler.VM.Composition.WebAssembly.Harness -> <root>/src/compositions/Broiler.VM.Composition.WebAssembly.Harness/bin/Release/net10.0/Broiler.VM.Composition.WebAssembly.Harness.dll

Build succeeded.
    0 Warning(s)
    0 Error(s)

Time Elapsed 00:00:02.20
# exit 0
