$ git apply docs/evidence/wa-spec-002/control-limits.patch
# exit 0
$ dotnet build src/compositions/Broiler.VM.Composition.WebAssembly.Harness -c Release
code.dll
  Broiler.VM.Profile.WebAssembly -> <root>/src/Broiler.VM.Profile.WebAssembly/bin/Release/net10.0/Broiler.VM.Profile.WebAssembly.dll
  Broiler.VM.Composition.WebAssembly.Harness -> <root>/src/compositions/Broiler.VM.Composition.WebAssembly.Harness/bin/Release/net10.0/Broiler.VM.Composition.WebAssembly.Harness.dll

Build succeeded.
    0 Warning(s)
    0 Error(s)

Time Elapsed 00:00:02.45
# exit 0
$ dotnet <root>/src/compositions/Broiler.VM.Composition.WebAssembly.Harness/bin/Release/net10.0/Broiler.VM.Composition.WebAssembly.Harness.dll --corpus src/tests/wasm/corpus
# module: 99 bytes, hand-encoded in this root
verification Normal/NormalCompleted
types                  1
functions              1
tables                 1
memories               1
globals                1
exports                2
element segments       1
data segments          1
custom sections        1 (skipped)
start function         -1
declares data count    False
total code bytes       6
execution bounds       computed by validation
  export[0]          "add" Function #0
  export[1]          "mem" Memory #0
  body[0]            0 locals, 6 code bytes
instantiation          Normal/NormalCompleted
invocation             Normal/NormalCompleted, add(2, 3) = 5

# retained corpus: 307 entries under src/tests/wasm/corpus
FAIL limits-minimum-above-maximum: expected InvalidArtifact/SemanticValidationFailed/2712/-/-, observed InvalidArtifact/InconsistentStructure/2305/-/-; invariant refuses-validation: the core answered InvalidArtifact/InconsistentStructure/2305/-/- for a module the translator admitted; class (r) is empty by construction, so this is a defect of the translator or of the family's verifier hook and not an answer
FAIL limits-memory-minimum-above-the-formats-own-maximum: expected InvalidArtifact/SemanticValidationFailed/2713/-/-, observed InvalidArtifact/InconsistentStructure/2306/-/-; invariant refuses-validation: the core answered InvalidArtifact/InconsistentStructure/2306/-/- for a module the translator admitted; class (r) is empty by construction, so this is a defect of the translator or of the family's verifier hook and not an answer
FAIL limits-memory-maximum-above-the-formats-own-maximum: expected InvalidArtifact/SemanticValidationFailed/2713/-/-, observed InvalidArtifact/InconsistentStructure/2306/-/-; invariant refuses-validation: the core answered InvalidArtifact/InconsistentStructure/2306/-/- for a module the translator admitted; class (r) is empty by construction, so this is a defect of the translator or of the family's verifier hook and not an answer
FAIL limits-table-minimum-above-maximum: expected InvalidArtifact/SemanticValidationFailed/2712/-/-, observed InvalidArtifact/InconsistentStructure/2305/-/-; invariant refuses-validation: the core answered InvalidArtifact/InconsistentStructure/2305/-/- for a module the translator admitted; class (r) is empty by construction, so this is a defect of the translator or of the family's verifier hook and not an answer
  ceiling                   5 entries     5 derived     0 recorded  invariants accepts,exhausts
  constant-expression      11 entries    11 derived     0 recorded  invariants refuses-decoding,refuses-validation
  control                   9 entries     9 derived     0 recorded  invariants accepts
  feature                   7 entries     7 derived     0 recorded  invariants refuses-decoding,refuses-validation
  inversion-sweep          99 entries     0 derived    99 recorded  invariants sound-either-way
  limits                    5 entries     5 derived     0 recorded  invariants refuses-decoding,refuses-validation
  name                     13 entries    13 derived     0 recorded  invariants accepts,refuses-decoding
  preamble                  3 entries     3 derived     0 recorded  invariants refuses-decoding
  section                  10 entries    10 derived     0 recorded  invariants refuses-decoding
  truncation-sweep         99 entries     4 derived    95 recorded  invariants accepts,refuses
  type                      4 entries     4 derived     0 recorded  invariants refuses-decoding
  validation-control       12 entries    12 derived     0 recorded  invariants refuses-validation
  validation-index          7 entries     7 derived     0 recorded  invariants refuses-validation
  validation-module        10 entries    10 derived     0 recorded  invariants refuses-decoding,refuses-validation
  validation-type           6 entries     6 derived     0 recorded  invariants accepts,refuses-validation
  varint                    7 entries     7 derived     0 recorded  invariants accepts,refuses-decoding
# retained corpus: 303 of 307 entries reproduced, 307 hashes re-computed and matched, 24 entries verify, replayed twice with no residue
# retained corpus: 279 entries answered by the translator, 28 translated and answered by the core, 4 of them refused - class (r) must be empty, and each is a FAIL above

# execution: 168 checks
# execution: 168 of 168 checks passed
# differential: 43 checks
# differential: 43 of 43 checks passed
broiler-wasm-harness: 4 checks FAILED
# exit 1
$ git apply -R docs/evidence/wa-spec-002/control-limits.patch
# exit 0
$ dotnet build src/compositions/Broiler.VM.Composition.WebAssembly.Harness -c Release
code.dll
  Broiler.VM.Profile.WebAssembly -> <root>/src/Broiler.VM.Profile.WebAssembly/bin/Release/net10.0/Broiler.VM.Profile.WebAssembly.dll
  Broiler.VM.Composition.WebAssembly.Harness -> <root>/src/compositions/Broiler.VM.Composition.WebAssembly.Harness/bin/Release/net10.0/Broiler.VM.Composition.WebAssembly.Harness.dll

Build succeeded.
    0 Warning(s)
    0 Error(s)

Time Elapsed 00:00:02.34
# exit 0
