$ python3 eng/run-differential.py --report <scratch>/retained.json
--- the-array-from-async.js
--- the-array-length-and-receiver-writes.js
--- the-array-species-and-spreading.js
--- the-async-family.js
--- the-async-module-siblings.mjs
--- the-asynchronous-iteration-family.js
--- the-bigint-arithmetic-boundary.js
--- the-bigint-literal-boundary.js
--- the-bigint-public-surface.js
--- the-bigint-typed-arrays.js
--- the-binary-species.js
--- the-comparison-engine-catalogue.js
--- the-detached-typed-array.js
--- the-direct-eval-boundary.js
--- the-direct-eval-in-a-module.mjs
--- the-disposal-stacks.js
--- the-eval-code-import-referrer.mjs
--- the-eval-declarations-in-strict-code.js
--- the-eval-declarations.js
--- the-eval-super-and-private-names.js
--- the-float16-surface.js
--- the-follow-up-built-in-fixes.js
--- the-front-end-repairs.js
--- the-general-surface.js
--- the-generic-to-json-and-array-search.js
--- the-intrinsic-to-string-fallbacks.js
--- the-iterator-helpers.js
--- the-json-date-and-regexp-surface.js
--- the-later-library-methods.js
--- the-line-terminators-in-literals.js
--- the-mapped-arguments-object.js
--- the-module-evaluation-errors.mjs
--- the-module-goal.mjs
--- the-module-identity.mjs
--- the-module-namespace-integrity.mjs
--- the-module-scoped-eval.mjs
--- the-numeric-operand-order.js
--- the-object-integrity-paths.js
--- the-parameter-environment.js
--- the-proxy-and-its-invariants.js
--- the-raw-json-values.js
--- the-recursive-built-ins.js
--- the-reference-key-and-exponent-edges.js
--- the-regexp-escape.js
--- the-regexp-guards-in-string-search.js
--- the-regexp-protocols.js
--- the-regexp-symbol-methods.js
--- the-resizable-array-buffer.js
--- the-script-declarations.js
--- the-seam-between-generators-and-the-rest.js
--- the-settling-of-promises.js
--- the-small-correctness-gaps.js
--- the-statement-and-object-surface.js
--- the-string-normalization.js
--- the-symbol-keyed-integrity.js
--- the-unicode-lexical-grammar.js
--- the-unicode-normalization-invariants-000000.js
--- the-unicode-normalization-invariants-020000.js
--- the-unicode-normalization-invariants-040000.js
--- the-unicode-normalization-invariants-060000.js
--- the-unicode-normalization-invariants-080000.js
--- the-unicode-normalization-invariants-0A0000.js
--- the-unicode-normalization-invariants-0C0000.js
--- the-unicode-normalization-invariants-0E0000.js
--- the-unicode-normalization-invariants-100000.js
--- the-unicode-normalization-part0.js
--- the-unicode-normalization-part1-1-of-4.js
--- the-unicode-normalization-part1-2-of-4.js
--- the-unicode-normalization-part1-3-of-4.js
--- the-unicode-normalization-part1-4-of-4.js
--- the-unicode-normalization-part2.js
--- the-unicode-normalization-part3.js
--- the-unicode-normalization-part4.js
--- the-unicode-normalization-part5.js
--- the-unicode-property-escapes.js
--- the-unwinding-through-finally.js
--- the-using-declarations-in-a-module.mjs
--- the-using-declarations.js
--- the-with-statement.js
Report: <scratch>/retained.json
# exit 0
